Component: ARM Compiler 5.06 update 6 (build 750) Tool: armlink [4d35ed]

==============================================================================

Section Cross References

    startup_stm32l476xx.o(RESET) refers to startup_stm32l476xx.o(STACK) for __initial_sp
    startup_stm32l476xx.o(RESET) refers to startup_stm32l476xx.o(.text) for Reset_Handler
    startup_stm32l476xx.o(RESET) refers to stm32l4xx_it.o(i.NMI_Handler) for NMI_Handler
    startup_stm32l476xx.o(RESET) refers to stm32l4xx_it.o(i.HardFault_Handler) for HardFault_Handler
    startup_stm32l476xx.o(RESET) refers to stm32l4xx_it.o(i.MemManage_Handler) for MemManage_Handler
    startup_stm32l476xx.o(RESET) refers to stm32l4xx_it.o(i.BusFault_Handler) for BusFault_Handler
    startup_stm32l476xx.o(RESET) refers to stm32l4xx_it.o(i.UsageFault_Handler) for UsageFault_Handler
    startup_stm32l476xx.o(RESET) refers to stm32l4xx_it.o(i.SVC_Handler) for SVC_Handler
    startup_stm32l476xx.o(RESET) refers to stm32l4xx_it.o(i.DebugMon_Handler) for DebugMon_Handler
    startup_stm32l476xx.o(RESET) refers to stm32l4xx_it.o(i.PendSV_Handler) for PendSV_Handler
    startup_stm32l476xx.o(RESET) refers to stm32l4xx_it.o(i.SysTick_Handler) for SysTick_Handler
    startup_stm32l476xx.o(RESET) refers to stm32l4xx_it.o(i.EXTI0_IRQHandler) for EXTI0_IRQHandler
    startup_stm32l476xx.o(RESET) refers to stm32l4xx_it.o(i.TIM2_IRQHandler) for TIM2_IRQHandler
    startup_stm32l476xx.o(RESET) refers to stm32l4xx_it.o(i.TIM4_IRQHandler) for TIM4_IRQHandler
    startup_stm32l476xx.o(RESET) refers to stm32l4xx_it.o(i.USART1_IRQHandler) for USART1_IRQHandler
    startup_stm32l476xx.o(RESET) refers to stm32l4xx_it.o(i.USART2_IRQHandler) for USART2_IRQHandler
    startup_stm32l476xx.o(RESET) refers to stm32l4xx_it.o(i.USART3_IRQHandler) for USART3_IRQHandler
    startup_stm32l476xx.o(RESET) refers to stm32l4xx_it.o(i.UART4_IRQHandler) for UART4_IRQHandler
    startup_stm32l476xx.o(.text) refers to system_stm32l4xx.o(i.SystemInit) for SystemInit
    startup_stm32l476xx.o(.text) refers to entry.o(.ARM.Collect$$$$00000000) for __main
    command.o(i._Z16SetPTPJumpParamsP16tagPTPJumpParamsbPy) refers to memseta.o(.text) for __aeabi_memclr4
    command.o(i._Z16SetPTPJumpParamsP16tagPTPJumpParamsbPy) refers to memcpya.o(.text) for __aeabi_memcpy
    command.o(i._Z16SetPTPJumpParamsP16tagPTPJumpParamsbPy) refers to message.o(i.MessageWrite) for MessageWrite
    command.o(i._Z16SetPTPJumpParamsP16tagPTPJumpParamsbPy) refers to protocol.o(.bss) for gUART4ProtocolHandler
    command.o(i._Z17SetJOGJointParamsP17tagJOGJointParamsbPy) refers to memseta.o(.text) for __aeabi_memclr4
    command.o(i._Z17SetJOGJointParamsP17tagJOGJointParamsbPy) refers to memcpya.o(.text) for __aeabi_memcpy
    command.o(i._Z17SetJOGJointParamsP17tagJOGJointParamsbPy) refers to message.o(i.MessageWrite) for MessageWrite
    command.o(i._Z17SetJOGJointParamsP17tagJOGJointParamsbPy) refers to protocol.o(.bss) for gUART4ProtocolHandler
    command.o(i._Z17SetPTPJointParamsP17tagPTPJointParamsbPy) refers to memseta.o(.text) for __aeabi_memclr4
    command.o(i._Z17SetPTPJointParamsP17tagPTPJointParamsbPy) refers to memcpya.o(.text) for __aeabi_memcpy
    command.o(i._Z17SetPTPJointParamsP17tagPTPJointParamsbPy) refers to message.o(i.MessageWrite) for MessageWrite
    command.o(i._Z17SetPTPJointParamsP17tagPTPJointParamsbPy) refers to protocol.o(.bss) for gUART4ProtocolHandler
    command.o(i._Z18SetJOGCommonParamsP18tagJOGCommonParamsbPy) refers to memseta.o(.text) for __aeabi_memclr4
    command.o(i._Z18SetJOGCommonParamsP18tagJOGCommonParamsbPy) refers to memcpya.o(.text) for __aeabi_memcpy
    command.o(i._Z18SetJOGCommonParamsP18tagJOGCommonParamsbPy) refers to message.o(i.MessageWrite) for MessageWrite
    command.o(i._Z18SetJOGCommonParamsP18tagJOGCommonParamsbPy) refers to protocol.o(.bss) for gUART4ProtocolHandler
    command.o(i._Z18SetPTPCommonParamsP18tagPTPCommonParamsbPy) refers to memseta.o(.text) for __aeabi_memclr4
    command.o(i._Z18SetPTPCommonParamsP18tagPTPCommonParamsbPy) refers to memcpya.o(.text) for __aeabi_memcpy
    command.o(i._Z18SetPTPCommonParamsP18tagPTPCommonParamsbPy) refers to message.o(i.MessageWrite) for MessageWrite
    command.o(i._Z18SetPTPCommonParamsP18tagPTPCommonParamsbPy) refers to protocol.o(.bss) for gUART4ProtocolHandler
    command.o(i._Z19SetEndEffectorLaserbbPy) refers to memseta.o(.text) for __aeabi_memclr4
    command.o(i._Z19SetEndEffectorLaserbbPy) refers to message.o(i.MessageWrite) for MessageWrite
    command.o(i._Z19SetEndEffectorLaserbbPy) refers to protocol.o(.bss) for gUART4ProtocolHandler
    command.o(i._Z20SetEndEffectorParamsP20tagEndEffectorParamsbPy) refers to memseta.o(.text) for __aeabi_memclr4
    command.o(i._Z20SetEndEffectorParamsP20tagEndEffectorParamsbPy) refers to memcpya.o(.text) for __aeabi_memcpy
    command.o(i._Z20SetEndEffectorParamsP20tagEndEffectorParamsbPy) refers to message.o(i.MessageWrite) for MessageWrite
[...]
    _printf_widthprec                        0x00000000   Number         0  stubs.o ABSOLUTE
    _printf_x                                0x00000000   Number         0  stubs.o ABSOLUTE
    __ARM::default_unexpected_handler()       - Undefined Weak Reference
    __ARM_exceptions_buffer_required          - Undefined Weak Reference
    __cpp_initialize__aeabi_                  - Undefined Weak Reference
    __cxa_finalize                            - Undefined Weak Reference
    _clock_init                               - Undefined Weak Reference
    _microlib_exit                            - Undefined Weak Reference
    __Vectors_Size                           0x00000188   Number         0  startup_stm32l476xx.o ABSOLUTE
    __Vectors                                0x08000000   Data           4  startup_stm32l476xx.o(RESET)
    __Vectors_End                            0x08000188   Data           0  startup_stm32l476xx.o(RESET)
    __main                                   0x08000189   Thumb Code     0  entry.o(.ARM.Collect$$$$00000000)
    _main_stk                                0x08000189   Thumb Code     0  entry2.o(.ARM.Collect$$$$00000001)
    _main_scatterload                        0x0800018d   Thumb Code     0  entry5.o(.ARM.Collect$$$$00000004)
    __main_after_scatterload                 0x08000191   Thumb Code     0  entry5.o(.ARM.Collect$$$$00000004)
    _main_clock                              0x08000191   Thumb Code     0  entry7b.o(.ARM.Collect$$$$00000008)
    _main_cpp_init                           0x08000191   Thumb Code     0  entry8b.o(.ARM.Collect$$$$0000000A)
    _main_init                               0x08000191   Thumb Code     0  entry9a.o(.ARM.Collect$$$$0000000B)
    __rt_final_cpp                           0x08000199   Thumb Code     0  entry10a.o(.ARM.Collect$$$$0000000D)
    __rt_final_exit                          0x08000199   Thumb Code     0  entry11a.o(.ARM.Collect$$$$0000000F)
    Reset_Handler                            0x0800019d   Thumb Code     8  startup_stm32l476xx.o(.text)
    ADC1_2_IRQHandler                        0x080001b7   Thumb Code     0  startup_stm32l476xx.o(.text)
    ADC3_IRQHandler                          0x080001b7   Thumb Code     0  startup_stm32l476xx.o(.text)
    CAN1_RX0_IRQHandler                      0x080001b7   Thumb Code     0  startup_stm32l476xx.o(.text)
    CAN1_RX1_IRQHandler                      0x080001b7   Thumb Code     0  startup_stm32l476xx.o(.text)
    CAN1_SCE_IRQHandler                      0x080001b7   Thumb Code     0  startup_stm32l476xx.o(.text)
    CAN1_TX_IRQHandler                       0x080001b7   Thumb Code     0  startup_stm32l476xx.o(.text)
    COMP_IRQHandler                          0x080001b7   Thumb Code     0  startup_stm32l476xx.o(.text)
    DFSDM1_FLT0_IRQHandler                   0x080001b7   Thumb Code     0  startup_stm32l476xx.o(.text)
    DFSDM1_FLT1_IRQHandler                   0x080001b7   Thumb Code     0  startup_stm32l476xx.o(.text)
    DFSDM1_FLT2_IRQHandler                   0x080001b7   Thumb Code     0  startup_stm32l476xx.o(.text)
    DFSDM1_FLT3_IRQHandler                   0x080001b7   Thumb Code     0  startup_stm32l476xx.o(.text)
    DMA1_Channel1_IRQHandler                 0x080001b7   Thumb Code     0  startup_stm32l476xx.o(.text)
    DMA1_Channel2_IRQHandler                 0x080001b7   Thumb Code     0  startup_stm32l476xx.o(.text)
    DMA1_Channel3_IRQHandler                 0x080001b7   Thumb Code     0  startup_stm32l476xx.o(.text)
    DMA1_Channel4_IRQHandler                 0x080001b7   Thumb Code     0  startup_stm32l476xx.o(.text)
    DMA1_Channel5_IRQHandler                 0x080001b7   Thumb Code     0  startup_stm32l476xx.o(.text)
    DMA1_Channel6_IRQHandler                 0x080001b7   Thumb Code     0  startup_stm32l476xx.o(.text)
    DMA1_Channel7_IRQHandler                 0x080001b7   Thumb Code     0  startup_stm32l476xx.o(.text)
    DMA2_Channel1_IRQHandler                 0x080001b7   Thumb Code     0  startup_stm32l476xx.o(.text)
    DMA2_Channel2_IRQHandler                 0x080001b7   Thumb Code     0  startup_stm32l476xx.o(.text)
    DMA2_Channel3_IRQHandler                 0x080001b7   Thumb Code     0  startup_stm32l476xx.o(.text)
    DMA2_Channel4_IRQHandler                 0x080001b7   Thumb Code     0  startup_stm32l476xx.o(.text)
    DMA2_Channel5_IRQHandler                 0x080001b7   Thumb Code     0  startup_stm32l476xx.o(.text)
    DMA2_Channel6_IRQHandler                 0x080001b7   Thumb Code     0  startup_stm32l476xx.o(.text)
    DMA2_Channel7_IRQHandler                 0x080001b7   Thumb Code     0  startup_stm32l476xx.o(.text)
    EXTI15_10_IRQHandler                     0x080001b7   Thumb Code     0  startup_stm32l476xx.o(.text)
    EXTI1_IRQHandler                         0x080001b7   Thumb Code     0  startup_stm32l476xx.o(.text)
    EXTI2_IRQHandler                         0x080001b7   Thumb Code     0  startup_stm32l476xx.o(.text)
    EXTI3_IRQHandler                         0x080001b7   Thumb Code     0  startup_stm32l476xx.o(.text)
    EXTI4_IRQHandler                         0x080001b7   Thumb Code     0  startup_stm32l476xx.o(.text)
    EXTI9_5_IRQHandler                       0x080001b7   Thumb Code     0  startup_stm32l476xx.o(.text)
    FLASH_IRQHandler                         0x080001b7   Thumb Code     0  startup_stm32l476xx.o(.text)
    FMC_IRQHandler                           0x080001b7   Thumb Code     0  startup_stm32l476xx.o(.text)
    FPU_IRQHandler                           0x080001b7   Thumb Code     0  startup_stm32l476xx.o(.text)
    I2C1_ER_IRQHandler                       0x080001b7   Thumb Code     0  startup_stm32l476xx.o(.text)
    I2C1_EV_IRQHandler                       0x080001b7   Thumb Code     0  startup_stm32l476xx.o(.text)
    I2C2_ER_IRQHandler                       0x080001b7   Thumb Code     0  startup_stm32l476xx.o(.text)
    I2C2_EV_IRQHandler                       0x080001b7   Thumb Code     0  startup_stm32l476xx.o(.text)
    I2C3_ER_IRQHandler                       0x080001b7   Thumb Code     0  startup_stm32l476xx.o(.text)
    I2C3_EV_IRQHandler                       0x080001b7   Thumb Code     0  startup_stm32l476xx.o(.text)
    LCD_IRQHandler                           0x080001b7   Thumb Code     0  startup_stm32l476xx.o(.text)
    LPTIM1_IRQHandler                        0x080001b7   Thumb Code     0  startup_stm32l476xx.o(.text)
    LPTIM2_IRQHandler                        0x080001b7   Thumb Code     0  startup_stm32l476xx.o(.text)
    LPUART1_IRQHandler                       0x080001b7   Thumb Code     0  startup_stm32l476xx.o(.text)
    OTG_FS_IRQHandler                        0x080001b7   Thumb Code     0  startup_stm32l476xx.o(.text)
    PVD_PVM_IRQHandler                       0x080001b7   Thumb Code     0  startup_stm32l476xx.o(.text)
    QUADSPI_IRQHandler                       0x080001b7   Thumb Code     0  startup_stm32l476xx.o(.text)
    RCC_IRQHandler                           0x080001b7   Thumb Code     0  startup_stm32l476xx.o(.text)
    RNG_IRQHandler                           0x080001b7   Thumb Code     0  startup_stm32l476xx.o(.text)
    RTC_Alarm_IRQHandler                     0x080001b7   Thumb Code     0  startup_stm32l476xx.o(.text)
    RTC_WKUP_IRQHandler                      0x080001b7   Thumb Code     0  startup_stm32l476xx.o(.text)
    SAI1_IRQHandler                          0x080001b7   Thumb Code     0  startup_stm32l476xx.o(.text)
    SAI2_IRQHandler                          0x080001b7   Thumb Code     0  startup_stm32l476xx.o(.text)
    SDMMC1_IRQHandler                        0x080001b7   Thumb Code     0  startup_stm32l476xx.o(.text)
    SPI1_IRQHandler                          0x080001b7   Thumb Code     0  startup_stm32l476xx.o(.text)
    SPI2_IRQHandler                          0x080001b7   Thumb Code     0  startup_stm32l476xx.o(.text)
    SPI3_IRQHandler                          0x080001b7   Thumb Code     0  startup_stm32l476xx.o(.text)
    SWPMI1_IRQHandler                        0x080001b7   Thumb Code     0  startup_stm32l476xx.o(.text)
    TAMP_STAMP_IRQHandler                    0x080001b7   Thumb Code     0  startup_stm32l476xx.o(.text)
    TIM1_BRK_TIM15_IRQHandler                0x080001b7   Thumb Code     0  startup_stm32l476xx.o(.text)
    TIM1_CC_IRQHandler                       0x080001b7   Thumb Code     0  startup_stm32l476xx.o(.text)
    TIM1_TRG_COM_TIM17_IRQHandler            0x080001b7   Thumb Code     0  startup_stm32l476xx.o(.text)
    TIM1_UP_TIM16_IRQHandler                 0x080001b7   Thumb Code     0  startup_stm32l476xx.o(.text)
    TIM3_IRQHandler                          0x080001b7   Thumb Code     0  startup_stm32l476xx.o(.text)
    TIM5_IRQHandler                          0x080001b7   Thumb Code     0  startup_stm32l476xx.o(.text)
    TIM6_DAC_IRQHandler                      0x080001b7   Thumb Code     0  startup_stm32l476xx.o(.text)
    TIM7_IRQHandler                          0x080001b7   Thumb Code     0  startup_stm32l476xx.o(.text)
    TIM8_BRK_IRQHandler                      0x080001b7   Thumb Code     0  startup_stm32l476xx.o(.text)
    TIM8_CC_IRQHandler                       0x080001b7   Thumb Code     0  startup_stm32l476xx.o(.text)
    TIM8_TRG_COM_IRQHandler                  0x080001b7   Thumb Code     0  startup_stm32l476xx.o(.text)
    TIM8_UP_IRQHandler                       0x080001b7   Thumb Code     0  startup_stm32l476xx.o(.text)
    TSC_IRQHandler                           0x080001b7   Thumb Code     0  startup_stm32l476xx.o(.text)
    UART5_IRQHandler                         0x080001b7   Thumb Code     0  startup_stm32l476xx.o(.text)
    WWDG_IRQHandler                          0x080001b7   Thumb Code     0  startup_stm32l476xx.o(.text)
    __aeabi_uldivmod                         0x080001c1   Thumb Code    98  uldiv.o(.text)
    __aeabi_memcpy                           0x08000229   Thumb Code    36  memcpya.o(.text)
    __aeabi_memcpy4                          0x08000229   Thumb Code     0  memcpya.o(.text)
    __aeabi_memcpy8                          0x08000229   Thumb Code     0  memcpya.o(.text)
    __aeabi_memset                           0x0800024d   Thumb Code    14  memseta.o(.text)
    __aeabi_memset4                          0x0800024d   Thumb Code     0  memseta.o(.text)
    __aeabi_memset8                          0x0800024d   Thumb Code     0  memseta.o(.text)
    __aeabi_memclr                           0x0800025b   Thumb Code     4  memseta.o(.text)
    __aeabi_memclr4                          0x0800025b   Thumb Code     0  memseta.o(.text)
    __aeabi_memclr8                          0x0800025b   Thumb Code     0  memseta.o(.text)
    memset                                   0x0800025f   Thumb Code    18  memseta.o(.text)
    strcat                                   0x08000271   Thumb Code    24  strcat.o(.text)
    strstr                                   0x08000289   Thumb Code    36  strstr.o(.text)
    strchr                                   0x080002ad   Thumb Code    20  strchr.o(.text)
    strlen                                   0x080002c1   Thumb Code    14  strlen.o(.text)
    strcmp                                   0x080002cf   Thumb Code    28  strcmp.o(.text)
    strcpy                                   0x080002eb   Thumb Code    18  strcpy.o(.text)
    calloc                                   0x080002fd   Thumb Code    28  calloc.o(.text)
    __aeabi_llsl                             0x08000319   Thumb Code    30  llshl.o(.text)
    _ll_shift_l                              0x08000319   Thumb Code     0  llshl.o(.text)
    __aeabi_llsr                             0x08000337   Thumb Code    32  llushr.o(.text)
    _ll_ushift_r                             0x08000337   Thumb Code     0  llushr.o(.text)
    __scatterload                            0x08000359   Thumb Code    28  init.o(.text)
    __scatterload_rt2                        0x08000359   Thumb Code     0  init.o(.text)
    __decompress                             0x0800037d   Thumb Code     0  __dczerorl2.o(.text)
    __decompress1                            0x0800037d   Thumb Code    86  __dczerorl2.o(.text)
    Ali_connect                              0x080003d5   Thumb Code  1618  emw3080.o(i.Ali_connect)
    BusFault_Handler                         0x08000bbd   Thumb Code     2  stm32l4xx_it.o(i.BusFault_Handler)
    DebugMon_Handler                         0x08000bbf   Thumb Code     2  stm32l4xx_it.o(i.DebugMon_Handler)
    EXTI0_IRQHandler                         0x08000bc1   Thumb Code     6  stm32l4xx_it.o(i.EXTI0_IRQHandler)
    Error_Handler                            0x08000bc7   Thumb Code     2  main.o(i.Error_Handler)
    HAL_DMA_Abort_IT                         0x08000bc9   Thumb Code    78  stm32l4xx_hal_dma.o(i.HAL_DMA_Abort_IT)
    HAL_Delay                                0x08000c19   Thumb Code    32  stm32l4xx_hal.o(i.HAL_Delay)
    HAL_GPIO_EXTI_Callback                   0x08000c3d   Thumb Code    12  main.o(i.HAL_GPIO_EXTI_Callback)
    HAL_GPIO_EXTI_IRQHandler                 0x08000c4d   Thumb Code    18  stm32l4xx_hal_gpio.o(i.HAL_GPIO_EXTI_IRQHandler)
    HAL_GPIO_Init                            0x08000c65   Thumb Code   414  stm32l4xx_hal_gpio.o(i.HAL_GPIO_Init)
    HAL_GPIO_WritePin                        0x08000e2f   Thumb Code    10  stm32l4xx_hal_gpio.o(i.HAL_GPIO_WritePin)
    HAL_GetTick                              0x08000e39   Thumb Code     6  stm32l4xx_hal.o(i.HAL_GetTick)
    HAL_IncTick                              0x08000e45   Thumb Code    12  stm32l4xx_hal.o(i.HAL_IncTick)
    HAL_Init                                 0x08000e55   Thumb Code    30  stm32l4xx_hal.o(i.HAL_Init)
    HAL_InitTick                             0x08000e75   Thumb Code    58  stm32l4xx_hal.o(i.HAL_InitTick)
    HAL_MspInit                              0x08000eb9   Thumb Code    38  stm32l4xx_hal_msp.o(i.HAL_MspInit)
    HAL_NVIC_EnableIRQ                       0x08000ee5   Thumb Code    26  stm32l4xx_hal_cortex.o(i.HAL_NVIC_EnableIRQ)
    HAL_NVIC_SetPriority                     0x08000f01   Thumb Code    60  stm32l4xx_hal_cortex.o(i.HAL_NVIC_SetPriority)
    HAL_NVIC_SetPriorityGrouping             0x08000f41   Thumb Code    26  stm32l4xx_hal_cortex.o(i.HAL_NVIC_SetPriorityGrouping)
    HAL_PWREx_ControlVoltageScaling          0x08000f65   Thumb Code    90  stm32l4xx_hal_pwr_ex.o(i.HAL_PWREx_ControlVoltageScaling)
    HAL_PWREx_GetVoltageRange                0x08000fcd   Thumb Code    10  stm32l4xx_hal_pwr_ex.o(i.HAL_PWREx_GetVoltageRange)
    HAL_RCCEx_PeriphCLKConfig                0x08000fdd   Thumb Code   928  stm32l4xx_hal_rcc_ex.o(i.HAL_RCCEx_PeriphCLKConfig)
    HAL_RCC_ClockConfig                      0x0800138d   Thumb Code   266  stm32l4xx_hal_rcc.o(i.HAL_RCC_ClockConfig)
    HAL_RCC_GetPCLK1Freq                     0x080014ad   Thumb Code    24  stm32l4xx_hal_rcc.o(i.HAL_RCC_GetPCLK1Freq)
    HAL_RCC_GetPCLK2Freq                     0x080014d1   Thumb Code    24  stm32l4xx_hal_rcc.o(i.HAL_RCC_GetPCLK2Freq)
    HAL_RCC_GetSysClockFreq                  0x080014f5   Thumb Code   150  stm32l4xx_hal_rcc.o(i.HAL_RCC_GetSysClockFreq)
    HAL_RCC_OscConfig                        0x08001599   Thumb Code  1242  stm32l4xx_hal_rcc.o(i.HAL_RCC_OscConfig)
    HAL_SYSTICK_Config                       0x08001a79   Thumb Code    40  stm32l4xx_hal_cortex.o(i.HAL_SYSTICK_Config)
    HAL_TIMEx_Break2Callback                 0x08001aa1   Thumb Code     2  stm32l4xx_hal_tim_ex.o(i.HAL_TIMEx_Break2Callback)
    HAL_TIMEx_BreakCallback                  0x08001aa3   Thumb Code     2  stm32l4xx_hal_tim_ex.o(i.HAL_TIMEx_BreakCallback)
    HAL_TIMEx_CommutCallback                 0x08001aa5   Thumb Code     2  stm32l4xx_hal_tim_ex.o(i.HAL_TIMEx_CommutCallback)
    HAL_TIMEx_MasterConfigSynchronization    0x08001aa9   Thumb Code    88  stm32l4xx_hal_tim_ex.o(i.HAL_TIMEx_MasterConfigSynchronization)
    HAL_TIM_Base_Init                        0x08001b09   Thumb Code    54  stm32l4xx_hal_tim.o(i.HAL_TIM_Base_Init)
    HAL_TIM_Base_MspInit                     0x08001b41   Thumb Code    86  tim.o(i.HAL_TIM_Base_MspInit)
    HAL_TIM_Base_Start_IT                    0x08001ba1   Thumb Code    40  stm32l4xx_hal_tim.o(i.HAL_TIM_Base_Start_IT)
    HAL_TIM_ConfigClockSource                0x08001bcd   Thumb Code   214  stm32l4xx_hal_tim.o(i.HAL_TIM_ConfigClockSource)
    HAL_TIM_IC_CaptureCallback               0x08001ca9   Thumb Code     2  stm32l4xx_hal_tim.o(i.HAL_TIM_IC_CaptureCallback)
    HAL_TIM_IRQHandler                       0x08001cab   Thumb Code   388  stm32l4xx_hal_tim.o(i.HAL_TIM_IRQHandler)
    HAL_TIM_MspPostInit                      0x08001e31   Thumb Code    68  tim.o(i.HAL_TIM_MspPostInit)
    HAL_TIM_OC_DelayElapsedCallback          0x08001e81   Thumb Code     2  stm32l4xx_hal_tim.o(i.HAL_TIM_OC_DelayElapsedCallback)
    HAL_TIM_PWM_ConfigChannel                0x08001e83   Thumb Code   296  stm32l4xx_hal_tim.o(i.HAL_TIM_PWM_ConfigChannel)
    HAL_TIM_PWM_Init                         0x08001fab   Thumb Code    54  stm32l4xx_hal_tim.o(i.HAL_TIM_PWM_Init)
    HAL_TIM_PWM_MspInit                      0x08001fe1   Thumb Code    30  tim.o(i.HAL_TIM_PWM_MspInit)
    HAL_TIM_PWM_PulseFinishedCallback        0x08002009   Thumb Code     2  stm32l4xx_hal_tim.o(i.HAL_TIM_PWM_PulseFinishedCallback)
    HAL_TIM_PWM_Start                        0x0800200d   Thumb Code    82  stm32l4xx_hal_tim.o(i.HAL_TIM_PWM_Start)
    HAL_TIM_PeriodElapsedCallback            0x08002079   Thumb Code   368  main.o(i.HAL_TIM_PeriodElapsedCallback)
    HAL_TIM_TriggerCallback                  0x08002295   Thumb Code     2  stm32l4xx_hal_tim.o(i.HAL_TIM_TriggerCallback)
    HAL_UARTEx_WakeupCallback                0x08002297   Thumb Code     2  stm32l4xx_hal_uart_ex.o(i.HAL_UARTEx_WakeupCallback)
    HAL_UART_ErrorCallback                   0x08002299   Thumb Code     2  stm32l4xx_hal_uart.o(i.HAL_UART_ErrorCallback)
    HAL_UART_IRQHandler                      0x0800229d   Thumb Code   318  stm32l4xx_hal_uart.o(i.HAL_UART_IRQHandler)
    HAL_UART_Init                            0x080023e1   Thumb Code   102  stm32l4xx_hal_uart.o(i.HAL_UART_Init)
    HAL_UART_MspInit                         0x08002449   Thumb Code   330  usart.o(i.HAL_UART_MspInit)
    HAL_UART_Receive_IT                      0x080025ad   Thumb Code   164  stm32l4xx_hal_uart.o(i.HAL_UART_Receive_IT)
    HAL_UART_RxCpltCallback                  0x08002659   Thumb Code   216  usart.o(i.HAL_UART_RxCpltCallback)
    HAL_UART_Transmit                        0x08002751   Thumb Code   180  stm32l4xx_hal_uart.o(i.HAL_UART_Transmit)
    HAL_UART_Transmit_IT                     0x08002805   Thumb Code    92  stm32l4xx_hal_uart.o(i.HAL_UART_Transmit_IT)
    HAL_UART_TxCpltCallback                  0x08002869   Thumb Code    70  usart.o(i.HAL_UART_TxCpltCallback)
    HardFault_Handler                        0x080028c5   Thumb Code     2  stm32l4xx_it.o(i.HardFault_Handler)
    MX_GPIO_Init                             0x080028c9   Thumb Code   246  gpio.o(i.MX_GPIO_Init)
    MX_TIM3_Init                             0x080029d1   Thumb Code   110  tim.o(i.MX_TIM3_Init)
    MX_TIM4_Init                             0x08002a49   Thumb Code    98  tim.o(i.MX_TIM4_Init)
    MX_UART4_Init                            0x08002ab5   Thumb Code    52  usart.o(i.MX_UART4_Init)
    MX_USART1_UART_Init                      0x08002af1   Thumb Code    52  usart.o(i.MX_USART1_UART_Init)
    MX_USART2_UART_Init                      0x08002b2d   Thumb Code    52  usart.o(i.MX_USART2_UART_Init)
    MX_USART3_UART_Init                      0x08002b69   Thumb Code    52  usart.o(i.MX_USART3_UART_Init)
    Mbedtls_SHA1_HMAC_Compute                0x08002ba5   Thumb Code   102  hmac_sha1.o(i.Mbedtls_SHA1_HMAC_Compute)
    MemManage_Handler                        0x08002c11   Thumb Code     2  stm32l4xx_it.o(i.MemManage_Handler)
    MessageProcess                           0x08002c13   Thumb Code     4  message.o(i.MessageProcess)
    MessageRead                              0x08002c17   Thumb Code    72  message.o(i.MessageRead)
    MessageWrite                             0x08002c5f   Thumb Code    76  message.o(i.MessageWrite)
    NMI_Handler                              0x08002cab   Thumb Code     2  stm32l4xx_it.o(i.NMI_Handler)
    PendSV_Handler                           0x08002cad   Thumb Code     2  stm32l4xx_it.o(i.PendSV_Handler)
    ProtocolInit                             0x08002cb1   Thumb Code    62  protocol.o(i.ProtocolInit)
    ProtocolProcess                          0x08002d05   Thumb Code    36  protocol.o(i.ProtocolProcess)
    RingBufferDataAt                         0x08002fe1   Thumb Code    26  packet.o(i.RingBufferDataAt)
    RingBufferDequeue                        0x08002ffb   Thumb Code    94  ringbuffer.o(i.RingBufferDequeue)
    RingBufferEnqueue                        0x08003059   Thumb Code    94  ringbuffer.o(i.RingBufferEnqueue)
    RingBufferInit                           0x080030b7   Thumb Code    38  ringbuffer.o(i.RingBufferInit)
    SVC_Handler                              0x080030dd   Thumb Code     2  stm32l4xx_it.o(i.SVC_Handler)
    SysTick_Handler                          0x080030df   Thumb Code     4  stm32l4xx_it.o(i.SysTick_Handler)
    SystemInit                               0x080030e5   Thumb Code    56  system_stm32l4xx.o(i.SystemInit)
    TIM2_IRQHandler                          0x08003129   Thumb Code     6  stm32l4xx_it.o(i.TIM2_IRQHandler)
    TIM4_IRQHandler                          0x08003135   Thumb Code     6  stm32l4xx_it.o(i.TIM4_IRQHandler)
    TIM_Base_SetConfig                       0x08003141   Thumb Code   160  stm32l4xx_hal_tim.o(i.TIM_Base_SetConfig)
    TIM_CCxChannelCmd                        0x08003201   Thumb Code    26  stm32l4xx_hal_tim.o(i.TIM_CCxChannelCmd)
    TIM_ETR_SetConfig                        0x0800321b   Thumb Code    20  stm32l4xx_hal_tim.o(i.TIM_ETR_SetConfig)
    TIM_OC2_SetConfig                        0x080032dd   Thumb Code   120  stm32l4xx_hal_tim.o(i.TIM_OC2_SetConfig)
    UART4_IRQHandler                         0x08003599   Thumb Code     6  stm32l4xx_it.o(i.UART4_IRQHandler)
    UART_AdvFeatureConfig                    0x080035a5   Thumb Code   200  stm32l4xx_hal_uart.o(i.UART_AdvFeatureConfig)
    UART_CheckIdleState                      0x0800366d   Thumb Code    88  stm32l4xx_hal_uart.o(i.UART_CheckIdleState)
    UART_SetConfig                           0x080037ad   Thumb Code   622  stm32l4xx_hal_uart.o(i.UART_SetConfig)
    UART_WaitOnFlagUntilTimeout              0x08003ac9   Thumb Code    96  stm32l4xx_hal_uart.o(i.UART_WaitOnFlagUntilTimeout)
    USART1_IRQHandler                        0x08003b29   Thumb Code     6  stm32l4xx_it.o(i.USART1_IRQHandler)
    USART2_IRQHandler                        0x08003b35   Thumb Code     6  stm32l4xx_it.o(i.USART2_IRQHandler)
    USART3_IRQHandler                        0x08003b41   Thumb Code     6  stm32l4xx_it.o(i.USART3_IRQHandler)
    UsageFault_Handler                       0x08003b4d   Thumb Code     2  stm32l4xx_it.o(i.UsageFault_Handler)
    dobot_init()                             0x08003b51   Thumb Code   136  dobot.o(i._Z10dobot_initv)
    json_status(int, int, int, int, int, int, int, int) 0x08003bfd   Thumb Code   414  main.o(i._Z11json_statusiiiiiiii)
    PacketProcess(tagProtocolHandler*)       0x08003e51   Thumb Code    18  packet.o(i._Z13PacketProcessP18tagProtocolHandler)
    service_reply()                          0x08003e65   Thumb Code   340  main.o(i._Z13service_replyv)
    camera_request(int)                      0x08004081   Thumb Code   126  main.o(i._Z14camera_requesti)
    SetPTPCommonParams(tagPTPCommonParams*, bool, unsigned long long*) 0x080042b9   Thumb Code    60  command.o(i._Z18SetPTPCommonParamsP18tagPTPCommonParamsbPy)
    SystemClock_Config()                     0x080042f9   Thumb Code   114  main.o(i._Z18SystemClock_Configv)
    CtrEndEffectorGripper(bool, bool, bool, unsigned long long*) 0x0800436d   Thumb Code    62  command.o(i._Z21CtrEndEffectorGripperbbbPy)
    SetPTPCoordinateParams(tagPTPCoordinateParams*, bool, unsigned long long*) 0x080043b1   Thumb Code    60  command.o(i._Z22SetPTPCoordinateParamsP22tagPTPCoordinateParamsbPy)
    grip_GS(int)                             0x080043f1   Thumb Code   370  dobot.o(i._Z7grip_GSi)
    grip_RS(int)                             0x080045d1   Thumb Code   398  dobot.o(i._Z7grip_RSi)
    initial()                                0x080047cd   Thumb Code   128  main.o(i._Z7initialv)
    SetPTPCmd(tagPTPCmd*, bool, unsigned long long*) 0x080048a1   Thumb Code    60  command.o(i._Z9SetPTPCmdP9tagPTPCmdbPy)
    ArduinoJson::JsonBuffer::createObject()  0x080048e1   Thumb Code    30  main.o(i._ZN11ArduinoJson10JsonBuffer12createObjectEv)
    ArduinoJson::JsonObject::invalid()       0x08004901   Thumb Code    36  main.o(i._ZN11ArduinoJson10JsonObject7invalidEv)
    ArduinoJson::JsonVariant::JsonVariant(const ArduinoJson::JsonObject&) 0x0800492d   Thumb Code    18  main.o(i._ZN11ArduinoJson11JsonVariantC1ERKNS_10JsonObjectE)
    ArduinoJson::JsonVariant::JsonVariant__sub_object(const ArduinoJson::JsonObject&) 0x0800492d   Thumb Code     0  main.o(i._ZN11ArduinoJson11JsonVariantC1ERKNS_10JsonObjectE)
    ArduinoJson::Internals::JsonBufferAllocated::operator new(unsigned, ArduinoJson::JsonBuffer*) 0x0800493f   Thumb Code    18  main.o(i._ZN11ArduinoJson9Internals19JsonBufferAllocatednwEjPNS_10JsonBufferE)
    ArduinoJson::Internals::StaticJsonBufferBase::alloc(unsigned) 0x08004951   Thumb Code    32  main.o(i._ZN11ArduinoJson9Internals20StaticJsonBufferBase5allocEj)
    ArduinoJson::Internals::StaticJsonBufferBase::StaticJsonBufferBase(char*, unsigned) 0x08004971   Thumb Code    14  main.o(i._ZN11ArduinoJson9Internals20StaticJsonBufferBaseC1EPcj)
    ArduinoJson::Internals::StaticJsonBufferBase::StaticJsonBufferBase__sub_object(char*, unsigned) 0x08004971   Thumb Code     0  main.o(i._ZN11ArduinoJson9Internals20StaticJsonBufferBaseC1EPcj)
    ArduinoJson::Internals::Encoding::escapeTable(bool) 0x08004985   Thumb Code    10  main.o(i._ZN11ArduinoJson9Internals8Encoding11escapeTableEb)
    ArduinoJson::JsonArray::invalid()        0x08004995   Thumb Code    36  main.o(i._ZN11ArduinoJson9JsonArray7invalidEv)
    std::strstr(char*, const char*)          0x080049c1   Thumb Code     4  main.o(i._ZSt6strstrPcPKc)
    __0printf$8                              0x080049c5   Thumb Code    22  printf8.o(i.__0printf$8)
    __1printf$8                              0x080049c5   Thumb Code     0  printf8.o(i.__0printf$8)
    __2printf                                0x080049c5   Thumb Code     0  printf8.o(i.__0printf$8)
    __0snprintf$8                            0x080049e5   Thumb Code    44  printf8.o(i.__0snprintf$8)
    __1snprintf$8                            0x080049e5   Thumb Code     0  printf8.o(i.__0snprintf$8)
    __2snprintf                              0x080049e5   Thumb Code     0  printf8.o(i.__0snprintf$8)
    __0sprintf$8                             0x08004a15   Thumb Code    34  printf8.o(i.__0sprintf$8)
    __1sprintf$8                             0x08004a15   Thumb Code     0  printf8.o(i.__0sprintf$8)
    __2sprintf                               0x08004a15   Thumb Code     0  printf8.o(i.__0sprintf$8)
    __cxa_guard_acquire                      0x08004a5d   Thumb Code    16  cxa_guard_acquire.o(i.__cxa_guard_acquire)
    __scatterload_copy                       0x08004a6d   Thumb Code    14  handlers.o(i.__scatterload_copy)
    __scatterload_null                       0x08004a7b   Thumb Code     2  handlers.o(i.__scatterload_null)
    __scatterload_zeroinit                   0x08004a7d   Thumb Code    14  handlers.o(i.__scatterload_zeroinit)
    check_send_command                       0x08004f15   Thumb Code   140  usart.o(i.check_send_command)
    emw3080_init                             0x08004fb5   Thumb Code   166  emw3080.o(i.emw3080_init)
    fputc                                    0x080051f9   Thumb Code    20  usart.o(i.fputc)
    free                                     0x08005211   Thumb Code    76  malloc.o(i.free)
    get_mqtt_password                        0x08005261   Thumb Code   102  hmac_sha1.o(i.get_mqtt_password)
    main                                     0x080052d1   Thumb Code   718  main.o(i.main)
    malloc                                   0x08005689   Thumb Code    92  malloc.o(i.malloc)
    mbedtls_internal_sha1_process            0x080056f5   Thumb Code  4672  sha1.o(i.mbedtls_internal_sha1_process)
    mbedtls_md_free                          0x0800693b   Thumb Code    54  md.o(i.mbedtls_md_free)
    mbedtls_md_hmac_finish                   0x08006971   Thumb Code    98  md.o(i.mbedtls_md_hmac_finish)
    mbedtls_md_hmac_starts                   0x080069d9   Thumb Code   182  md.o(i.mbedtls_md_hmac_starts)
    mbedtls_md_hmac_update                   0x08006a95   Thumb Code    26  md.o(i.mbedtls_md_hmac_update)
    mbedtls_md_info_from_type                0x08006ab5   Thumb Code    12  md.o(i.mbedtls_md_info_from_type)
    mbedtls_md_init                          0x08006ac5   Thumb Code    10  md.o(i.mbedtls_md_init)
    mbedtls_md_setup                         0x08006ad1   Thumb Code    64  md.o(i.mbedtls_md_setup)
    mbedtls_platform_zeroize                 0x08006b15   Thumb Code    10  platform_util.o(i.mbedtls_platform_zeroize)
    mbedtls_sha1_clone                       0x08006b25   Thumb Code     6  sha1.o(i.mbedtls_sha1_clone)
    mbedtls_sha1_finish_ret                  0x08006b2b   Thumb Code   246  sha1.o(i.mbedtls_sha1_finish_ret)
    mbedtls_sha1_free                        0x08006c21   Thumb Code    12  sha1.o(i.mbedtls_sha1_free)
    mbedtls_sha1_init                        0x08006c2d   Thumb Code     6  sha1.o(i.mbedtls_sha1_init)
    mbedtls_sha1_ret                         0x08006c33   Thumb Code    62  sha1.o(i.mbedtls_sha1_ret)
    mbedtls_sha1_starts_ret                  0x08006c71   Thumb Code    34  sha1.o(i.mbedtls_sha1_starts_ret)
    mbedtls_sha1_update_ret                  0x08006ca1   Thumb Code   116  sha1.o(i.mbedtls_sha1_update_ret)
    pub_data                                 0x08006d15   Thumb Code    80  emw3080.o(i.pub_data)
    service_pub_set                          0x08006d75   Thumb Code    58  emw3080.o(i.service_pub_set)
    status_pub_set                           0x08006e0d   Thumb Code    54  emw3080.o(i.status_pub_set)
    ArduinoJson::JsonObject& ArduinoJson::JsonObject::createNestedObject_impl<const char*>(T1) 0x08006e65   Thumb Code   102  main.o(t._ZN11ArduinoJson10JsonObject23createNestedObject_implIPKcEERS0_T_)
    void ArduinoJson::JsonObject::remove<const char>(T1*) 0x08006ecb   Thumb Code    42  main.o(t._ZN11ArduinoJson10JsonObject6removeIKcEEvPT_)
    ArduinoJson::Internals::ListIterator<ArduinoJson::JsonPair> ArduinoJson::JsonObject::findKey<const char*>(T1) 0x08006ef5   Thumb Code    36  main.o(t._ZN11ArduinoJson10JsonObject7findKeyIPKcEENS_9Internals12ListIteratorINS_8JsonPairEEET_)
    bool ArduinoJson::JsonObject::set_impl<const char*, const int&>(T1, T2) 0x08006f19   Thumb Code   100  main.o(t._ZN11ArduinoJson10JsonObject8set_implIPKcRKiEEbT_T0_)
    ArduinoJson::StaticJsonBuffer<(unsigned)200>::StaticJsonBuffer() 0x08006f7d   Thumb Code    18  main.o(t._ZN11ArduinoJson16StaticJsonBufferILj200EEC1Ev)
    ArduinoJson::StaticJsonBuffer<(unsigned)200>::StaticJsonBuffer__sub_object() 0x08006f7d   Thumb Code     0  main.o(t._ZN11ArduinoJson16StaticJsonBufferILj200EEC1Ev)
    ArduinoJson::Internals::FloatParts<float>::normalize(float&) 0x08006f95   Thumb Code   152  main.o(t._ZN11ArduinoJson9Internals10FloatPartsIfE9normalizeERf)
    ArduinoJson::Internals::FloatParts<float>::FloatParts(float) 0x08007041   Thumb Code   192  main.o(t._ZN11ArduinoJson9Internals10FloatPartsIfEC1Ef)
    ArduinoJson::Internals::FloatParts<float>::FloatParts__sub_object(float) 0x08007041   Thumb Code     0  main.o(t._ZN11ArduinoJson9Internals10FloatPartsIfEC1Ef)
    ArduinoJson::Internals::JsonParser<ArduinoJson::Internals::CharPointerTraits<char>::Reader, ArduinoJson::Internals::StringWriter<char>>::parseArray() 0x08007105   Thumb Code   162  main.o(t._ZN11ArduinoJson9Internals10JsonParserINS0_17CharPointerTraitsIcE6ReaderENS0_12StringWriterIcEEE10parseArrayEv)
    ArduinoJson::Internals::JsonParser<ArduinoJson::Internals::CharPointerTraits<char>::Reader, ArduinoJson::Internals::StringWriter<char>>::parseObject() 0x080071a7   Thumb Code   188  main.o(t._ZN11ArduinoJson9Internals10JsonParserINS0_17CharPointerTraitsIcE6ReaderENS0_12StringWriterIcEEE11parseObjectEv)
    ArduinoJson::Internals::JsonParser<ArduinoJson::Internals::CharPointerTraits<char>::Reader, ArduinoJson::Internals::StringWriter<char>>::parseString() 0x08007263   Thumb Code   184  main.o(t._ZN11ArduinoJson9Internals10JsonParserINS0_17CharPointerTraitsIcE6ReaderENS0_12StringWriterIcEEE11parseStringEv)
    ArduinoJson::Internals::JsonParser<ArduinoJson::Internals::CharPointerTraits<char>::Reader, ArduinoJson::Internals::StringWriter<char>>::parseAnythingTo(ArduinoJson::JsonVariant*) 0x0800731b   Thumb Code   128  main.o(t._ZN11ArduinoJson9Internals10JsonParserINS0_17CharPointerTraitsIcE6ReaderENS0_12StringWriterIcEEE15parseAnythingToEPNS_11JsonVariantE)
    ArduinoJson::Internals::JsonParser<ArduinoJson::Internals::CharPointerTraits<char>::Reader, ArduinoJson::Internals::StringWriter<char>>::eat(char) 0x0800739b   Thumb Code    32  main.o(t._ZN11ArduinoJson9Internals10JsonParserINS0_17CharPointerTraitsIcE6ReaderENS0_12StringWriterIcEEE3eatEc)
    ArduinoJson::Internals::JsonParser<ArduinoJson::Internals::CharPointerTraits<char>::Reader, ArduinoJson::Internals::StringWriter<char>>::isBetween(char, char, char) 0x080073bb   Thumb Code    16  main.o(t._ZN11ArduinoJson9Internals10JsonParserINS0_17CharPointerTraitsIcE6ReaderENS0_12StringWriterIcEEE9isBetweenEccc)
    void ArduinoJson::Internals::JsonWriter<ArduinoJson::Internals::StaticStringBuilder>::writeFloat<float>(T1) 0x080073cd   Thumb Code   320  main.o(t._ZN11ArduinoJson9Internals10JsonWriterINS0_19StaticStringBuilderEE10writeFloatIfEEvT_)
    ArduinoJson::Internals::JsonWriter<ArduinoJson::Internals::StaticStringBuilder>::writeString(const char*) 0x08007519   Thumb Code    90  main.o(t._ZN11ArduinoJson9Internals10JsonWriterINS0_19StaticStringBuilderEE11writeStringEPKc)
    ArduinoJson::Internals::JsonWriter<ArduinoJson::Internals::StaticStringBuilder>::writeRaw(const char*) 0x08007579   Thumb Code    46  main.o(t._ZN11ArduinoJson9Internals10JsonWriterINS0_19StaticStringBuilderEE8writeRawEPKc)
    ArduinoJson::Internals::JsonWriter<ArduinoJson::Internals::StaticStringBuilder>::writeRaw(char) 0x080075a7   Thumb Code    38  main.o(t._ZN11ArduinoJson9Internals10JsonWriterINS0_19StaticStringBuilderEE8writeRawEc)
    ArduinoJson::Internals::StringWriter<char>::String::append(char) 0x080075cd   Thumb Code    12  main.o(t._ZN11ArduinoJson9Internals12StringWriterIcE6String6appendEc)
    ArduinoJson::JsonObject& ArduinoJson::Internals::JsonBufferBase<ArduinoJson::Internals::StaticJsonBufferBase>::parseObject<char>(T1*, unsigned char) 0x080075d9   Thumb Code    44  main.o(t._ZN11ArduinoJson9Internals14JsonBufferBaseINS0_20StaticJsonBufferBaseEE11parseObjectIcEERNS_10JsonObjectEPT_h)
    ArduinoJson::Internals::JsonSerializer<ArduinoJson::Internals::JsonWriter<ArduinoJson::Internals::StaticStringBuilder>>::serialize(const ArduinoJson::JsonObject&, ArduinoJson::Internals::JsonWriter<ArduinoJson::Internals::StaticStringBuilder>&) 0x08007609   Thumb Code    92  main.o(t._ZN11ArduinoJson9Internals14JsonSerializerINS0_10JsonWriterINS0_19StaticStringBuilderEEEE9serializeERKNS_10JsonObjectERS4_)
    ArduinoJson::Internals::JsonSerializer<ArduinoJson::Internals::JsonWriter<ArduinoJson::Internals::StaticStringBuilder>>::serialize(const ArduinoJson::JsonVariant&, ArduinoJson::Internals::JsonWriter<ArduinoJson::Internals::StaticStringBuilder>&) 0x08007665   Thumb Code   214  main.o(t._ZN11ArduinoJson9Internals14JsonSerializerINS0_10JsonWriterINS0_19StaticStringBuilderEEEE9serializeERKNS_11JsonVariantERS4_)
    ArduinoJson::Internals::JsonObjectSubscript<const char*>& ArduinoJson::Internals::JsonObjectSubscript<const char*>::operator =<const char>(T1*) 0x08007745   Thumb Code    78  main.o(t._ZN11ArduinoJson9Internals19JsonObjectSubscriptIPKcEaSIS2_EERS4_PT_)
    ArduinoJson::Internals::EnableIf<(!ArduinoJson::Internals::IsArray<T1>::value), ArduinoJson::Internals::JsonObjectSubscript<const char*>&>::type ArduinoJson::Internals::JsonObjectSubscript<const char*>::operator =<int>(const T1&) 0x08007793   Thumb Code    20  main.o(t._ZN11ArduinoJson9Internals19JsonObjectSubscriptIPKcEaSIiEENS0_8EnableIfIXntsr11ArduinoJson9Internals7IsArrayIT_EE5valueERS4_E4typeERKS7_)
    ArduinoJson::Internals::EnableIf<ArduinoJson::Internals::StringTraits<const T1*, void>::has_equals, ArduinoJson::Internals::JsonObjectSubscript<const T1*>>::type ArduinoJson::Internals::JsonVariantSubscripts<ArduinoJson::Internals::JsonObjectSubscript<const char*>>::operator []<char>(const T1*) 0x080077a7   Thumb Code    54  main.o(t._ZN11ArduinoJson9Internals21JsonVariantSubscriptsINS0_19JsonObjectSubscriptIPKcEEEixIcEENS0_8EnableIfIXsr11ArduinoJson9Internals12StringTraitsIPKT_vEE10has_equalsENS2_ISB_EEE4typeESB_)
    void ArduinoJson::Internals::skipSpacesAndComments<ArduinoJson::Internals::CharPointerTraits<char>::Reader>(T1&) 0x080077dd   Thumb Code    98  main.o(t._ZN11ArduinoJson9Internals21skipSpacesAndCommentsINS0_17CharPointerTraitsIcE6ReaderEEEvRT_)
    ArduinoJson::Internals::List<ArduinoJson::JsonPair>::add() 0x0800783f   Thumb Code    42  main.o(t._ZN11ArduinoJson9Internals4ListINS_8JsonPairEE3addEv)
    bool ArduinoJson::Internals::operator ==<int>(const ArduinoJson::Internals::JsonVariantComparisons<ArduinoJson::Internals::JsonObjectSubscript<const char*>>&, T1) 0x08007869   Thumb Code    20  main.o(t._ZN11ArduinoJson9InternalseqIiEEbRKNS0_22JsonVariantComparisonsINS0_19JsonObjectSubscriptIPKcEEEET_)
    ArduinoJson::Internals::ListConstIterator<ArduinoJson::JsonPair> ArduinoJson::JsonObject::findKey<const char*>(T1) const 0x0800787d   Thumb Code     4  main.o(t._ZNK11ArduinoJson10JsonObject7findKeyIPKcEENS_9Internals17ListConstIteratorINS_8JsonPairEEET_)
    T1 ArduinoJson::JsonVariant::variantAsInteger<int>() const 0x08007881   Thumb Code   114  main.o(t._ZNK11ArduinoJson11JsonVariant16variantAsIntegerIiEET_v)
    ArduinoJson::Internals::ListIterator<ArduinoJson::JsonPair>::operator ==(const ArduinoJson::Internals::ListIterator<ArduinoJson::JsonPair>&) const 0x080078f3   Thumb Code    16  main.o(t._ZNK11ArduinoJson9Internals12ListIteratorINS_8JsonPairEEeqERKS3_)
    ArduinoJson::Internals::JsonPrintable<ArduinoJson::JsonObject>::printTo(char*, unsigned) const 0x08007903   Thumb Code    32  main.o(t._ZNK11ArduinoJson9Internals13JsonPrintableINS_10JsonObjectEE7printToEPcj)
    ArduinoJson::Internals::ListConstIterator<ArduinoJson::JsonPair>::operator !=(const ArduinoJson::Internals::ListConstIterator<ArduinoJson::JsonPair>&) const 0x08007923   Thumb Code    16  main.o(t._ZNK11ArduinoJson9Internals17ListConstIteratorINS_8JsonPairEEneERKS3_)
    ArduinoJson::Internals::JsonVariantAs<T1>::type ArduinoJson::Internals::JsonObjectSubscript<const char*>::as<int>() const 0x08007933   Thumb Code    40  main.o(t._ZNK11ArduinoJson9Internals19JsonObjectSubscriptIPKcE2asIiEENS0_13JsonVariantAsIT_E4typeEv)
    AHBPrescTable                            0x0800795c   Data          16  system_stm32l4xx.o(.constdata)
    MSIRangeTable                            0x0800796c   Data          48  system_stm32l4xx.o(.constdata)
    APBPrescTable                            0x0800799c   Data           8  system_stm32l4xx.o(.constdata)
    mbedtls_sha1_info                        0x080079a4   Data          48  md_wrap.o(.constdata)
    vtable for ArduinoJson::StaticJsonBuffer<(unsigned)200> 0x080079d4   Data          12  main.o(.constdata__ZTVN11ArduinoJson16StaticJsonBufferILj200EEE)
    vtable for ArduinoJson::StaticJsonBuffer<(unsigned)400> 0x080079e0   Data          12  main.o(.constdata__ZTVN11ArduinoJson16StaticJsonBufferILj400EEE)
    vtable for ArduinoJson::Internals::StaticJsonBufferBase 0x080079ec   Data          12  main.o(.constdata__ZTVN11ArduinoJson9Internals20StaticJsonBufferBaseE)
    void ArduinoJson::Internals::JsonWriter<ArduinoJson::Internals::StaticStringBuilder>::writeFloat<float>(T1)::string 0x080079f8   Data           4  main.o(.constdata__ZZN11ArduinoJson9Internals10JsonWriterINS0_19StaticStringBuilderEE10writeFloatIfEEvT_Es)
    void ArduinoJson::Internals::JsonWriter<ArduinoJson::Internals::StaticStringBuilder>::writeFloat<float>(T1)::string (instance 2) 0x080079fc   Data           9  main.o(.constdata__ZZN11ArduinoJson9Internals10JsonWriterINS0_19StaticStringBuilderEE10writeFloatIfEEvT_Es_0)
    void ArduinoJson::Internals::JsonWriter<ArduinoJson::Internals::StaticStringBuilder>::writeFloat<float>(T1)::string (instance 3) 0x08007a05   Data           3  main.o(.constdata__ZZN11ArduinoJson9Internals10JsonWriterINS0_19StaticStringBuilderEE10writeFloatIfEEvT_Es_1)
    ArduinoJson::Internals::JsonWriter<ArduinoJson::Internals::StaticStringBuilder>::writeString(const char*)::string 0x08007a08   Data           5  main.o(.constdata__ZZN11ArduinoJson9Internals10JsonWriterINS0_19StaticStringBuilderEE11writeStringEPKcEs)
    ArduinoJson::Internals::JsonWriter<ArduinoJson::Internals::StaticStringBuilder>::writeBoolean(bool)::string 0x08007a0d   Data           5  main.o(.constdata__ZZN11ArduinoJson9Internals10JsonWriterINS0_19StaticStringBuilderEE12writeBooleanEbEs)
    ArduinoJson::Internals::JsonWriter<ArduinoJson::Internals::StaticStringBuilder>::writeBoolean(bool)::string (instance 2) 0x08007a12   Data           6  main.o(.constdata__ZZN11ArduinoJson9Internals10JsonWriterINS0_19StaticStringBuilderEE12writeBooleanEbEs_0)
    ArduinoJson::Internals::CharPointerTraits<char>::Reader::Reader(const char*)::string 0x08007a18   Data           1  main.o(.constdata__ZZN11ArduinoJson9Internals17CharPointerTraitsIcE6ReaderC1EPKcEs)
    ArduinoJson::Internals::Encoding::escapeTable(bool)::string 0x08007a19   Data          15  main.o(.constdata__ZZN11ArduinoJson9Internals8Encoding11escapeTableEbEs)
    ArduinoJson::JsonVariant::variantAsString() const::string 0x08007a28   Data           5  main.o(.constdata__ZZNK11ArduinoJson11JsonVariant15variantAsStringEvEs)
    Region$$Table$$Base                      0x08007d60   Number         0  anon$$obj.o(Region$$Table)
    Region$$Table$$Limit                     0x08007d80   Number         0  anon$$obj.o(Region$$Table)
    ack_flag                                 0x20000000   Data           1  main.o(.data)
    cam_flag                                 0x20000001   Data           1  main.o(.data)
    end_service_flag                         0x20000002   Data           1  main.o(.data)
    pause_service_flag                       0x20000003   Data           1  main.o(.data)
    service_reply_pending_flag               0x20000004   Data           1  main.o(.data)
    run_state                                0x20000005   Data           1  main.o(.data)
    stop_flag                                0x20000008   Data           4  main.o(.data)
    tim4uart1                                0x2000000c   Data           4  main.o(.data)
    tim4uart3                                0x20000010   Data           4  main.o(.data)
    INred                                    0x20000014   Data           4  main.o(.data)
    INgreen                                  0x20000018   Data           4  main.o(.data)
    INchops                                  0x2000001c   Data           4  main.o(.data)
    INid                                     0x20000020   Data           4  main.o(.data)
    supply_red                               0x20000024   Data           4  main.o(.data)
    supply_green                             0x20000028   Data           4  main.o(.data)
    supply_chops                             0x2000002c   Data           4  main.o(.data)
    idle_count                               0x20000030   Data           4  main.o(.data)
    AT                                       0x20000034   Data           4  emw3080.o(.data)
    AT_OK                                    0x20000038   Data           4  emw3080.o(.data)
    AT_ECHO_OFF                              0x2000003c   Data           4  emw3080.o(.data)
    AT_MSG_ON                                0x20000040   Data           4  emw3080.o(.data)
    AT_RESET                                 0x20000044   Data           4  emw3080.o(.data)
    AT_WIFI_START                            0x20000048   Data           4  emw3080.o(.data)
    AT_WIFI_START_SUCC                       0x2000004c   Data           4  emw3080.o(.data)
    AT_MQTT_CONTENT                          0x20000050   Data           4  emw3080.o(.data)
    AT_MQTT_AUTH                             0x20000054   Data           4  emw3080.o(.data)
    AT_MQTT_CID                              0x20000058   Data           4  emw3080.o(.data)
    AT_MQTT_SOCK                             0x2000005c   Data           4  emw3080.o(.data)
    AT_MQTT_CV_OFF                           0x20000060   Data           4  emw3080.o(.data)
    AT_MQTT_SSL_OFF                          0x20000064   Data           4  emw3080.o(.data)
    AT_MQTT_RECONN_ON                        0x20000068   Data           4  emw3080.o(.data)
    AT_MQTT_AUTOSTART_OFF                    0x2000006c   Data           4  emw3080.o(.data)
    AT_MQTT_ALIVE                            0x20000070   Data           4  emw3080.o(.data)
    AT_MQTT_START                            0x20000074   Data           4  emw3080.o(.data)
    AT_MQTT_START_SUCC                       0x20000078   Data           4  emw3080.o(.data)
    AT_MQTT_PUB_SET                          0x2000007c   Data           4  emw3080.o(.data)
    AT_MQTT_SER_PUB_SET                      0x20000080   Data           4  emw3080.o(.data)
    AT_MQTT_PUB_DATA                         0x20000084   Data           4  emw3080.o(.data)
    AT_MQTT_PUB_DATA_SUCC                    0x20000088   Data           4  emw3080.o(.data)
    AT_MQTT_SUB_START                        0x2000008c   Data           4  emw3080.o(.data)
    AT_MQTT_SUB_PAUSE                        0x20000090   Data           4  emw3080.o(.data)
    AT_MQTT_SUB_END                          0x20000094   Data           4  emw3080.o(.data)
    AT_MQTT_SUB_REFRESH                      0x20000098   Data           4  emw3080.o(.data)
    AT_MQTT_SUB_SUCC                         0x2000009c   Data           4  emw3080.o(.data)
    uart4buffer                              0x200000a0   Data           1  usart.o(.data)
    uart4rbuffer                             0x200000a1   Data           1  usart.o(.data)
    uart3rbuffer                             0x200000a2   Data           1  usart.o(.data)
    uart1rbuffer                             0x200000a3   Data           1  usart.o(.data)
    uart1_receive_len                        0x200000a4   Data           4  usart.o(.data)
    command_len                              0x200000a8   Data           4  usart.o(.data)
    uart3_receive_len                        0x200000ac   Data           4  usart.o(.data)
    send_pointer                             0x200000b0   Data           4  usart.o(.data)
    gJOGCmd                                  0x200000b8   Data           2  dobot.o(.data)
    gJOGCommonParams                         0x200000ba   Data           8  dobot.o(.data)
    gPTPCommonParams                         0x200000c2   Data           8  dobot.o(.data)
    gQueuedCmdIndex                          0x200000d0   Data           8  dobot.o(.data)
    uwTickPrio                               0x200000d8   Data           4  stm32l4xx_hal.o(.data)
    uwTickFreq                               0x200000dc   Data           4  stm32l4xx_hal.o(.data)
    uwTick                                   0x200000e0   Data           4  stm32l4xx_hal.o(.data)
    SystemCoreClock                          0x200000e4   Data           4  system_stm32l4xx.o(.data)
    __stdout                                 0x200000ec   Data           4  stdout.o(.data)
    __microlib_freelist                      0x200000f0   Data           4  mvars.o(.data)
    __microlib_freelist_initialised          0x200000f4   Data           4  mvars.o(.data)
    guard variable for ArduinoJson::JsonObject::invalid()::instance 0x200000f8   Data           4  main.o(.data__ZZN11ArduinoJson10JsonObject7invalidEvE8instance)
    ArduinoJson::JsonObject::invalid()::instance 0x200000fc   Data           8  main.o(.data__ZZN11ArduinoJson10JsonObject7invalidEvE8instance)
    ArduinoJson::Internals::FloatTraits<float, (unsigned)4>::negativeBinaryPowerOfTen(int)::factors 0x20000104   Data          24  main.o(.data__ZZN11ArduinoJson9Internals11FloatTraitsIfLj4EE24negativeBinaryPowerOfTenEiE7factors)
    ArduinoJson::Internals::FloatTraits<float, (unsigned)4>::positiveBinaryPowerOfTen(int)::factors 0x2000011c   Data          24  main.o(.data__ZZN11ArduinoJson9Internals11FloatTraitsIfLj4EE24positiveBinaryPowerOfTenEiE7factors)
    ArduinoJson::Internals::FloatTraits<float, (unsigned)4>::negativeBinaryPowerOfTenPlusOne(int)::factors 0x20000134   Data          24  main.o(.data__ZZN11ArduinoJson9Internals11FloatTraitsIfLj4EE31negativeBinaryPowerOfTenPlusOneEiE7factors)
    guard variable for ArduinoJson::JsonArray::invalid()::instance 0x2000014c   Data           4  main.o(.data__ZZN11ArduinoJson9JsonArray7invalidEvE8instance)
    ArduinoJson::JsonArray::invalid()::instance 0x20000150   Data           8  main.o(.data__ZZN11ArduinoJson9JsonArray7invalidEvE8instance)
    service_json_buffer                      0x20000158   Data         400  main.o(.bss)
    status_json_buffer                       0x200002e8   Data         400  main.o(.bss)
    cmd_buffer                               0x20000478   Data         400  emw3080.o(.bss)
    password                                 0x20000608   Data          44  emw3080.o(.bss)
    htim2                                    0x20000634   Data          64  tim.o(.bss)
    htim3                                    0x20000674   Data          64  tim.o(.bss)
    htim4                                    0x200006b4   Data          64  tim.o(.bss)
    wifi_command_buffer                      0x200006f4   Data         400  usart.o(.bss)
    wifi_receive_buffer                      0x20000884   Data         400  usart.o(.bss)
    uart1_receive_buffer                     0x20000a14   Data         400  usart.o(.bss)
    huart4                                   0x20000ba4   Data         128  usart.o(.bss)
    huart1                                   0x20000c24   Data         128  usart.o(.bss)
    huart2                                   0x20000ca4   Data         128  usart.o(.bss)
    huart3                                   0x20000d24   Data         128  usart.o(.bss)
    uart1_transmit_buffer                    0x20000da4   Data         400  usart.o(.bss)
    gJOGJointParams                          0x20000f34   Data          32  dobot.o(.bss)
    gPTPCoordinateParams                     0x20000f54   Data          16  dobot.o(.bss)
    point_idle                               0x20000f64   Data          17  dobot.o(.bss)
    gUART4TXRawByteBuffer                    0x20000f75   Data        4096  protocol.o(.bss)
    gUART4RXRawByteBuffer                    0x20001f75   Data        4096  protocol.o(.bss)
    gUART4TXPacketBuffer                     0x20002f75   Data        1384  protocol.o(.bss)
    gUART4RXPacketBuffer                     0x200034dd   Data        1384  protocol.o(.bss)
    gUART4ProtocolHandler                    0x20003a45   Data         687  protocol.o(.bss)
    __heap_base                              0x20003cf8   Data           0  startup_stm32l476xx.o(HEAP)
    __heap_limit                             0x20003ef8   Data           0  startup_stm32l476xx.o(HEAP)
    __initial_sp                             0x200042f8   Data           0  startup_stm32l476xx.o(STACK)



==============================================================================

Memory Map of the image

  Image Entry point : 0x08000189

  Load Region LR_IROM1 (Base: 0x08000000, Size: 0x00007ed8, Max: 0x00100000, ABSOLUTE, COMPRESSED[0x00007e2c])

    Execution Region ER_IROM1 (Exec base: 0x08000000, Load base: 0x08000000, Size: 0x00007d80, Max: 0x00100000, ABSOLUTE)

    Exec Addr    Load Addr    Size         Type   Attr      Idx    E Section Name        Object

    0x08000000   0x08000000   0x00000188   Data   RO            3    RESET               startup_stm32l476xx.o
    0x08000188   0x08000188   0x00000000   Code   RO         6310  * .ARM.Collect$$$$00000000  mc_w.l(entry.o)
    0x08000188   0x08000188   0x00000004   Code   RO         6641    .ARM.Collect$$$$00000001  mc_w.l(entry2.o)
    0x0800018c   0x0800018c   0x00000004   Code   RO         6644    .ARM.Collect$$$$00000004  mc_w.l(entry5.o)
    0x08000190   0x08000190   0x00000000   Code   RO         6646    .ARM.Collect$$$$00000008  mc_w.l(entry7b.o)
    0x08000190   0x08000190   0x00000000   Code   RO         6648    .ARM.Collect$$$$0000000A  mc_w.l(entry8b.o)
    0x08000190   0x08000190   0x00000008   Code   RO         6649    .ARM.Collect$$$$0000000B  mc_w.l(entry9a.o)
    0x08000198   0x08000198   0x00000000   Code   RO         6651    .ARM.Collect$$$$0000000D  mc_w.l(entry10a.o)
    0x08000198   0x08000198   0x00000000   Code   RO         6653    .ARM.Collect$$$$0000000F  mc_w.l(entry11a.o)
    0x08000198   0x08000198   0x00000004   Code   RO         6642    .ARM.Collect$$$$00002712  mc_w.l(entry2.o)
    0x0800019c   0x0800019c   0x00000024   Code   RO            4    .text               startup_stm32l476xx.o
    0x080001c0   0x080001c0   0x00000068   Code   RO         6313    .text               mc_w.l(uldiv.o)
    0x08000228   0x08000228   0x00000024   Code   RO         6315    .text               mc_w.l(memcpya.o)
    0x0800024c   0x0800024c   0x00000024   Code   RO         6319    .text               mc_w.l(memseta.o)
    0x08000270   0x08000270   0x00000018   Code   RO         6321    .text               mc_w.l(strcat.o)
    0x08000288   0x08000288   0x00000024   Code   RO         6323    .text               mc_w.l(strstr.o)
    0x080002ac   0x080002ac   0x00000014   Code   RO         6325    .text               mc_w.l(strchr.o)
    0x080002c0   0x080002c0   0x0000000e   Code   RO         6327    .text               mc_w.l(strlen.o)
    0x080002ce   0x080002ce   0x0000001c   Code   RO         6329    .text               mc_w.l(strcmp.o)
    0x080002ea   0x080002ea   0x00000012   Code   RO         6333    .text               mc_w.l(strcpy.o)
    0x080002fc   0x080002fc   0x0000001c   Code   RO         6626    .text               mc_w.l(calloc.o)
    0x08000318   0x08000318   0x0000001e   Code   RO         6658    .text               mc_w.l(llshl.o)
    0x08000336   0x08000336   0x00000020   Code   RO         6660    .text               mc_w.l(llushr.o)
    0x08000356   0x08000356   0x00000002   PAD
    0x08000358   0x08000358   0x00000024   Code   RO         6688    .text               mc_w.l(init.o)
    0x0800037c   0x0800037c   0x00000056   Code   RO         6710    .text               mc_w.l(__dczerorl2.o)
    0x080003d2   0x080003d2   0x00000002   PAD
    0x080003d4   0x080003d4   0x000007e8   Code   RO         1551    i.Ali_connect       emw3080.o
    0x08000bbc   0x08000bbc   0x00000002   Code   RO         2011    i.BusFault_Handler  stm32l4xx_it.o
    0x08000bbe   0x08000bbe   0x00000002   Code   RO         2012    i.DebugMon_Handler  stm32l4xx_it.o
    0x08000bc0   0x08000bc0   0x00000006   Code   RO         2013    i.EXTI0_IRQHandler  stm32l4xx_it.o
    0x08000bc6   0x08000bc6   0x00000002   Code   RO          151    i.Error_Handler     main.o
    0x08000bc8   0x08000bc8   0x0000004e   Code   RO         4957    i.HAL_DMA_Abort_IT  stm32l4xx_hal_dma.o
    0x08000c16   0x08000c16   0x00000002   PAD
    0x08000c18   0x08000c18   0x00000024   Code   RO         3691    i.HAL_Delay         stm32l4xx_hal.o
    0x08000c3c   0x08000c3c   0x00000010   Code   RO          152    i.HAL_GPIO_EXTI_Callback  main.o
    0x08000c4c   0x08000c4c   0x00000018   Code   RO         4891    i.HAL_GPIO_EXTI_IRQHandler  stm32l4xx_hal_gpio.o
    0x08000c64   0x08000c64   0x000001ca   Code   RO         4892    i.HAL_GPIO_Init     stm32l4xx_hal_gpio.o
    0x08000e2e   0x08000e2e   0x0000000a   Code   RO         4896    i.HAL_GPIO_WritePin  stm32l4xx_hal_gpio.o
    0x08000e38   0x08000e38   0x0000000c   Code   RO         3695    i.HAL_GetTick       stm32l4xx_hal.o
    0x08000e44   0x08000e44   0x00000010   Code   RO         3701    i.HAL_IncTick       stm32l4xx_hal.o
    0x08000e54   0x08000e54   0x0000001e   Code   RO         3702    i.HAL_Init          stm32l4xx_hal.o
    0x08000e72   0x08000e72   0x00000002   PAD
    0x08000e74   0x08000e74   0x00000044   Code   RO         3703    i.HAL_InitTick      stm32l4xx_hal.o
    0x08000eb8   0x08000eb8   0x0000002c   Code   RO         2128    i.HAL_MspInit       stm32l4xx_hal_msp.o
    0x08000ee4   0x08000ee4   0x0000001a   Code   RO         5433    i.HAL_NVIC_EnableIRQ  stm32l4xx_hal_cortex.o
    0x08000efe   0x08000efe   0x00000002   PAD
    0x08000f00   0x08000f00   0x00000040   Code   RO         5439    i.HAL_NVIC_SetPriority  stm32l4xx_hal_cortex.o
    0x08000f40   0x08000f40   0x00000024   Code   RO         5440    i.HAL_NVIC_SetPriorityGrouping  stm32l4xx_hal_cortex.o
    0x08000f64   0x08000f64   0x00000068   Code   RO         5183    i.HAL_PWREx_ControlVoltageScaling  stm32l4xx_hal_pwr_ex.o
    0x08000fcc   0x08000fcc   0x00000010   Code   RO         5214    i.HAL_PWREx_GetVoltageRange  stm32l4xx_hal_pwr_ex.o
    0x08000fdc   0x08000fdc   0x000003ae   Code   RO         4545    i.HAL_RCCEx_PeriphCLKConfig  stm32l4xx_hal_rcc_ex.o
    0x0800138a   0x0800138a   0x00000002   PAD
    0x0800138c   0x0800138c   0x00000120   Code   RO         4430    i.HAL_RCC_ClockConfig  stm32l4xx_hal_rcc.o
    0x080014ac   0x080014ac   0x00000024   Code   RO         4436    i.HAL_RCC_GetPCLK1Freq  stm32l4xx_hal_rcc.o
    0x080014d0   0x080014d0   0x00000024   Code   RO         4437    i.HAL_RCC_GetPCLK2Freq  stm32l4xx_hal_rcc.o
    0x080014f4   0x080014f4   0x000000a4   Code   RO         4438    i.HAL_RCC_GetSysClockFreq  stm32l4xx_hal_rcc.o
    0x08001598   0x08001598   0x000004e0   Code   RO         4441    i.HAL_RCC_OscConfig  stm32l4xx_hal_rcc.o
    0x08001a78   0x08001a78   0x00000028   Code   RO         5444    i.HAL_SYSTICK_Config  stm32l4xx_hal_cortex.o
    0x08001aa0   0x08001aa0   0x00000002   Code   RO         2993    i.HAL_TIMEx_Break2Callback  stm32l4xx_hal_tim_ex.o
    0x08001aa2   0x08001aa2   0x00000002   Code   RO         2994    i.HAL_TIMEx_BreakCallback  stm32l4xx_hal_tim_ex.o
    0x08001aa4   0x08001aa4   0x00000002   Code   RO         2995    i.HAL_TIMEx_CommutCallback  stm32l4xx_hal_tim_ex.o
    0x08001aa6   0x08001aa6   0x00000002   PAD
    0x08001aa8   0x08001aa8   0x00000060   Code   RO         3014    i.HAL_TIMEx_MasterConfigSynchronization  stm32l4xx_hal_tim_ex.o
    0x08001b08   0x08001b08   0x00000036   Code   RO         2308    i.HAL_TIM_Base_Init  stm32l4xx_hal_tim.o
    0x08001b3e   0x08001b3e   0x00000002   PAD
    0x08001b40   0x08001b40   0x00000060   Code   RO         1837    i.HAL_TIM_Base_MspInit  tim.o
    0x08001ba0   0x08001ba0   0x0000002c   Code   RO         2313    i.HAL_TIM_Base_Start_IT  stm32l4xx_hal_tim.o
    0x08001bcc   0x08001bcc   0x000000dc   Code   RO         2317    i.HAL_TIM_ConfigClockSource  stm32l4xx_hal_tim.o
    0x08001ca8   0x08001ca8   0x00000002   Code   RO         2337    i.HAL_TIM_IC_CaptureCallback  stm32l4xx_hal_tim.o
    0x08001caa   0x08001caa   0x00000184   Code   RO         2351    i.HAL_TIM_IRQHandler  stm32l4xx_hal_tim.o
    0x08001e2e   0x08001e2e   0x00000002   PAD
    0x08001e30   0x08001e30   0x00000050   Code   RO         1838    i.HAL_TIM_MspPostInit  tim.o
    0x08001e80   0x08001e80   0x00000002   Code   RO         2354    i.HAL_TIM_OC_DelayElapsedCallback  stm32l4xx_hal_tim.o
    0x08001e82   0x08001e82   0x00000128   Code   RO         2375    i.HAL_TIM_PWM_ConfigChannel  stm32l4xx_hal_tim.o
    0x08001faa   0x08001faa   0x00000036   Code   RO         2378    i.HAL_TIM_PWM_Init  stm32l4xx_hal_tim.o
    0x08001fe0   0x08001fe0   0x00000028   Code   RO         1840    i.HAL_TIM_PWM_MspInit  tim.o
    0x08002008   0x08002008   0x00000002   Code   RO         2381    i.HAL_TIM_PWM_PulseFinishedCallback  stm32l4xx_hal_tim.o
    0x0800200a   0x0800200a   0x00000002   PAD
    0x0800200c   0x0800200c   0x0000006c   Code   RO         2383    i.HAL_TIM_PWM_Start  stm32l4xx_hal_tim.o
    0x08002078   0x08002078   0x0000021c   Code   RO          153    i.HAL_TIM_PeriodElapsedCallback  main.o
    0x08002294   0x08002294   0x00000002   Code   RO         2394    i.HAL_TIM_TriggerCallback  stm32l4xx_hal_tim.o
    0x08002296   0x08002296   0x00000002   Code   RO         3625    i.HAL_UARTEx_WakeupCallback  stm32l4xx_hal_uart_ex.o
    0x08002298   0x08002298   0x00000002   Code   RO         3284    i.HAL_UART_ErrorCallback  stm32l4xx_hal_uart.o
    0x0800229a   0x0800229a   0x00000002   PAD
    0x0800229c   0x0800229c   0x00000144   Code   RO         3287    i.HAL_UART_IRQHandler  stm32l4xx_hal_uart.o
    0x080023e0   0x080023e0   0x00000066   Code   RO         3288    i.HAL_UART_Init     stm32l4xx_hal_uart.o
    0x08002446   0x08002446   0x00000002   PAD
    0x08002448   0x08002448   0x00000164   Code   RO         1909    i.HAL_UART_MspInit  usart.o
    0x080025ac   0x080025ac   0x000000ac   Code   RO         3293    i.HAL_UART_Receive_IT  stm32l4xx_hal_uart.o
    0x08002658   0x08002658   0x000000f8   Code   RO         1910    i.HAL_UART_RxCpltCallback  usart.o
    0x08002750   0x08002750   0x000000b4   Code   RO         3296    i.HAL_UART_Transmit  stm32l4xx_hal_uart.o
    0x08002804   0x08002804   0x00000064   Code   RO         3298    i.HAL_UART_Transmit_IT  stm32l4xx_hal_uart.o
    0x08002868   0x08002868   0x0000005c   Code   RO         1911    i.HAL_UART_TxCpltCallback  usart.o
    0x080028c4   0x080028c4   0x00000002   Code   RO         2014    i.HardFault_Handler  stm32l4xx_it.o
    0x080028c6   0x080028c6   0x00000002   PAD
    0x080028c8   0x080028c8   0x00000108   Code   RO         1812    i.MX_GPIO_Init      gpio.o
    0x080029d0   0x080029d0   0x00000078   Code   RO         1842    i.MX_TIM3_Init      tim.o
    0x08002a48   0x08002a48   0x0000006c   Code   RO         1843    i.MX_TIM4_Init      tim.o
    0x08002ab4   0x08002ab4   0x0000003c   Code   RO         1912    i.MX_UART4_Init     usart.o
    0x08002af0   0x08002af0   0x0000003c   Code   RO         1913    i.MX_USART1_UART_Init  usart.o
    0x08002b2c   0x08002b2c   0x0000003c   Code   RO         1914    i.MX_USART2_UART_Init  usart.o
    0x08002b68   0x08002b68   0x0000003c   Code   RO         1915    i.MX_USART3_UART_Init  usart.o
    0x08002ba4   0x08002ba4   0x0000006c   Code   RO         6171    i.Mbedtls_SHA1_HMAC_Compute  hmac_sha1.o
    0x08002c10   0x08002c10   0x00000002   Code   RO         2015    i.MemManage_Handler  stm32l4xx_it.o
    0x08002c12   0x08002c12   0x00000004   Code   RO         5670    i.MessageProcess    message.o
    0x08002c16   0x08002c16   0x00000048   Code   RO         5671    i.MessageRead       message.o
    0x08002c5e   0x08002c5e   0x0000004c   Code   RO         5672    i.MessageWrite      message.o
    0x08002caa   0x08002caa   0x00000002   Code   RO         2016    i.NMI_Handler       stm32l4xx_it.o
    0x08002cac   0x08002cac   0x00000002   Code   RO         2017    i.PendSV_Handler    stm32l4xx_it.o
    0x08002cae   0x08002cae   0x00000002   PAD
    0x08002cb0   0x08002cb0   0x00000054   Code   RO         5773    i.ProtocolInit      protocol.o
    0x08002d04   0x08002d04   0x0000002c   Code   RO         5774    i.ProtocolProcess   protocol.o
    0x08002d30   0x08002d30   0x0000012c   Code   RO         4549    i.RCCEx_PLLSAI1_Config  stm32l4xx_hal_rcc_ex.o
    0x08002e5c   0x08002e5c   0x00000108   Code   RO         4550    i.RCCEx_PLLSAI2_Config  stm32l4xx_hal_rcc_ex.o
    0x08002f64   0x08002f64   0x0000007c   Code   RO         4442    i.RCC_SetFlashLatencyFromMSIRange  stm32l4xx_hal_rcc.o
    0x08002fe0   0x08002fe0   0x0000001a   Code   RO         5745    i.RingBufferDataAt  packet.o
    0x08002ffa   0x08002ffa   0x0000005e   Code   RO         5819    i.RingBufferDequeue  ringbuffer.o
    0x08003058   0x08003058   0x0000005e   Code   RO         5820    i.RingBufferEnqueue  ringbuffer.o
    0x080030b6   0x080030b6   0x00000026   Code   RO         5821    i.RingBufferInit    ringbuffer.o
    0x080030dc   0x080030dc   0x00000002   Code   RO         2018    i.SVC_Handler       stm32l4xx_it.o
    0x080030de   0x080030de   0x00000004   Code   RO         2019    i.SysTick_Handler   stm32l4xx_it.o
    0x080030e2   0x080030e2   0x00000002   PAD
    0x080030e4   0x080030e4   0x00000044   Code   RO         5636    i.SystemInit        system_stm32l4xx.o
    0x08003128   0x08003128   0x0000000c   Code   RO         2020    i.TIM2_IRQHandler   stm32l4xx_it.o
    0x08003134   0x08003134   0x0000000c   Code   RO         2021    i.TIM4_IRQHandler   stm32l4xx_it.o
    0x08003140   0x08003140   0x000000c0   Code   RO         2396    i.TIM_Base_SetConfig  stm32l4xx_hal_tim.o
    0x08003200   0x08003200   0x0000001a   Code   RO         2397    i.TIM_CCxChannelCmd  stm32l4xx_hal_tim.o
    0x0800321a   0x0800321a   0x00000014   Code   RO         2407    i.TIM_ETR_SetConfig  stm32l4xx_hal_tim.o
    0x0800322e   0x0800322e   0x00000010   Code   RO         2408    i.TIM_ITRx_SetConfig  stm32l4xx_hal_tim.o
    0x0800323e   0x0800323e   0x00000002   PAD
    0x08003240   0x08003240   0x0000009c   Code   RO         2409    i.TIM_OC1_SetConfig  stm32l4xx_hal_tim.o
    0x080032dc   0x080032dc   0x00000090   Code   RO         2410    i.TIM_OC2_SetConfig  stm32l4xx_hal_tim.o
    0x0800336c   0x0800336c   0x00000090   Code   RO         2411    i.TIM_OC3_SetConfig  stm32l4xx_hal_tim.o
    0x080033fc   0x080033fc   0x00000074   Code   RO         2412    i.TIM_OC4_SetConfig  stm32l4xx_hal_tim.o
    0x08003470   0x08003470   0x00000070   Code   RO         2413    i.TIM_OC5_SetConfig  stm32l4xx_hal_tim.o
    0x080034e0   0x080034e0   0x00000070   Code   RO         2414    i.TIM_OC6_SetConfig  stm32l4xx_hal_tim.o
    0x08003550   0x08003550   0x00000022   Code   RO         2416    i.TIM_TI1_ConfigInputStage  stm32l4xx_hal_tim.o
    0x08003572   0x08003572   0x00000024   Code   RO         2418    i.TIM_TI2_ConfigInputStage  stm32l4xx_hal_tim.o
    0x08003596   0x08003596   0x00000002   PAD
    0x08003598   0x08003598   0x0000000c   Code   RO         2022    i.UART4_IRQHandler  stm32l4xx_it.o
    0x080035a4   0x080035a4   0x000000c8   Code   RO         3301    i.UART_AdvFeatureConfig  stm32l4xx_hal_uart.o
    0x0800366c   0x0800366c   0x00000058   Code   RO         3302    i.UART_CheckIdleState  stm32l4xx_hal_uart.o
    0x080036c4   0x080036c4   0x00000014   Code   RO         3303    i.UART_DMAAbortOnError  stm32l4xx_hal_uart.o
    0x080036d8   0x080036d8   0x0000001e   Code   RO         3313    i.UART_EndRxTransfer  stm32l4xx_hal_uart.o
    0x080036f6   0x080036f6   0x0000005a   Code   RO         3315    i.UART_RxISR_16BIT  stm32l4xx_hal_uart.o
    0x08003750   0x08003750   0x0000005a   Code   RO         3316    i.UART_RxISR_8BIT   stm32l4xx_hal_uart.o
    0x080037aa   0x080037aa   0x00000002   PAD
    0x080037ac   0x080037ac   0x000002a0   Code   RO         3317    i.UART_SetConfig    stm32l4xx_hal_uart.o
    0x08003a4c   0x08003a4c   0x00000040   Code   RO         3318    i.UART_TxISR_16BIT  stm32l4xx_hal_uart.o
    0x08003a8c   0x08003a8c   0x0000003c   Code   RO         3319    i.UART_TxISR_8BIT   stm32l4xx_hal_uart.o
    0x08003ac8   0x08003ac8   0x00000060   Code   RO         3320    i.UART_WaitOnFlagUntilTimeout  stm32l4xx_hal_uart.o
    0x08003b28   0x08003b28   0x0000000c   Code   RO         2023    i.USART1_IRQHandler  stm32l4xx_it.o
    0x08003b34   0x08003b34   0x0000000c   Code   RO         2024    i.USART2_IRQHandler  stm32l4xx_it.o
    0x08003b40   0x08003b40   0x0000000c   Code   RO         2025    i.USART3_IRQHandler  stm32l4xx_it.o
    0x08003b4c   0x08003b4c   0x00000002   Code   RO         2026    i.UsageFault_Handler  stm32l4xx_it.o
    0x08003b4e   0x08003b4e   0x00000002   PAD
    0x08003b50   0x08003b50   0x000000ac   Code   RO         2152    i._Z10dobot_initv   dobot.o
    0x08003bfc   0x08003bfc   0x00000254   Code   RO          154    i._Z11json_statusiiiiiiii  main.o
    0x08003e50   0x08003e50   0x00000012   Code   RO         5723    i._Z13PacketProcessP18tagProtocolHandler  packet.o
    0x08003e62   0x08003e62   0x00000002   PAD
    0x08003e64   0x08003e64   0x0000021c   Code   RO          155    i._Z13service_replyv  main.o
    0x08004080   0x08004080   0x00000098   Code   RO          156    i._Z14camera_requesti  main.o
    0x08004118   0x08004118   0x000000f2   Code   RO         5724    i._Z17PacketReadProcessP18tagProtocolHandler  packet.o
    0x0800420a   0x0800420a   0x000000ac   Code   RO         5725    i._Z18PacketWriteProcessP18tagProtocolHandler  packet.o
    0x080042b6   0x080042b6   0x00000002   PAD
    0x080042b8   0x080042b8   0x00000040   Code   RO           14    i._Z18SetPTPCommonParamsP18tagPTPCommonParamsbPy  command.o
    0x080042f8   0x080042f8   0x00000072   Code   RO          157    i._Z18SystemClock_Configv  main.o
    0x0800436a   0x0800436a   0x00000002   PAD
    0x0800436c   0x0800436c   0x00000044   Code   RO           17    i._Z21CtrEndEffectorGripperbbbPy  command.o
    0x080043b0   0x080043b0   0x00000040   Code   RO           20    i._Z22SetPTPCoordinateParamsP22tagPTPCoordinateParamsbPy  command.o
    0x080043f0   0x080043f0   0x000001e0   Code   RO         2155    i._Z7grip_GSi       dobot.o
    0x080045d0   0x080045d0   0x000001fc   Code   RO         2156    i._Z7grip_RSi       dobot.o
    0x080047cc   0x080047cc   0x000000d4   Code   RO          158    i._Z7initialv       main.o
    0x080048a0   0x080048a0   0x00000040   Code   RO           23    i._Z9SetPTPCmdP9tagPTPCmdbPy  command.o
    0x080048e0   0x080048e0   0x0000001e   Code   RO          407    i._ZN11ArduinoJson10JsonBuffer12createObjectEv  main.o
    0x080048fe   0x080048fe   0x00000002   PAD
    0x08004900   0x08004900   0x0000002c   Code   RO          280    i._ZN11ArduinoJson10JsonObject7invalidEv  main.o
    0x0800492c   0x0800492c   0x00000012   Code   RO          401    i._ZN11ArduinoJson11JsonVariantC1ERKNS_10JsonObjectE  main.o
    0x0800493e   0x0800493e   0x00000012   Code   RO          388    i._ZN11ArduinoJson9Internals19JsonBufferAllocatednwEjPNS_10JsonBufferE  main.o
    0x08004950   0x08004950   0x00000020   Code   RO          508    i._ZN11ArduinoJson9Internals20StaticJsonBufferBase5allocEj  main.o
    0x08004970   0x08004970   0x00000014   Code   RO          419    i._ZN11ArduinoJson9Internals20StaticJsonBufferBaseC1EPcj  main.o
    0x08004984   0x08004984   0x00000010   Code   RO          358    i._ZN11ArduinoJson9Internals8Encoding11escapeTableEb  main.o
    0x08004994   0x08004994   0x0000002c   Code   RO          328    i._ZN11ArduinoJson9JsonArray7invalidEv  main.o
    0x080049c0   0x080049c0   0x00000004   Code   RO          431    i._ZSt6strstrPcPKc  main.o
    0x080049c4   0x080049c4   0x00000020   Code   RO         6544    i.__0printf$8       mc_w.l(printf8.o)
    0x080049e4   0x080049e4   0x00000030   Code   RO         6545    i.__0snprintf$8     mc_w.l(printf8.o)
    0x08004a14   0x08004a14   0x00000028   Code   RO         6546    i.__0sprintf$8      mc_w.l(printf8.o)
    0x08004a3c   0x08004a3c   0x00000020   Code   RO         5446    i.__NVIC_SetPriority  stm32l4xx_hal_cortex.o
    0x08004a5c   0x08004a5c   0x00000010   Code   RO         6198    i.__cxa_guard_acquire  cpprt_w.l(cxa_guard_acquire.o)
    0x08004a6c   0x08004a6c   0x0000000e   Code   RO         6704    i.__scatterload_copy  mc_w.l(handlers.o)
    0x08004a7a   0x08004a7a   0x00000002   Code   RO         6705    i.__scatterload_null  mc_w.l(handlers.o)
    0x08004a7c   0x08004a7c   0x0000000e   Code   RO         6706    i.__scatterload_zeroinit  mc_w.l(handlers.o)
    0x08004a8a   0x08004a8a   0x00000002   PAD
    0x08004a8c   0x08004a8c   0x00000416   Code   RO         6551    i._printf_core      mc_w.l(printf8.o)
    0x08004ea2   0x08004ea2   0x00000024   Code   RO         6552    i._printf_post_padding  mc_w.l(printf8.o)
    0x08004ec6   0x08004ec6   0x0000002e   Code   RO         6553    i._printf_pre_padding  mc_w.l(printf8.o)
    0x08004ef4   0x08004ef4   0x00000016   Code   RO         6554    i._snputc           mc_w.l(printf8.o)
    0x08004f0a   0x08004f0a   0x0000000a   Code   RO         6555    i._sputc            mc_w.l(printf8.o)
    0x08004f14   0x08004f14   0x0000009e   Code   RO         1916    i.check_send_command  usart.o
    0x08004fb2   0x08004fb2   0x00000002   PAD
    0x08004fb4   0x08004fb4   0x00000244   Code   RO         1552    i.emw3080_init      emw3080.o
    0x080051f8   0x080051f8   0x00000018   Code   RO         1917    i.fputc             usart.o
    0x08005210   0x08005210   0x00000050   Code   RO         6598    i.free              mc_w.l(malloc.o)
    0x08005260   0x08005260   0x00000070   Code   RO         6172    i.get_mqtt_password  hmac_sha1.o
    0x080052d0   0x080052d0   0x000003b8   Code   RO          159    i.main              main.o
    0x08005688   0x08005688   0x0000006c   Code   RO         6599    i.malloc            mc_w.l(malloc.o)
    0x080056f4   0x080056f4   0x00001246   Code   RO         6078    i.mbedtls_internal_sha1_process  sha1.o
    0x0800693a   0x0800693a   0x00000036   Code   RO         5942    i.mbedtls_md_free   md.o
    0x08006970   0x08006970   0x00000068   Code   RO         5947    i.mbedtls_md_hmac_finish  md.o
    0x080069d8   0x080069d8   0x000000bc   Code   RO         5949    i.mbedtls_md_hmac_starts  md.o
    0x08006a94   0x08006a94   0x00000020   Code   RO         5950    i.mbedtls_md_hmac_update  md.o
    0x08006ab4   0x08006ab4   0x00000010   Code   RO         5952    i.mbedtls_md_info_from_type  md.o
    0x08006ac4   0x08006ac4   0x0000000a   Code   RO         5953    i.mbedtls_md_init   md.o
    0x08006ace   0x08006ace   0x00000002   PAD
    0x08006ad0   0x08006ad0   0x00000044   Code   RO         5957    i.mbedtls_md_setup  md.o
    0x08006b14   0x08006b14   0x00000010   Code   RO         5859    i.mbedtls_platform_zeroize  platform_util.o
    0x08006b24   0x08006b24   0x00000006   Code   RO         6080    i.mbedtls_sha1_clone  sha1.o
    0x08006b2a   0x08006b2a   0x000000f6   Code   RO         6082    i.mbedtls_sha1_finish_ret  sha1.o
    0x08006c20   0x08006c20   0x0000000c   Code   RO         6083    i.mbedtls_sha1_free  sha1.o
    0x08006c2c   0x08006c2c   0x00000006   Code   RO         6084    i.mbedtls_sha1_init  sha1.o
    0x08006c32   0x08006c32   0x0000003e   Code   RO         6086    i.mbedtls_sha1_ret  sha1.o
    0x08006c70   0x08006c70   0x00000030   Code   RO         6089    i.mbedtls_sha1_starts_ret  sha1.o
    0x08006ca0   0x08006ca0   0x00000074   Code   RO         6091    i.mbedtls_sha1_update_ret  sha1.o
    0x08006d14   0x08006d14   0x00000060   Code   RO         1553    i.pub_data          emw3080.o
    0x08006d74   0x08006d74   0x0000005c   Code   RO         1554    i.service_pub_set   emw3080.o
    0x08006dd0   0x08006dd0   0x00000004   Code   RO         5882    i.sha1_clone_wrap   md_wrap.o
    0x08006dd4   0x08006dd4   0x00000016   Code   RO         5883    i.sha1_ctx_alloc    md_wrap.o
    0x08006dea   0x08006dea   0x00000012   Code   RO         5884    i.sha1_ctx_free     md_wrap.o
    0x08006dfc   0x08006dfc   0x00000004   Code   RO         5885    i.sha1_finish_wrap  md_wrap.o
    0x08006e00   0x08006e00   0x00000004   Code   RO         5886    i.sha1_process_wrap  md_wrap.o
    0x08006e04   0x08006e04   0x00000004   Code   RO         5887    i.sha1_starts_wrap  md_wrap.o
    0x08006e08   0x08006e08   0x00000004   Code   RO         5888    i.sha1_update_wrap  md_wrap.o
    0x08006e0c   0x08006e0c   0x00000058   Code   RO         1555    i.status_pub_set    emw3080.o
    0x08006e64   0x08006e64   0x00000066   Code   RO          413    t._ZN11ArduinoJson10JsonObject23createNestedObject_implIPKcEERS0_T_  main.o
    0x08006eca   0x08006eca   0x0000002a   Code   RO          310    t._ZN11ArduinoJson10JsonObject6removeIKcEEvPT_  main.o
    0x08006ef4   0x08006ef4   0x00000024   Code   RO          286    t._ZN11ArduinoJson10JsonObject7findKeyIPKcEENS_9Internals12ListIteratorINS_8JsonPairEEET_  main.o
    0x08006f18   0x08006f18   0x00000064   Code   RO          479    t._ZN11ArduinoJson10JsonObject8set_implIPKcRKiEEbT_T0_  main.o
    0x08006f7c   0x08006f7c   0x00000018   Code   RO          425    t._ZN11ArduinoJson16StaticJsonBufferILj200EEC1Ev  main.o
    0x08006f94   0x08006f94   0x000000ac   Code   RO          473    t._ZN11ArduinoJson9Internals10FloatPartsIfE9normalizeERf  main.o
    0x08007040   0x08007040   0x000000c4   Code   RO          364    t._ZN11ArduinoJson9Internals10FloatPartsIfEC1Ef  main.o
    0x08007104   0x08007104   0x000000a2   Code   RO          455    t._ZN11ArduinoJson9Internals10JsonParserINS0_17CharPointerTraitsIcE6ReaderENS0_12StringWriterIcEEE10parseArrayEv  main.o
    0x080071a6   0x080071a6   0x000000bc   Code   RO          340    t._ZN11ArduinoJson9Internals10JsonParserINS0_17CharPointerTraitsIcE6ReaderENS0_12StringWriterIcEEE11parseObjectEv  main.o
    0x08007262   0x08007262   0x000000b8   Code   RO          322    t._ZN11ArduinoJson9Internals10JsonParserINS0_17CharPointerTraitsIcE6ReaderENS0_12StringWriterIcEEE11parseStringEv  main.o
    0x0800731a   0x0800731a   0x00000080   Code   RO          334    t._ZN11ArduinoJson9Internals10JsonParserINS0_17CharPointerTraitsIcE6ReaderENS0_12StringWriterIcEEE15parseAnythingToEPNS_11JsonVariantE  main.o
    0x0800739a   0x0800739a   0x00000020   Code   RO          437    t._ZN11ArduinoJson9Internals10JsonParserINS0_17CharPointerTraitsIcE6ReaderENS0_12StringWriterIcEEE3eatEc  main.o
    0x080073ba   0x080073ba   0x00000010   Code   RO          449    t._ZN11ArduinoJson9Internals10JsonParserINS0_17CharPointerTraitsIcE6ReaderENS0_12StringWriterIcEEE9isBetweenEccc  main.o
    0x080073ca   0x080073ca   0x00000002   PAD
    0x080073cc   0x080073cc   0x0000014c   Code   RO          256    t._ZN11ArduinoJson9Internals10JsonWriterINS0_19StaticStringBuilderEE10writeFloatIfEEvT_  main.o
    0x08007518   0x08007518   0x00000060   Code   RO          250    t._ZN11ArduinoJson9Internals10JsonWriterINS0_19StaticStringBuilderEE11writeStringEPKc  main.o
    0x08007578   0x08007578   0x0000002e   Code   RO          244    t._ZN11ArduinoJson9Internals10JsonWriterINS0_19StaticStringBuilderEE8writeRawEPKc  main.o
    0x080075a6   0x080075a6   0x00000026   Code   RO          238    t._ZN11ArduinoJson9Internals10JsonWriterINS0_19StaticStringBuilderEE8writeRawEc  main.o
    0x080075cc   0x080075cc   0x0000000c   Code   RO          443    t._ZN11ArduinoJson9Internals12StringWriterIcE6String6appendEc  main.o
    0x080075d8   0x080075d8   0x00000030   Code   RO          346    t._ZN11ArduinoJson9Internals14JsonBufferBaseINS0_20StaticJsonBufferBaseEE11parseObjectIcEERNS_10JsonObjectEPT_h  main.o
    0x08007608   0x08007608   0x0000005c   Code   RO          268    t._ZN11ArduinoJson9Internals14JsonSerializerINS0_10JsonWriterINS0_19StaticStringBuilderEEEE9serializeERKNS_10JsonObjectERS4_  main.o
    0x08007664   0x08007664   0x000000e0   Code   RO          262    t._ZN11ArduinoJson9Internals14JsonSerializerINS0_10JsonWriterINS0_19StaticStringBuilderEEEE9serializeERKNS_11JsonVariantERS4_  main.o
    0x08007744   0x08007744   0x0000004e   Code   RO          304    t._ZN11ArduinoJson9Internals19JsonObjectSubscriptIPKcEaSIS2_EERS4_PT_  main.o
    0x08007792   0x08007792   0x00000014   Code   RO          395    t._ZN11ArduinoJson9Internals19JsonObjectSubscriptIPKcEaSIiEENS0_8EnableIfIXntsr11ArduinoJson9Internals7IsArrayIT_EE5valueERS4_E4typeERKS7_  main.o
    0x080077a6   0x080077a6   0x00000036   Code   RO          292    t._ZN11ArduinoJson9Internals21JsonVariantSubscriptsINS0_19JsonObjectSubscriptIPKcEEEixIcEENS0_8EnableIfIXsr11ArduinoJson9Internals12StringTraitsIPKT_vEE10has_equalsENS2_ISB_EEE4typeESB_  main.o
    0x080077dc   0x080077dc   0x00000062   Code   RO          316    t._ZN11ArduinoJson9Internals21skipSpacesAndCommentsINS0_17CharPointerTraitsIcE6ReaderEEEvRT_  main.o
    0x0800783e   0x0800783e   0x0000002a   Code   RO          298    t._ZN11ArduinoJson9Internals4ListINS_8JsonPairEE3addEv  main.o
    0x08007868   0x08007868   0x00000014   Code   RO          467    t._ZN11ArduinoJson9InternalseqIiEEbRKNS0_22JsonVariantComparisonsINS0_19JsonObjectSubscriptIPKcEEEET_  main.o
    0x0800787c   0x0800787c   0x00000004   Code   RO          376    t._ZNK11ArduinoJson10JsonObject7findKeyIPKcEENS_9Internals17ListConstIteratorINS_8JsonPairEEET_  main.o
    0x08007880   0x08007880   0x00000072   Code   RO          461    t._ZNK11ArduinoJson11JsonVariant16variantAsIntegerIiEET_v  main.o
    0x080078f2   0x080078f2   0x00000010   Code   RO          382    t._ZNK11ArduinoJson9Internals12ListIteratorINS_8JsonPairEEeqERKS3_  main.o
    0x08007902   0x08007902   0x00000020   Code   RO          274    t._ZNK11ArduinoJson9Internals13JsonPrintableINS_10JsonObjectEE7printToEPcj  main.o
    0x08007922   0x08007922   0x00000010   Code   RO          370    t._ZNK11ArduinoJson9Internals17ListConstIteratorINS_8JsonPairEEneERKS3_  main.o
    0x08007932   0x08007932   0x00000028   Code   RO          352    t._ZNK11ArduinoJson9Internals19JsonObjectSubscriptIPKcE2asIiEENS0_13JsonVariantAsIT_E4typeEv  main.o
    0x0800795a   0x0800795a   0x00000002   PAD
    0x0800795c   0x0800795c   0x00000040   Data   RO         5637    .constdata          system_stm32l4xx.o
    0x0800799c   0x0800799c   0x00000008   Data   RO         5638    .constdata          system_stm32l4xx.o
    0x080079a4   0x080079a4   0x00000030   Data   RO         5889    .constdata          md_wrap.o
    0x080079d4   0x080079d4   0x0000000c   Data   RO          488    .constdata__ZTVN11ArduinoJson16StaticJsonBufferILj200EEE  main.o
    0x080079e0   0x080079e0   0x0000000c   Data   RO          490    .constdata__ZTVN11ArduinoJson16StaticJsonBufferILj400EEE  main.o
    0x080079ec   0x080079ec   0x0000000c   Data   RO          486    .constdata__ZTVN11ArduinoJson9Internals20StaticJsonBufferBaseE  main.o
    0x080079f8   0x080079f8   0x00000004   Data   RO          233    .constdata__ZZN11ArduinoJson9Internals10JsonWriterINS0_19StaticStringBuilderEE10writeFloatIfEEvT_Es  main.o
    0x080079fc   0x080079fc   0x00000009   Data   RO          234    .constdata__ZZN11ArduinoJson9Internals10JsonWriterINS0_19StaticStringBuilderEE10writeFloatIfEEvT_Es_0  main.o
    0x08007a05   0x08007a05   0x00000003   Data   RO          235    .constdata__ZZN11ArduinoJson9Internals10JsonWriterINS0_19StaticStringBuilderEE10writeFloatIfEEvT_Es_1  main.o
    0x08007a08   0x08007a08   0x00000005   Data   RO          232    .constdata__ZZN11ArduinoJson9Internals10JsonWriterINS0_19StaticStringBuilderEE11writeStringEPKcEs  main.o
    0x08007a0d   0x08007a0d   0x00000005   Data   RO          236    .constdata__ZZN11ArduinoJson9Internals10JsonWriterINS0_19StaticStringBuilderEE12writeBooleanEbEs  main.o
    0x08007a12   0x08007a12   0x00000006   Data   RO          237    .constdata__ZZN11ArduinoJson9Internals10JsonWriterINS0_19StaticStringBuilderEE12writeBooleanEbEs_0  main.o
    0x08007a18   0x08007a18   0x00000001   Data   RO          231    .constdata__ZZN11ArduinoJson9Internals17CharPointerTraitsIcE6ReaderC1EPKcEs  main.o
    0x08007a19   0x08007a19   0x0000000f   Data   RO          229    .constdata__ZZN11ArduinoJson9Internals8Encoding11escapeTableEbEs  main.o
    0x08007a28   0x08007a28   0x00000005   Data   RO          230    .constdata__ZZNK11ArduinoJson11JsonVariant15variantAsStringEvEs  main.o
    0x08007a2d   0x08007a2d   0x00000003   PAD
    0x08007a30   0x08007a30   0x00000326   Data   RO         1557    .conststring        emw3080.o
    0x08007d56   0x08007d56   0x00000002   PAD
    0x08007d58   0x08007d58   0x00000005   Data   RO         5890    .conststring        md_wrap.o
    0x08007d5d   0x08007d5d   0x00000003   PAD
    0x08007d60   0x08007d60   0x00000020   Data   RO         6702    Region$$Table       anon$$obj.o


    Execution Region RW_IRAM1 (Exec base: 0x20000000, Load base: 0x08007d80, Size: 0x000042f8, Max: 0x00018000, ABSOLUTE, COMPRESSED[0x000000ac])

    Exec Addr    Load Addr    Size         Type   Attr      Idx    E Section Name        Object

    0x20000000   COMPRESSED   0x00000034   Data   RW          170    .data               main.o
    0x20000034   COMPRESSED   0x0000006c   Data   RW         1558    .data               emw3080.o
    0x200000a0   COMPRESSED   0x00000014   Data   RW         1920    .data               usart.o
    0x200000b4   COMPRESSED   0x00000004   PAD
    0x200000b8   COMPRESSED   0x00000020   Data   RW         2163    .data               dobot.o
    0x200000d8   COMPRESSED   0x0000000c   Data   RW         3719    .data               stm32l4xx_hal.o
    0x200000e4   COMPRESSED   0x00000004   Data   RW         5639    .data               system_stm32l4xx.o
    0x200000e8   COMPRESSED   0x00000004   Data   RW         5860    .data               platform_util.o
    0x200000ec   COMPRESSED   0x00000004   Data   RW         6655    .data               mc_w.l(stdout.o)
    0x200000f0   COMPRESSED   0x00000004   Data   RW         6662    .data               mc_w.l(mvars.o)
    0x200000f4   COMPRESSED   0x00000004   Data   RW         6663    .data               mc_w.l(mvars.o)
    0x200000f8   COMPRESSED   0x0000000c   Data   RW          492    .data__ZZN11ArduinoJson10JsonObject7invalidEvE8instance  main.o
    0x20000104   COMPRESSED   0x00000018   Data   RW          494    .data__ZZN11ArduinoJson9Internals11FloatTraitsIfLj4EE24negativeBinaryPowerOfTenEiE7factors  main.o
    0x2000011c   COMPRESSED   0x00000018   Data   RW          493    .data__ZZN11ArduinoJson9Internals11FloatTraitsIfLj4EE24positiveBinaryPowerOfTenEiE7factors  main.o
    0x20000134   COMPRESSED   0x00000018   Data   RW          495    .data__ZZN11ArduinoJson9Internals11FloatTraitsIfLj4EE31negativeBinaryPowerOfTenPlusOneEiE7factors  main.o
    0x2000014c   COMPRESSED   0x0000000c   Data   RW          491    .data__ZZN11ArduinoJson9JsonArray7invalidEvE8instance  main.o
    0x20000158        -       0x00000320   Zero   RW          169    .bss                main.o
    0x20000478        -       0x000001bc   Zero   RW         1556    .bss                emw3080.o
    0x20000634        -       0x000000c0   Zero   RW         1844    .bss                tim.o
    0x200006f4        -       0x000006b0   Zero   RW         1918    .bss                usart.o
    0x20000da4        -       0x00000190   Zero   RW         1919    .bss                usart.o
    0x20000f34        -       0x00000041   Zero   RW         2162    .bss                dobot.o
    0x20000f75        -       0x00002d7f   Zero   RW         5777    .bss                protocol.o
    0x20003cf4   COMPRESSED   0x00000004   PAD
    0x20003cf8        -       0x00000200   Zero   RW            2    HEAP                startup_stm32l476xx.o
    0x20003ef8        -       0x00000400   Zero   RW            1    STACK               startup_stm32l476xx.o


==============================================================================

Image component sizes


      Code (inc. data)   RO Data    RW Data    ZI Data      Debug   Object Name

       260         18          0          0          0      11141   command.o
      1160        256          0         32         65       5337   dobot.o
      2880       1856        806        108        444     838378   emw3080.o
       264         18          0          0          0       1043   gpio.o
       220         10          0          0          0       1956   hmac_sha1.o
      6154       1016         89        148        800     934467   main.o
       472         26          0          0          0       7206   md.o
        60          0         53          0          0       6148   md_wrap.o
       152          0          0          0          0       6621   message.o
       458          0          0          0          0       6253   packet.o
        16          6          0          4          0       1171   platform_util.o
       128         30          0          0      11647       4408   protocol.o
       226          0          0          0          0       4180   ringbuffer.o
      5174         36          0          0          0       8166   sha1.o
        36          8        392          0       1536        824   startup_stm32l476xx.o
       162         24          0         12          0       4189   stm32l4xx_hal.o
       198         14          0          0          0      33863   stm32l4xx_hal_cortex.o
        78          0          0          0          0       1059   stm32l4xx_hal_dma.o
       492         44          0          0          0       3027   stm32l4xx_hal_gpio.o
        44          6          0          0          0        798   stm32l4xx_hal_msp.o
       120         20          0          0          0       1338   stm32l4xx_hal_pwr_ex.o
      1896         98          0          0          0       6800   stm32l4xx_hal_rcc.o
      1506         44          0          0          0       4004   stm32l4xx_hal_rcc_ex.o
      2280        216          0          0          0      17272   stm32l4xx_hal_tim.o
       102          8          0          0          0       2960   stm32l4xx_hal_tim_ex.o
      2290         92          0          0          0      13621   stm32l4xx_hal_uart.o
         2          0          0          0          0        976   stm32l4xx_hal_uart_ex.o
        98         36          0          0          0       7076   stm32l4xx_it.o
        68         12         72          4          0       1169   system_stm32l4xx.o
       444         52          0          0        192       3501   tim.o
      1118        128          0         20       2112       8702   usart.o

    ----------------------------------------------------------------------
     28608       4074       1452        332      16800    1947654   Object Totals
         0          0         32          0          0          0   (incl. Generated)
        50          0          8          4          4          0   (incl. Padding)

    ----------------------------------------------------------------------

      Code (inc. data)   RO Data    RW Data    ZI Data      Debug   Library Member Name

        16          0          0          0          0         68   cxa_guard_acquire.o
        86          0          0          0          0          0   __dczerorl2.o
        28          0          0          0          0         76   calloc.o
         0          0          0          0          0          0   entry.o
         0          0          0          0          0          0   entry10a.o
         0          0          0          0          0          0   entry11a.o
         8          4          0          0          0          0   entry2.o
         4          0          0          0          0          0   entry5.o
         0          0          0          0          0          0   entry7b.o
         0          0          0          0          0          0   entry8b.o
         8          4          0          0          0          0   entry9a.o
        30          0          0          0          0          0   handlers.o
        36          8          0          0          0         68   init.o
        30          0          0          0          0         68   llshl.o
        32          0          0          0          0         68   llushr.o
       188         20          0          0          0        160   malloc.o
        36          0          0          0          0         68   memcpya.o
        36          0          0          0          0        108   memseta.o
         0          0          0          8          0          0   mvars.o
      1280         64          0          0          0        656   printf8.o
         0          0          0          4          0          0   stdout.o
        24          0          0          0          0         68   strcat.o
        20          0          0          0          0         68   strchr.o
        28          0          0          0          0         76   strcmp.o
        18          0          0          0          0         68   strcpy.o
        14          0          0          0          0         68   strlen.o
        36          0          0          0          0         80   strstr.o
       104          0          0          0          0         92   uldiv.o

    ----------------------------------------------------------------------
      2068        100          0         12          0       1860   Library Totals
         6          0          0          0          0          0   (incl. Padding)

    ----------------------------------------------------------------------

      Code (inc. data)   RO Data    RW Data    ZI Data      Debug   Library Name

        16          0          0          0          0         68   cpprt_w.l
      2046        100          0         12          0       1792   mc_w.l

    ----------------------------------------------------------------------
      2068        100          0         12          0       1860   Library Totals

    ----------------------------------------------------------------------

==============================================================================


      Code (inc. data)   RO Data    RW Data    ZI Data      Debug   

     30676       4174       1452        344      16800    1929358   Grand Totals
     30676       4174       1452        172      16800    1929358   ELF Image Totals (compressed)
     30676       4174       1452        172          0          0   ROM Totals

==============================================================================

    Total RO  Size (Code + RO Data)                32128 (  31.38kB)
    Total RW  Size (RW Data + ZI Data)             17144 (  16.74kB)
    Total ROM Size (Code + RO Data + RW Data)      32300 (  31.54kB)

==============================================================================

