<html>
<body>
<pre>
<h1>µVision Build Log</h1>
<h2>Tool Versions:</h2>
IDE-Version: ¦ÌVision V5.28.0.0
Copyright (C) 2019 ARM Ltd and ARM Germany GmbH. All rights reserved.
License Information: Saxon Wan, ZJU, LIC=6XJFW-QAQI7-488FA-1XIW8-56IJG-FHQ76
 
Tool Versions:
Toolchain:       MDK-ARM Professional  Version: 5.28.0.0
Toolchain Path:  C:\Keil_v5\ARM\ARMCC\Bin
C Compiler:      Armcc.exe V5.06 update 6 (build 750)
Assembler:       Armasm.exe V5.06 update 6 (build 750)
Linker/Locator:  ArmLink.exe V5.06 update 6 (build 750)
Library Manager: ArmAr.exe V5.06 update 6 (build 750)
Hex Converter:   FromElf.exe V5.06 update 6 (build 750)
CPU DLL:         SARMCM3.DLL V5.28.0.0
Dialog DLL:      DCM.DLL V1.17.3.0
Target DLL:      STLink\ST-LINKIII-KEIL_SWO.dll V3.0.6.0
Dialog DLL:      TCM.DLL V1.36.2.0
 
<h2>Project:</h2>
D:\CubeProject\Dobot v3\MDK-ARM\Dobot.uvprojx
Project File Date:  08/25/2020

<h2>Output:</h2>
*** Using Compiler 'V5.06 update 6 (build 750)', folder: 'C:\Keil_v5\ARM\ARMCC\Bin'
*** Warning: You are compiling one or more files of source type C++ and have selected 'use MicroLIB'. MicroLIB does not support C++!
  
Rebuild target 'Dobot'
assembling startup_stm32l476xx.s...
compiling command.cpp...
compiling tim.c...
compiling Motor.c...
compiling stm32l4xx_it.c...
compiling gpio.c...
compiling stm32l4xx_hal_msp.c...
compiling emw3080.c...
..\Src\emw3080.c(264): warning:  #177-D: variable "len"  was declared but never referenced
  	int len;
..\Src\emw3080.c(283): warning:  #1-D: last line of file ends without a newline
  }
..\Src\emw3080.c: 2 warnings, 0 errors
compiling main.cpp...
..\Src\ArduinoJson/Deserialization/../Serialization/JsonWriter.hpp(84): warning:  #1035-D: single-precision operand implicitly converted to double-precision
      if (value < 0.0) {
          detected during:
            instantiation of "void ArduinoJson::Internals::JsonWriter<Print>::writeFloat(TFloat) [with Print=ArduinoJson::Internals::StaticStringBuilder, TFloat=float]"  at line 70 of "..\Src\ArduinoJson/Serialization/JsonSerializerImpl.hpp"
            instantiation of "void ArduinoJson::Internals::JsonSerializer<Writer>::serialize(const ArduinoJson::JsonVariant &, Writer &) [with Writer=ArduinoJson::Internals::JsonWriter<ArduinoJson::Internals::StaticStringBuilder>]"  at line 47 of "..\Src\ArduinoJson/Serialization/JsonSerializerImpl.hpp"
            instantiation of "void ArduinoJson::Internals::JsonSerializer<Writer>::serialize(const ArduinoJson::JsonObject &, Writer &) [with Writer=ArduinoJson::Internals::JsonWriter<ArduinoJson::Internals::StaticStringBuilder>]"  at line 35 of "..\Src\ArduinoJson/Deserialization/../Serialization/JsonPrintable.hpp"
            instantiation of "ArduinoJson::Internals::EnableIf<<expression>, std::size_t>::type ArduinoJson::Internals::JsonPrintable<T>::printTo(Print &) const [with T=ArduinoJson::JsonObject, Print=ArduinoJson::Internals::StaticStringBuilder]"  at line 49 of "..\Src\ArduinoJson/Deserialization/../Serialization/JsonPrintable.hpp"
            instantiation of "std::size_t ArduinoJson::Internals::JsonPrintable<T>::printTo(char *, std::size_t) const [with T=ArduinoJson::JsonObject]"  at line 377 of "..\Src\main.cpp"
..\Src\ArduinoJson/Deserialization/../Serialization/../Serialization/FloatParts.hpp(65): warning:  #1035-D: single-precision operand implicitly converted to double-precision
      if (value >= ARDUINOJSON_POSITIVE_EXPONENTIATION_THRESHOLD) {
          detected during:
            instantiation of "std::int16_t ArduinoJson::Internals::FloatParts<TFloat>::normalize(TFloat &) [with TFloat=float]"  at line 25
            instantiation of "ArduinoJson::Internals::FloatParts<TFloat>::FloatParts(TFloat) [with TFloat=float]"  at line 91 of "..\Src\ArduinoJson/Deserialization/../Serialization/JsonWriter.hpp"
            instantiation of "void ArduinoJson::Internals::JsonWriter<Print>::writeFloat(TFloat) [with Print=ArduinoJson::Internals::StaticStringBuilder, TFloat=float]"  at line 70 of "..\Src\ArduinoJson/Serialization/JsonSerializerImpl.hpp"
            instantiation of "void ArduinoJson::Internals::JsonSerializer<Writer>::serialize(const ArduinoJson::JsonVariant &, Writer &) [with Writer=ArduinoJson::Internals::JsonWriter<ArduinoJson::Internals::StaticStringBuilder>]"  at line 47 of "..\Src\ArduinoJson/Serialization/JsonSerializerImpl.hpp"
            instantiation of "void ArduinoJson::Internals::JsonSerializer<Writer>::serialize(const ArduinoJson::JsonObject &, Writer &) [with Writer=ArduinoJson::Internals::JsonWriter<ArduinoJson::Internals::StaticStringBuilder>]"  at line 35 of "..\Src\ArduinoJson/Deserialization/../Serialization/JsonPrintable.hpp"
            instantiation of "ArduinoJson::Internals::EnableIf<<expression>, std::size_t>::type ArduinoJson::Internals::JsonPrintable<T>::printTo(Print &) const [with T=ArduinoJson::JsonObject, Print=ArduinoJson::Internals::StaticStringBuilder]"  at line 49 of "..\Src\ArduinoJson/Deserialization/../Serialization/JsonPrintable.hpp"
            instantiation of "std::size_t ArduinoJson::Internals::JsonPrintable<T>::printTo(char *, std::size_t) const [with T=ArduinoJson::JsonObject]"  at line 377 of "..\Src\main.cpp"
..\Src\ArduinoJson/Deserialization/../Serialization/../Serialization/FloatParts.hpp(75): warning:  #1035-D: single-precision operand implicitly converted to double-precision
      if (value > 0 && value <= ARDUINOJSON_NEGATIVE_EXPONENTIATION_THRESHOLD) {
          detected during:
            instantiation of "std::int16_t ArduinoJson::Internals::FloatParts<TFloat>::normalize(TFloat &) [with TFloat=float]"  at line 25
            instantiation of "ArduinoJson::Internals::FloatParts<TFloat>::FloatParts(TFloat) [with TFloat=float]"  at line 91 of "..\Src\ArduinoJson/Deserialization/../Serialization/JsonWriter.hpp"
            instantiation of "void ArduinoJson::Internals::JsonWriter<Print>::writeFloat(TFloat) [with Print=ArduinoJson::Internals::StaticStringBuilder, TFloat=float]"  at line 70 of "..\Src\ArduinoJson/Serialization/JsonSerializerImpl.hpp"
            instantiation of "void ArduinoJson::Internals::JsonSerializer<Writer>::serialize(const ArduinoJson::JsonVariant &, Writer &) [with Writer=ArduinoJson::Internals::JsonWriter<ArduinoJson::Internals::StaticStringBuilder>]"  at line 47 of "..\Src\ArduinoJson/Serialization/JsonSerializerImpl.hpp"
            instantiation of "void ArduinoJson::Internals::JsonSerializer<Writer>::serialize(const ArduinoJson::JsonObject &, Writer &) [with Writer=ArduinoJson::Internals::JsonWriter<ArduinoJson::Internals::StaticStringBuilder>]"  at line 35 of "..\Src\ArduinoJson/Deserialization/../Serialization/JsonPrintable.hpp"
            instantiation of "ArduinoJson::Internals::EnableIf<<expression>, std::size_t>::type ArduinoJson::Internals::JsonPrintable<T>::printTo(Print &) const [with T=ArduinoJson::JsonObject, Print=ArduinoJson::Internals::StaticStringBuilder]"  at line 49 of "..\Src\ArduinoJson/Deserialization/../Serialization/JsonPrintable.hpp"
            instantiation of "std::size_t ArduinoJson::Internals::JsonPrintable<T>::printTo(char *, std::size_t) const [with T=ArduinoJson::JsonObject]"  at line 377 of "..\Src\main.cpp"
..\Src\main.cpp(577): warning:  #1-D: last line of file ends without a newline
  /************************ (C) COPYRIGHT STMicroelectronics *****END OF FILE****/
..\Src\ArduinoJson/Deserialization/../Serialization/../Serialization/../Polyfills/math.hpp(16): warning:  #1035-D: single-precision operand implicitly converted to double-precision
    return x != 0.0 && x * 2 == x;
          detected during instantiation of "bool ArduinoJson::Internals::isInfinity(T) [with T=float]"  at line 89 of "..\Src\ArduinoJson/Deserialization/../Serialization/JsonWriter.hpp"
..\Src\main.cpp: 5 warnings, 0 errors
compiling usart.c...
compiling stm32l4xx_hal_i2c_ex.c...
compiling dobot.cpp...
compiling stm32l4xx_hal.c...
compiling stm32l4xx_hal_uart_ex.c...
compiling stm32l4xx_hal_tim_ex.c...
compiling stm32l4xx_hal_uart.c...
compiling stm32l4xx_hal_i2c.c...
compiling stm32l4xx_hal_tim.c...
compiling stm32l4xx_hal_flash_ramfunc.c...
compiling stm32l4xx_hal_flash_ex.c...
compiling stm32l4xx_hal_rcc.c...
compiling stm32l4xx_hal_gpio.c...
compiling stm32l4xx_hal_flash.c...
compiling stm32l4xx_hal_rcc_ex.c...
compiling stm32l4xx_hal_dma.c...
compiling stm32l4xx_hal_dma_ex.c...
compiling Message.cpp...
compiling Packet.cpp...
compiling RingBuffer.cpp...
compiling platform_util.c...
compiling md_wrap.c...
compiling md.c...
compiling sha1.c...
compiling stm32l4xx_hal_pwr.c...
compiling stm32l4xx_hal_cortex.c...
compiling system_stm32l4xx.c...
compiling stm32l4xx_hal_exti.c...
compiling Protocol.cpp...
compiling stm32l4xx_hal_pwr_ex.c...
compiling hmac_sha1.c...
linking...
Program Size: Code=30676 RO-data=1452 RW-data=344 ZI-data=16800  
FromELF: creating hex file...
"Dobot\Dobot.axf" - 0 Error(s), 7 Warning(s).

<h2>Software Packages used:</h2>

Package Vendor: ARM
                http://www.keil.com/pack/ARM.CMSIS.5.5.1.pack
                ARM.CMSIS.5.5.1
                CMSIS (Cortex Microcontroller Software Interface Standard)
   * Component: CORE Version: 5.2.0

Package Vendor: Keil
                https://www.keil.com/pack/Keil.STM32L4xx_DFP.2.4.0.pack
                Keil.STM32L4xx_DFP.2.4.0
                STMicroelectronics STM32L4 Series Device Support, Drivers and Examples

<h2>Collection of Component include folders:</h2>
  .\RTE\_Dobot
  C:\Users\MI\AppData\Local\Arm\Packs\ARM\CMSIS\5.5.1\CMSIS\Core\Include
  C:\Users\MI\AppData\Local\Arm\Packs\Keil\STM32L4xx_DFP\2.4.0\Drivers\CMSIS\Device\ST\STM32L4xx\Include

<h2>Collection of Component Files used:</h2>

   * Component: ARM::CMSIS:CORE:5.2.0
Build Time Elapsed:  00:01:32
</pre>
</body>
</html>
