Component: ARM Compiler 5.06 update 6 (build 750) Tool: armlink [4d35ed]

==============================================================================

Section Cross References

    startup_stm32l476xx.o(RESET) refers to startup_stm32l476xx.o(STACK) for __initial_sp
    startup_stm32l476xx.o(RESET) refers to startup_stm32l476xx.o(.text) for Reset_Handler
    startup_stm32l476xx.o(RESET) refers to stm32l4xx_it.o(i.NMI_Handler) for NMI_Handler
    startup_stm32l476xx.o(RESET) refers to stm32l4xx_it.o(i.HardFault_Handler) for HardFault_Handler
    startup_stm32l476xx.o(RESET) refers to stm32l4xx_it.o(i.MemManage_Handler) for MemManage_Handler
    startup_stm32l476xx.o(RESET) refers to stm32l4xx_it.o(i.BusFault_Handler) for BusFault_Handler
    startup_stm32l476xx.o(RESET) refers to stm32l4xx_it.o(i.UsageFault_Handler) for UsageFault_Handler
    startup_stm32l476xx.o(RESET) refers to stm32l4xx_it.o(i.SVC_Handler) for SVC_Handler
    startup_stm32l476xx.o(RESET) refers to stm32l4xx_it.o(i.DebugMon_Handler) for DebugMon_Handler
    startup_stm32l476xx.o(RESET) refers to stm32l4xx_it.o(i.PendSV_Handler) for PendSV_Handler
    startup_stm32l476xx.o(RESET) refers to stm32l4xx_it.o(i.SysTick_Handler) for SysTick_Handler
    startup_stm32l476xx.o(RESET) refers to stm32l4xx_it.o(i.EXTI0_IRQHandler) for EXTI0_IRQHandler
    startup_stm32l476xx.o(RESET) refers to stm32l4xx_it.o(i.TIM2_IRQHandler) for TIM2_IRQHandler
    startup_stm32l476xx.o(RESET) refers to stm32l4xx_it.o(i.TIM4_IRQHandler) for TIM4_IRQHandler
    startup_stm32l476xx.o(RESET) refers to stm32l4xx_it.o(i.USART1_IRQHandler) for USART1_IRQHandler
    startup_stm32l476xx.o(RESET) refers to stm32l4xx_it.o(i.USART2_IRQHandler) for USART2_IRQHandler
    startup_stm32l476xx.o(RESET) refers to stm32l4xx_it.o(i.USART3_IRQHandler) for USART3_IRQHandler
    startup_stm32l476xx.o(RESET) refers to stm32l4xx_it.o(i.UART4_IRQHandler) for UART4_IRQHandler
    startup_stm32l476xx.o(.text) refers to system_stm32l4xx.o(i.SystemInit) for SystemInit
    startup_stm32l476xx.o(.text) refers to entry.o(.ARM.Collect$$$$00000000) for __main
    command.o(i._Z16SetPTPJumpParamsP16tagPTPJumpParamsbPy) refers to memseta.o(.text) for __aeabi_memclr4
    command.o(i._Z16SetPTPJumpParamsP16tagPTPJumpParamsbPy) refers to memcpya.o(.text) for __aeabi_memcpy
    command.o(i._Z16SetPTPJumpParamsP16tagPTPJumpParamsbPy) refers to message.o(i.MessageWrite) for MessageWrite
    command.o(i._Z16SetPTPJumpParamsP16tagPTPJumpParamsbPy) refers to protocol.o(.bss) for gUART4ProtocolHandler
    command.o(i._Z17SetJOGJointParamsP17tagJOGJointParamsbPy) refers to memseta.o(.text) for __aeabi_memclr4
    command.o(i._Z17SetJOGJointParamsP17tagJOGJointParamsbPy) refers to memcpya.o(.text) for __aeabi_memcpy
    command.o(i._Z17SetJOGJointParamsP17tagJOGJointParamsbPy) refers to message.o(i.MessageWrite) for MessageWrite
    command.o(i._Z17SetJOGJointParamsP17tagJOGJointParamsbPy) refers to protocol.o(.bss) for gUART4ProtocolHandler
    command.o(i._Z17SetPTPJointParamsP17tagPTPJointParamsbPy) refers to memseta.o(.text) for __aeabi_memclr4
    command.o(i._Z17SetPTPJointParamsP17tagPTPJointParamsbPy) refers to memcpya.o(.text) for __aeabi_memcpy
    command.o(i._Z17SetPTPJointParamsP17tagPTPJointParamsbPy) refers to message.o(i.MessageWrite) for MessageWrite
    command.o(i._Z17SetPTPJointParamsP17tagPTPJointParamsbPy) refers to protocol.o(.bss) for gUART4ProtocolHandler
    command.o(i._Z18SetJOGCommonParamsP18tagJOGCommonParamsbPy) refers to memseta.o(.text) for __aeabi_memclr4
    command.o(i._Z18SetJOGCommonParamsP18tagJOGCommonParamsbPy) refers to memcpya.o(.text) for __aeabi_memcpy
    command.o(i._Z18SetJOGCommonParamsP18tagJOGCommonParamsbPy) refers to message.o(i.MessageWrite) for MessageWrite
    command.o(i._Z18SetJOGCommonParamsP18tagJOGCommonParamsbPy) refers to protocol.o(.bss) for gUART4ProtocolHandler
    command.o(i._Z18SetPTPCommonParamsP18tagPTPCommonParamsbPy) refers to memseta.o(.text) for __aeabi_memclr4
    command.o(i._Z18SetPTPCommonParamsP18tagPTPCommonParamsbPy) refers to memcpya.o(.text) for __aeabi_memcpy
    command.o(i._Z18SetPTPCommonParamsP18tagPTPCommonParamsbPy) refers to message.o(i.MessageWrite) for MessageWrite
    command.o(i._Z18SetPTPCommonParamsP18tagPTPCommonParamsbPy) refers to protocol.o(.bss) for gUART4ProtocolHandler
    command.o(i._Z19SetEndEffectorLaserbbPy) refers to memseta.o(.text) for __aeabi_memclr4
    command.o(i._Z19SetEndEffectorLaserbbPy) refers to message.o(i.MessageWrite) for MessageWrite
    command.o(i._Z19SetEndEffectorLaserbbPy) refers to protocol.o(.bss) for gUART4ProtocolHandler
    command.o(i._Z20SetEndEffectorParamsP20tagEndEffectorParamsbPy) refers to memseta.o(.text) for __aeabi_memclr4
    command.o(i._Z20SetEndEffectorParamsP20tagEndEffectorParamsbPy) refers to memcpya.o(.text) for __aeabi_memcpy
    command.o(i._Z20SetEndEffectorParamsP20tagEndEffectorParamsbPy) refers to message.o(i.MessageWrite) for MessageWrite
[...]
    HAL_UART_TxCpltCallback                  0x08003225   Thumb Code    82  usart.o(i.HAL_UART_TxCpltCallback)
    HardFault_Handler                        0x08003295   Thumb Code     4  stm32l4xx_it.o(i.HardFault_Handler)
    MX_GPIO_Init                             0x08003299   Thumb Code   316  gpio.o(i.MX_GPIO_Init)
    MX_TIM2_Init                             0x080033e5   Thumb Code   104  tim.o(i.MX_TIM2_Init)
    MX_TIM3_Init                             0x08003451   Thumb Code   120  tim.o(i.MX_TIM3_Init)
    MX_UART4_Init                            0x080034d1   Thumb Code    56  usart.o(i.MX_UART4_Init)
    MX_USART1_UART_Init                      0x08003511   Thumb Code    56  usart.o(i.MX_USART1_UART_Init)
    MX_USART2_UART_Init                      0x08003551   Thumb Code    56  usart.o(i.MX_USART2_UART_Init)
    MX_USART3_UART_Init                      0x08003591   Thumb Code    56  usart.o(i.MX_USART3_UART_Init)
    Mbedtls_SHA1_HMAC_Compute                0x080035d1   Thumb Code   128  hmac_sha1.o(i.Mbedtls_SHA1_HMAC_Compute)
    MemManage_Handler                        0x08003657   Thumb Code     4  stm32l4xx_it.o(i.MemManage_Handler)
    MessageProcess                           0x0800365b   Thumb Code    12  message.o(i.MessageProcess)
    MessageRead                              0x08003667   Thumb Code    80  message.o(i.MessageRead)
    MessageWrite                             0x080036b7   Thumb Code    94  message.o(i.MessageWrite)
    NMI_Handler                              0x08003715   Thumb Code     2  stm32l4xx_it.o(i.NMI_Handler)
    PendSV_Handler                           0x08003717   Thumb Code     2  stm32l4xx_it.o(i.PendSV_Handler)
    ProtocolInit                             0x08003719   Thumb Code    56  protocol.o(i.ProtocolInit)
    ProtocolProcess                          0x08003769   Thumb Code    38  protocol.o(i.ProtocolProcess)
    RingBufferDataAt                         0x08003b25   Thumb Code    30  packet.o(i.RingBufferDataAt)
    RingBufferDequeue                        0x08003b43   Thumb Code    88  ringbuffer.o(i.RingBufferDequeue)
    RingBufferEnqueue                        0x08003b9b   Thumb Code    94  ringbuffer.o(i.RingBufferEnqueue)
    RingBufferInit                           0x08003bf9   Thumb Code    44  ringbuffer.o(i.RingBufferInit)
    SVC_Handler                              0x08003c25   Thumb Code     2  stm32l4xx_it.o(i.SVC_Handler)
    SysTick_Handler                          0x08003c27   Thumb Code     8  stm32l4xx_it.o(i.SysTick_Handler)
    SystemInit                               0x08003c31   Thumb Code    68  system_stm32l4xx.o(i.SystemInit)
    TIM2_IRQHandler                          0x08003c81   Thumb Code    10  stm32l4xx_it.o(i.TIM2_IRQHandler)
    TIM4_IRQHandler                          0x08003c91   Thumb Code    10  stm32l4xx_it.o(i.TIM4_IRQHandler)
    TIM_Base_SetConfig                       0x08003ca1   Thumb Code   170  stm32l4xx_hal_tim.o(i.TIM_Base_SetConfig)
    TIM_CCxChannelCmd                        0x08003d6d   Thumb Code    34  stm32l4xx_hal_tim.o(i.TIM_CCxChannelCmd)
    TIM_ETR_SetConfig                        0x08003d8f   Thumb Code    22  stm32l4xx_hal_tim.o(i.TIM_ETR_SetConfig)
    TIM_OC2_SetConfig                        0x08003e65   Thumb Code   156  stm32l4xx_hal_tim.o(i.TIM_OC2_SetConfig)
    UART4_IRQHandler                         0x08004171   Thumb Code    10  stm32l4xx_it.o(i.UART4_IRQHandler)
    UART_AdvFeatureConfig                    0x08004181   Thumb Code   248  stm32l4xx_hal_uart.o(i.UART_AdvFeatureConfig)
    UART_CheckIdleState                      0x08004279   Thumb Code   110  stm32l4xx_hal_uart.o(i.UART_CheckIdleState)
    UART_SetConfig                           0x08004411   Thumb Code  1150  stm32l4xx_hal_uart.o(i.UART_SetConfig)
    UART_WaitOnFlagUntilTimeout              0x0800491f   Thumb Code   104  stm32l4xx_hal_uart.o(i.UART_WaitOnFlagUntilTimeout)
    USART1_IRQHandler                        0x08004989   Thumb Code    10  stm32l4xx_it.o(i.USART1_IRQHandler)
    USART2_IRQHandler                        0x08004999   Thumb Code    10  stm32l4xx_it.o(i.USART2_IRQHandler)
    USART3_IRQHandler                        0x080049a9   Thumb Code    10  stm32l4xx_it.o(i.USART3_IRQHandler)
    UsageFault_Handler                       0x080049b9   Thumb Code     4  stm32l4xx_it.o(i.UsageFault_Handler)
    dobot_init()                             0x080049bd   Thumb Code   272  dobot.o(i._Z10dobot_initv)
    json_status(int, int, int, int, int, int, int, int) 0x08004b05   Thumb Code   572  main.o(i._Z11json_statusiiiiiiii)
    PacketProcess(tagProtocolHandler*)       0x08004df5   Thumb Code    18  packet.o(i._Z13PacketProcessP18tagProtocolHandler)
    service_reply()                          0x08004e09   Thumb Code   368  main.o(i._Z13service_replyv)
    camera_request(int)                      0x08005059   Thumb Code   182  main.o(i._Z14camera_requesti)
    SetPTPCommonParams(tagPTPCommonParams*, bool, unsigned long long*) 0x08005331   Thumb Code    66  command.o(i._Z18SetPTPCommonParamsP18tagPTPCommonParamsbPy)
    SystemClock_Config()                     0x08005379   Thumb Code   148  main.o(i._Z18SystemClock_Configv)
    CtrEndEffectorGripper(bool, bool, bool, unsigned long long*) 0x0800540d   Thumb Code    64  command.o(i._Z21CtrEndEffectorGripperbbbPy)
    SetPTPCoordinateParams(tagPTPCoordinateParams*, bool, unsigned long long*) 0x08005451   Thumb Code    66  command.o(i._Z22SetPTPCoordinateParamsP22tagPTPCoordinateParamsbPy)
    grip_GS(int)                             0x08005499   Thumb Code   576  dobot.o(i._Z7grip_GSi)
    grip_RS(int)                             0x08005759   Thumb Code   576  dobot.o(i._Z7grip_RSi)
    initial()                                0x08005a21   Thumb Code   148  main.o(i._Z7initialv)
    SetPTPCmd(tagPTPCmd*, bool, unsigned long long*) 0x08005b29   Thumb Code    66  command.o(i._Z9SetPTPCmdP9tagPTPCmdbPy)
    ArduinoJson::JsonBuffer::createObject()  0x08005b71   Thumb Code    44  main.o(i._ZN11ArduinoJson10JsonBuffer12createObjectEv)
    ArduinoJson::JsonObject::invalid()       0x08005b9d   Thumb Code    38  main.o(i._ZN11ArduinoJson10JsonObject7invalidEv)
    ArduinoJson::JsonObject::JsonObject(ArduinoJson::JsonBuffer*) 0x08005bcd   Thumb Code    20  main.o(i._ZN11ArduinoJson10JsonObjectC1EPNS_10JsonBufferE)
    ArduinoJson::JsonObject::JsonObject__sub_object(ArduinoJson::JsonBuffer*) 0x08005bcd   Thumb Code     0  main.o(i._ZN11ArduinoJson10JsonObjectC1EPNS_10JsonBufferE)
    ArduinoJson::JsonVariant::JsonVariant(const ArduinoJson::JsonObject&) 0x08005be1   Thumb Code    30  main.o(i._ZN11ArduinoJson11JsonVariantC1ERKNS_10JsonObjectE)
    ArduinoJson::JsonVariant::JsonVariant__sub_object(const ArduinoJson::JsonObject&) 0x08005be1   Thumb Code     0  main.o(i._ZN11ArduinoJson11JsonVariantC1ERKNS_10JsonObjectE)
    ArduinoJson::JsonVariant::JsonVariant()  0x08005bff   Thumb Code     6  main.o(i._ZN11ArduinoJson11JsonVariantC1Ev)
    ArduinoJson::JsonVariant::JsonVariant__sub_object() 0x08005bff   Thumb Code     0  main.o(i._ZN11ArduinoJson11JsonVariantC1Ev)
    ArduinoJson::StaticJsonBuffer<(unsigned)200>::~StaticJsonBuffer() 0x08005c05   Thumb Code    14  main.o(i._ZN11ArduinoJson16StaticJsonBufferILj200EED1Ev)
    ArduinoJson::StaticJsonBuffer<(unsigned)200>::~StaticJsonBuffer__sub_object() 0x08005c05   Thumb Code     0  main.o(i._ZN11ArduinoJson16StaticJsonBufferILj200EED1Ev)
    ArduinoJson::Internals::JsonBufferAllocated::operator new(unsigned, ArduinoJson::JsonBuffer*) 0x08005c13   Thumb Code    24  main.o(i._ZN11ArduinoJson9Internals19JsonBufferAllocatednwEjPNS_10JsonBufferE)
    ArduinoJson::Internals::StaticJsonBufferBase::alloc(unsigned) 0x08005c2b   Thumb Code    64  main.o(i._ZN11ArduinoJson9Internals20StaticJsonBufferBase5allocEj)
    ArduinoJson::Internals::StaticJsonBufferBase::clear() 0x08005c6b   Thumb Code     6  main.o(i._ZN11ArduinoJson9Internals20StaticJsonBufferBase5clearEv)
    ArduinoJson::Internals::StaticJsonBufferBase::StaticJsonBufferBase(char*, unsigned) 0x08005c71   Thumb Code    22  main.o(i._ZN11ArduinoJson9Internals20StaticJsonBufferBaseC1EPcj)
    ArduinoJson::Internals::StaticJsonBufferBase::StaticJsonBufferBase__sub_object(char*, unsigned) 0x08005c71   Thumb Code     0  main.o(i._ZN11ArduinoJson9Internals20StaticJsonBufferBaseC1EPcj)
    ArduinoJson::Internals::StaticJsonBufferBase::~StaticJsonBufferBase() 0x08005c95   Thumb Code    14  main.o(i._ZN11ArduinoJson9Internals20StaticJsonBufferBaseD1Ev)
    ArduinoJson::Internals::StaticJsonBufferBase::~StaticJsonBufferBase__sub_object() 0x08005c95   Thumb Code     0  main.o(i._ZN11ArduinoJson9Internals20StaticJsonBufferBaseD1Ev)
    ArduinoJson::Internals::Encoding::escapeTable(bool) 0x08005ca5   Thumb Code    16  main.o(i._ZN11ArduinoJson9Internals8Encoding11escapeTableEb)
    ArduinoJson::JsonArray::invalid()        0x08005cb9   Thumb Code    38  main.o(i._ZN11ArduinoJson9JsonArray7invalidEv)
    ArduinoJson::JsonArray::JsonArray(ArduinoJson::JsonBuffer*) 0x08005ce9   Thumb Code    20  main.o(i._ZN11ArduinoJson9JsonArrayC1EPNS_10JsonBufferE)
    ArduinoJson::JsonArray::JsonArray__sub_object(ArduinoJson::JsonBuffer*) 0x08005ce9   Thumb Code     0  main.o(i._ZN11ArduinoJson9JsonArrayC1EPNS_10JsonBufferE)
    std::strstr(char*, const char*)          0x08005cfd   Thumb Code    16  main.o(i._ZSt6strstrPcPKc)
    __0printf$8                              0x08005d0d   Thumb Code    22  printf8.o(i.__0printf$8)
    __1printf$8                              0x08005d0d   Thumb Code     0  printf8.o(i.__0printf$8)
    __2printf                                0x08005d0d   Thumb Code     0  printf8.o(i.__0printf$8)
    __0snprintf$8                            0x08005d2d   Thumb Code    44  printf8.o(i.__0snprintf$8)
    __1snprintf$8                            0x08005d2d   Thumb Code     0  printf8.o(i.__0snprintf$8)
    __2snprintf                              0x08005d2d   Thumb Code     0  printf8.o(i.__0snprintf$8)
    __0sprintf$8                             0x08005d5d   Thumb Code    34  printf8.o(i.__0sprintf$8)
    __1sprintf$8                             0x08005d5d   Thumb Code     0  printf8.o(i.__0sprintf$8)
    __2sprintf                               0x08005d5d   Thumb Code     0  printf8.o(i.__0sprintf$8)
    __cxa_guard_acquire                      0x08005dbd   Thumb Code    16  cxa_guard_acquire.o(i.__cxa_guard_acquire)
    __cxa_pure_virtual                       0x08005dcd   Thumb Code     6  pure_virt.o(i.__cxa_pure_virtual)
    __scatterload_copy                       0x08005dd3   Thumb Code    14  handlers.o(i.__scatterload_copy)
    __scatterload_null                       0x08005de1   Thumb Code     2  handlers.o(i.__scatterload_null)
    __scatterload_zeroinit                   0x08005de3   Thumb Code    14  handlers.o(i.__scatterload_zeroinit)
    check_send_command                       0x08006279   Thumb Code   138  usart.o(i.check_send_command)
    emw3080_init                             0x08006321   Thumb Code   212  emw3080.o(i.emw3080_init)
    fputc                                    0x080065a9   Thumb Code    22  usart.o(i.fputc)
    free                                     0x080065c5   Thumb Code    76  malloc.o(i.free)
    get_mqtt_password                        0x08006615   Thumb Code   110  hmac_sha1.o(i.get_mqtt_password)
    main                                     0x0800668d   Thumb Code   982  main.o(i.main)
    malloc                                   0x08006b85   Thumb Code    92  malloc.o(i.malloc)
    mbedtls_internal_sha1_process            0x08006bf1   Thumb Code  5586  sha1.o(i.mbedtls_internal_sha1_process)
    mbedtls_md_free                          0x080081c9   Thumb Code    58  md.o(i.mbedtls_md_free)
    mbedtls_md_hmac_finish                   0x08008205   Thumb Code   118  md.o(i.mbedtls_md_hmac_finish)
    mbedtls_md_hmac_starts                   0x08008281   Thumb Code   214  md.o(i.mbedtls_md_hmac_starts)
    mbedtls_md_hmac_update                   0x0800835d   Thumb Code    36  md.o(i.mbedtls_md_hmac_update)
    mbedtls_md_info_from_type                0x08008385   Thumb Code    14  md.o(i.mbedtls_md_info_from_type)
    mbedtls_md_init                          0x08008399   Thumb Code    10  md.o(i.mbedtls_md_init)
    mbedtls_md_setup                         0x080083a5   Thumb Code    64  md.o(i.mbedtls_md_setup)
    mbedtls_platform_zeroize                 0x080083e9   Thumb Code    20  platform_util.o(i.mbedtls_platform_zeroize)
    mbedtls_sha1_clone                       0x08008401   Thumb Code    26  sha1.o(i.mbedtls_sha1_clone)
    mbedtls_sha1_finish_ret                  0x0800841b   Thumb Code   300  sha1.o(i.mbedtls_sha1_finish_ret)
    mbedtls_sha1_free                        0x08008547   Thumb Code    20  sha1.o(i.mbedtls_sha1_free)
    mbedtls_sha1_init                        0x0800855b   Thumb Code    18  sha1.o(i.mbedtls_sha1_init)
    mbedtls_sha1_ret                         0x0800856d   Thumb Code    80  sha1.o(i.mbedtls_sha1_ret)
    mbedtls_sha1_starts_ret                  0x080085bd   Thumb Code    38  sha1.o(i.mbedtls_sha1_starts_ret)
    mbedtls_sha1_update_ret                  0x080085f1   Thumb Code   154  sha1.o(i.mbedtls_sha1_update_ret)
    pub_data                                 0x0800868d   Thumb Code    96  emw3080.o(i.pub_data)
    service_pub_set                          0x08008701   Thumb Code    70  emw3080.o(i.service_pub_set)
    status_pub_set                           0x080087e9   Thumb Code    66  emw3080.o(i.status_pub_set)
    ArduinoJson::JsonObject& ArduinoJson::JsonObject::createNestedObject<const char>(T1*) 0x08008851   Thumb Code    48  main.o(t._ZN11ArduinoJson10JsonObject18createNestedObjectIKcEERS0_PT_)
    void ArduinoJson::JsonObject::remove<const char>(T1*) 0x08008881   Thumb Code    58  main.o(t._ZN11ArduinoJson10JsonObject6removeIKcEEvPT_)
    ArduinoJson::Internals::ListIterator<ArduinoJson::JsonPair> ArduinoJson::JsonObject::findKey<const char*>(T1) 0x080088bb   Thumb Code   130  main.o(t._ZN11ArduinoJson10JsonObject7findKeyIPKcEENS_9Internals12ListIteratorINS_8JsonPairEEET_)
    bool ArduinoJson::JsonObject::set_impl<const char*, const ArduinoJson::JsonVariant&>(T1, T2) 0x08008943   Thumb Code   130  main.o(t._ZN11ArduinoJson10JsonObject8set_implIPKcRKNS_11JsonVariantEEEbT_T0_)
    bool ArduinoJson::JsonObject::set_impl<const char*, const ArduinoJson::JsonObject&>(T1, T2) 0x080089cb   Thumb Code   144  main.o(t._ZN11ArduinoJson10JsonObject8set_implIPKcRKS0_EEbT_T0_)
    bool ArduinoJson::JsonObject::set_impl<const char*, const int&>(T1, T2) 0x08008a5b   Thumb Code   162  main.o(t._ZN11ArduinoJson10JsonObject8set_implIPKcRKiEEbT_T0_)
    bool ArduinoJson::JsonObject::set_impl<const char*, const char*>(T1, T2) 0x08008afd   Thumb Code   146  main.o(t._ZN11ArduinoJson10JsonObject8set_implIPKcS3_EEbT_T0_)
    ArduinoJson::Internals::JsonObjectSubscript<T1*> ArduinoJson::JsonObject::operator []<const char>(T1*) 0x08008b8f   Thumb Code    10  main.o(t._ZN11ArduinoJson10JsonObjectixIKcEENS_9Internals19JsonObjectSubscriptIPT_EES6_)
    ArduinoJson::JsonVariant::JsonVariant<char>(const T1*, ArduinoJson::Internals::EnableIf<ArduinoJson::Internals::IsChar<T1>::value, void>::type*) 0x08008b99   Thumb Code     8  main.o(t._ZN11ArduinoJson11JsonVariantC1IcEEPKT_PNS_9Internals8EnableIfIXsr11ArduinoJson9Internals6IsCharIT_EE5valueEvE4typeE)
    ArduinoJson::JsonVariant::JsonVariant__sub_object<char>(const T1*, ArduinoJson::Internals::EnableIf<ArduinoJson::Internals::IsChar<T1>::value, void>::type*) 0x08008b99   Thumb Code     0  main.o(t._ZN11ArduinoJson11JsonVariantC1IcEEPKT_PNS_9Internals8EnableIfIXsr11ArduinoJson9Internals6IsCharIT_EE5valueEvE4typeE)
    ArduinoJson::StaticJsonBuffer<(unsigned)200>::StaticJsonBuffer() 0x08008ba1   Thumb Code    26  main.o(t._ZN11ArduinoJson16StaticJsonBufferILj200EEC1Ev)
    ArduinoJson::StaticJsonBuffer<(unsigned)200>::StaticJsonBuffer__sub_object() 0x08008ba1   Thumb Code     0  main.o(t._ZN11ArduinoJson16StaticJsonBufferILj200EEC1Ev)
    ArduinoJson::Internals::FloatParts<float>::normalize(float&) 0x08008bc1   Thumb Code   228  main.o(t._ZN11ArduinoJson9Internals10FloatPartsIfE9normalizeERf)
    ArduinoJson::Internals::FloatParts<float>::FloatParts(float) 0x08008cbd   Thumb Code   232  main.o(t._ZN11ArduinoJson9Internals10FloatPartsIfEC1Ef)
    ArduinoJson::Internals::FloatParts<float>::FloatParts__sub_object(float) 0x08008cbd   Thumb Code     0  main.o(t._ZN11ArduinoJson9Internals10FloatPartsIfEC1Ef)
    ArduinoJson::Internals::JsonParser<ArduinoJson::Internals::CharPointerTraits<char>::Reader, ArduinoJson::Internals::StringWriter<char>>::parseArray() 0x08008da9   Thumb Code   244  main.o(t._ZN11ArduinoJson9Internals10JsonParserINS0_17CharPointerTraitsIcE6ReaderENS0_12StringWriterIcEEE10parseArrayEv)
    ArduinoJson::Internals::JsonParser<ArduinoJson::Internals::CharPointerTraits<char>::Reader, ArduinoJson::Internals::StringWriter<char>>::parseObject() 0x08008e9d   Thumb Code   170  main.o(t._ZN11ArduinoJson9Internals10JsonParserINS0_17CharPointerTraitsIcE6ReaderENS0_12StringWriterIcEEE11parseObjectEv)
    ArduinoJson::Internals::JsonParser<ArduinoJson::Internals::CharPointerTraits<char>::Reader, ArduinoJson::Internals::StringWriter<char>>::parseString() 0x08008f47   Thumb Code   266  main.o(t._ZN11ArduinoJson9Internals10JsonParserINS0_17CharPointerTraitsIcE6ReaderENS0_12StringWriterIcEEE11parseStringEv)
    ArduinoJson::Internals::JsonParser<ArduinoJson::Internals::CharPointerTraits<char>::Reader, ArduinoJson::Internals::StringWriter<char>>::parseStringTo(ArduinoJson::JsonVariant*) 0x08009051   Thumb Code    96  main.o(t._ZN11ArduinoJson9Internals10JsonParserINS0_17CharPointerTraitsIcE6ReaderENS0_12StringWriterIcEEE13parseStringToEPNS_11JsonVariantE)
    ArduinoJson::Internals::JsonParser<ArduinoJson::Internals::CharPointerTraits<char>::Reader, ArduinoJson::Internals::StringWriter<char>>::parseAnythingTo(ArduinoJson::JsonVariant*) 0x080090b1   Thumb Code   144  main.o(t._ZN11ArduinoJson9Internals10JsonParserINS0_17CharPointerTraitsIcE6ReaderENS0_12StringWriterIcEEE15parseAnythingToEPNS_11JsonVariantE)
    ArduinoJson::Internals::JsonParser<ArduinoJson::Internals::CharPointerTraits<char>::Reader, ArduinoJson::Internals::StringWriter<char>>::eat(char) 0x08009147   Thumb Code    44  main.o(t._ZN11ArduinoJson9Internals10JsonParserINS0_17CharPointerTraitsIcE6ReaderENS0_12StringWriterIcEEE3eatEc)
    ArduinoJson::Internals::JsonParser<ArduinoJson::Internals::CharPointerTraits<char>::Reader, ArduinoJson::Internals::StringWriter<char>>::isQuote(char) 0x08009173   Thumb Code    18  main.o(t._ZN11ArduinoJson9Internals10JsonParserINS0_17CharPointerTraitsIcE6ReaderENS0_12StringWriterIcEEE7isQuoteEc)
    ArduinoJson::Internals::JsonParser<ArduinoJson::Internals::CharPointerTraits<char>::Reader, ArduinoJson::Internals::StringWriter<char>>::isBetween(char, char, char) 0x08009185   Thumb Code    18  main.o(t._ZN11ArduinoJson9Internals10JsonParserINS0_17CharPointerTraitsIcE6ReaderENS0_12StringWriterIcEEE9isBetweenEccc)
    ArduinoJson::Internals::JsonWriter<ArduinoJson::Internals::StaticStringBuilder>::writeComma() 0x08009197   Thumb Code    14  main.o(t._ZN11ArduinoJson9Internals10JsonWriterINS0_19StaticStringBuilderEE10writeCommaEv)
    void ArduinoJson::Internals::JsonWriter<ArduinoJson::Internals::StaticStringBuilder>::writeFloat<float>(T1) 0x080091a5   Thumb Code   412  main.o(t._ZN11ArduinoJson9Internals10JsonWriterINS0_19StaticStringBuilderEE10writeFloatIfEEvT_)
    ArduinoJson::Internals::JsonWriter<ArduinoJson::Internals::StaticStringBuilder>::writeString(const char*) 0x08009355   Thumb Code   112  main.o(t._ZN11ArduinoJson9Internals10JsonWriterINS0_19StaticStringBuilderEE11writeStringEPKc)
    ArduinoJson::Internals::JsonWriter<ArduinoJson::Internals::StaticStringBuilder>::writeRaw(const char*) 0x080093c9   Thumb Code    58  main.o(t._ZN11ArduinoJson9Internals10JsonWriterINS0_19StaticStringBuilderEE8writeRawEPKc)
    ArduinoJson::Internals::JsonWriter<ArduinoJson::Internals::StaticStringBuilder>::writeRaw(char) 0x08009403   Thumb Code    44  main.o(t._ZN11ArduinoJson9Internals10JsonWriterINS0_19StaticStringBuilderEE8writeRawEc)
    bool ArduinoJson::Internals::ValueSaver<const char*, void>::save<const char*>(ArduinoJson::JsonBuffer*, T1&, const char*) 0x0800942f   Thumb Code     8  main.o(t._ZN11ArduinoJson9Internals10ValueSaverIPKcvE4saveIS3_EEbPNS_10JsonBufferERT_S3_)
    bool ArduinoJson::Internals::ValueSaver<const ArduinoJson::JsonVariant&, void>::save<ArduinoJson::JsonVariant>(ArduinoJson::JsonBuffer*, T1&, const ArduinoJson::JsonVariant&) 0x08009437   Thumb Code    16  main.o(t._ZN11ArduinoJson9Internals10ValueSaverIRKNS_11JsonVariantEvE4saveIS2_EEbPNS_10JsonBufferERT_S4_)
    bool ArduinoJson::Internals::isInfinity<float>(T1) 0x08009449   Thumb Code    66  main.o(t._ZN11ArduinoJson9Internals10isInfinityIfEEbT_)
    ArduinoJson::Internals::FloatTraits<float, (unsigned)4>::positiveBinaryPowerOfTen(int) 0x08009495   Thumb Code    12  main.o(t._ZN11ArduinoJson9Internals11FloatTraitsIfLj4EE24positiveBinaryPowerOfTenEi)
    ArduinoJson::Internals::ListIterator<ArduinoJson::JsonVariant>::ListIterator(ArduinoJson::Internals::ListNode<ArduinoJson::JsonVariant>*) 0x080094a5   Thumb Code     4  main.o(t._ZN11ArduinoJson9Internals12ListIteratorINS_11JsonVariantEEC1EPNS0_8ListNodeIS2_EE)
    ArduinoJson::Internals::ListIterator<ArduinoJson::JsonVariant>::ListIterator__sub_object(ArduinoJson::Internals::ListNode<ArduinoJson::JsonVariant>*) 0x080094a5   Thumb Code     0  main.o(t._ZN11ArduinoJson9Internals12ListIteratorINS_11JsonVariantEEC1EPNS0_8ListNodeIS2_EE)
    ArduinoJson::Internals::ListIterator<ArduinoJson::JsonPair>::ListIterator(ArduinoJson::Internals::ListNode<ArduinoJson::JsonPair>*) 0x080094a9   Thumb Code     4  main.o(t._ZN11ArduinoJson9Internals12ListIteratorINS_8JsonPairEEC1EPNS0_8ListNodeIS2_EE)
    ArduinoJson::Internals::ListIterator<ArduinoJson::JsonPair>::ListIterator__sub_object(ArduinoJson::Internals::ListNode<ArduinoJson::JsonPair>*) 0x080094a9   Thumb Code     0  main.o(t._ZN11ArduinoJson9Internals12ListIteratorINS_8JsonPairEEC1EPNS0_8ListNodeIS2_EE)
    ArduinoJson::Internals::ListIterator<ArduinoJson::JsonPair>::operator ->() 0x080094ad   Thumb Code     8  main.o(t._ZN11ArduinoJson9Internals12ListIteratorINS_8JsonPairEEptEv)
    ArduinoJson::Internals::StringWriter<char>::String::append(char) 0x080094b5   Thumb Code    16  main.o(t._ZN11ArduinoJson9Internals12StringWriterIcE6String6appendEc)
    T1 ArduinoJson::Internals::parseInteger<int>(const char*) 0x080094c5   Thumb Code    94  main.o(t._ZN11ArduinoJson9Internals12parseIntegerIiEET_PKc)
    ArduinoJson::JsonObject& ArduinoJson::Internals::JsonBufferBase<ArduinoJson::Internals::StaticJsonBufferBase>::parseObject<char>(T1*, unsigned char) 0x08009523   Thumb Code    62  main.o(t._ZN11ArduinoJson9Internals14JsonBufferBaseINS0_20StaticJsonBufferBaseEE11parseObjectIcEERNS_10JsonObjectEPT_h)
    ArduinoJson::Internals::JsonSerializer<ArduinoJson::Internals::JsonWriter<ArduinoJson::Internals::StaticStringBuilder>>::serialize(const ArduinoJson::JsonObject&, ArduinoJson::Internals::JsonWriter<ArduinoJson::Internals::StaticStringBuilder>&) 0x08009561   Thumb Code   160  main.o(t._ZN11ArduinoJson9Internals14JsonSerializerINS0_10JsonWriterINS0_19StaticStringBuilderEEEE9serializeERKNS_10JsonObjectERS4_)
    ArduinoJson::Internals::JsonSerializer<ArduinoJson::Internals::JsonWriter<ArduinoJson::Internals::StaticStringBuilder>>::serialize(const ArduinoJson::JsonVariant&, ArduinoJson::Internals::JsonWriter<ArduinoJson::Internals::StaticStringBuilder>&) 0x08009601   Thumb Code   196  main.o(t._ZN11ArduinoJson9Internals14JsonSerializerINS0_10JsonWriterINS0_19StaticStringBuilderEEEE9serializeERKNS_11JsonVariantERS4_)
    ArduinoJson::Internals::JsonSerializer<ArduinoJson::Internals::JsonWriter<ArduinoJson::Internals::StaticStringBuilder>>::serialize(const ArduinoJson::JsonArray&, ArduinoJson::Internals::JsonWriter<ArduinoJson::Internals::StaticStringBuilder>&) 0x080096cd   Thumb Code   136  main.o(t._ZN11ArduinoJson9Internals14JsonSerializerINS0_10JsonWriterINS0_19StaticStringBuilderEEEE9serializeERKNS_9JsonArrayERS4_)
    ArduinoJson::Internals::CharPointerTraits<const char>::is_null(const char*) 0x08009755   Thumb Code    12  main.o(t._ZN11ArduinoJson9Internals17CharPointerTraitsIKcE7is_nullEPS2_)
    ArduinoJson::Internals::CharPointerTraits<char>::Reader::move() 0x08009761   Thumb Code     8  main.o(t._ZN11ArduinoJson9Internals17CharPointerTraitsIcE6Reader4moveEv)
    ArduinoJson::Internals::JsonParserBuilder<ArduinoJson::Internals::StaticJsonBufferBase, char*, void>::makeParser(ArduinoJson::Internals::StaticJsonBufferBase*, char*, unsigned char) 0x08009769   Thumb Code    78  main.o(t._ZN11ArduinoJson9Internals17JsonParserBuilderINS0_20StaticJsonBufferBaseEPcvE10makeParserEPS2_S3_h)
    ArduinoJson::Internals::ListConstIterator<ArduinoJson::JsonVariant>::ListConstIterator(const ArduinoJson::Internals::ListNode<ArduinoJson::JsonVariant>*) 0x080097c3   Thumb Code     4  main.o(t._ZN11ArduinoJson9Internals17ListConstIteratorINS_11JsonVariantEEC1EPKNS0_8ListNodeIS2_EE)
    ArduinoJson::Internals::ListConstIterator<ArduinoJson::JsonVariant>::ListConstIterator__sub_object(const ArduinoJson::Internals::ListNode<ArduinoJson::JsonVariant>*) 0x080097c3   Thumb Code     0  main.o(t._ZN11ArduinoJson9Internals17ListConstIteratorINS_11JsonVariantEEC1EPKNS0_8ListNodeIS2_EE)
    ArduinoJson::Internals::ListConstIterator<ArduinoJson::JsonPair>::ListConstIterator(const ArduinoJson::Internals::ListNode<ArduinoJson::JsonPair>*) 0x080097c7   Thumb Code     4  main.o(t._ZN11ArduinoJson9Internals17ListConstIteratorINS_8JsonPairEEC1EPKNS0_8ListNodeIS2_EE)
    ArduinoJson::Internals::ListConstIterator<ArduinoJson::JsonPair>::ListConstIterator__sub_object(const ArduinoJson::Internals::ListNode<ArduinoJson::JsonPair>*) 0x080097c7   Thumb Code     0  main.o(t._ZN11ArduinoJson9Internals17ListConstIteratorINS_8JsonPairEEC1EPKNS0_8ListNodeIS2_EE)
    ArduinoJson::Internals::ListConstIterator<ArduinoJson::JsonPair>::operator ->() 0x080097cb   Thumb Code     8  main.o(t._ZN11ArduinoJson9Internals17ListConstIteratorINS_8JsonPairEEptEv)
    ArduinoJson::Internals::JsonObjectSubscript<const char*>& ArduinoJson::Internals::JsonObjectSubscript<const char*>::operator =<const char>(T1*) 0x080097d3   Thumb Code    28  main.o(t._ZN11ArduinoJson9Internals19JsonObjectSubscriptIPKcEaSIS2_EERS4_PT_)
    ArduinoJson::Internals::EnableIf<(!ArduinoJson::Internals::IsArray<T1>::value), ArduinoJson::Internals::JsonObjectSubscript<const char*>&>::type ArduinoJson::Internals::JsonObjectSubscript<const char*>::operator =<int>(const T1&) 0x080097ef   Thumb Code    28  main.o(t._ZN11ArduinoJson9Internals19JsonObjectSubscriptIPKcEaSIiEENS0_8EnableIfIXntsr11ArduinoJson9Internals7IsArrayIT_EE5valueERS4_E4typeERKS7_)
    ArduinoJson::Internals::EnableIf<ArduinoJson::Internals::StringTraits<const T1*, void>::has_equals, ArduinoJson::Internals::JsonObjectSubscript<const T1*>>::type ArduinoJson::Internals::JsonVariantSubscripts<ArduinoJson::Internals::JsonObjectSubscript<const char*>>::operator []<char>(const T1*) 0x0800980b   Thumb Code    46  main.o(t._ZN11ArduinoJson9Internals21JsonVariantSubscriptsINS0_19JsonObjectSubscriptIPKcEEEixIcEENS0_8EnableIfIXsr11ArduinoJson9Internals12StringTraitsIPKT_vEE10has_equalsENS2_ISB_EEE4typeESB_)
    void ArduinoJson::Internals::skipSpacesAndComments<ArduinoJson::Internals::CharPointerTraits<char>::Reader>(T1&) 0x08009839   Thumb Code   176  main.o(t._ZN11ArduinoJson9Internals21skipSpacesAndCommentsINS0_17CharPointerTraitsIcE6ReaderEEEvRT_)
    ArduinoJson::Internals::List<ArduinoJson::JsonVariant>::add() 0x080098e9   Thumb Code    76  main.o(t._ZN11ArduinoJson9Internals4ListINS_11JsonVariantEE3addEv)
    ArduinoJson::Internals::List<ArduinoJson::JsonPair>::add() 0x08009935   Thumb Code    88  main.o(t._ZN11ArduinoJson9Internals4ListINS_8JsonPairEE3addEv)
    ArduinoJson::Internals::List<ArduinoJson::JsonPair>::end() 0x0800998d   Thumb Code    16  main.o(t._ZN11ArduinoJson9Internals4ListINS_8JsonPairEE3endEv)
    bool ArduinoJson::Internals::isNaN<float>(T1) 0x0800999d   Thumb Code    18  main.o(t._ZN11ArduinoJson9Internals5isNaNIfEEbT_)
    bool ArduinoJson::Internals::operator ==<int>(const ArduinoJson::Internals::JsonVariantComparisons<ArduinoJson::Internals::JsonObjectSubscript<const char*>>&, T1) 0x080099af   Thumb Code    34  main.o(t._ZN11ArduinoJson9InternalseqIiEEbRKNS0_22JsonVariantComparisonsINS0_19JsonObjectSubscriptIPKcEEEET_)
    ArduinoJson::Internals::ListConstIterator<ArduinoJson::JsonPair> ArduinoJson::JsonObject::findKey<const char*>(T1) const 0x080099d1   Thumb Code    30  main.o(t._ZNK11ArduinoJson10JsonObject7findKeyIPKcEENS_9Internals17ListConstIteratorINS_8JsonPairEEET_)
    ArduinoJson::Internals::JsonVariantAs<T2>::type ArduinoJson::JsonObject::get_impl<const char*, ArduinoJson::JsonObject>(T1) const 0x080099ef   Thumb Code    72  main.o(t._ZNK11ArduinoJson10JsonObject8get_implIPKcS0_EENS_9Internals13JsonVariantAsIT0_E4typeET_)
    ArduinoJson::Internals::JsonVariantAs<T2>::type ArduinoJson::JsonObject::get_impl<const char*, const char*>(T1) const 0x08009a39   Thumb Code    98  main.o(t._ZNK11ArduinoJson10JsonObject8get_implIPKcS3_EENS_9Internals13JsonVariantAsIT0_E4typeET_)
    ArduinoJson::Internals::JsonVariantAs<T2>::type ArduinoJson::JsonObject::get_impl<const char*, int>(T1) const 0x08009aa1   Thumb Code   112  main.o(t._ZNK11ArduinoJson10JsonObject8get_implIPKciEENS_9Internals13JsonVariantAsIT0_E4typeET_)
    ArduinoJson::Internals::ListIterator<ArduinoJson::JsonPair>::operator ==(const ArduinoJson::Internals::ListIterator<ArduinoJson::JsonPair>&) const 0x08009b11   Thumb Code    18  main.o(t._ZNK11ArduinoJson9Internals12ListIteratorINS_8JsonPairEEeqERKS3_)
    ArduinoJson::Internals::JsonPrintable<ArduinoJson::JsonObject>::printTo(char*, unsigned) const 0x08009b23   Thumb Code    64  main.o(t._ZNK11ArduinoJson9Internals13JsonPrintableINS_10JsonObjectEE7printToEPcj)
    ArduinoJson::Internals::JsonVariantCasts<ArduinoJson::Internals::JsonObjectSubscript<const char*>>::operator T1<int>() const 0x08009b63   Thumb Code    18  main.o(t._ZNK11ArduinoJson9Internals16JsonVariantCastsINS0_19JsonObjectSubscriptIPKcEEEcvT_IiEEv)
    ArduinoJson::Internals::CharPointerTraits<char>::Reader::current() const 0x08009b75   Thumb Code     8  main.o(t._ZNK11ArduinoJson9Internals17CharPointerTraitsIcE6Reader7currentEv)
    ArduinoJson::Internals::ListConstIterator<ArduinoJson::JsonPair>::operator !=(const ArduinoJson::Internals::ListConstIterator<ArduinoJson::JsonPair>&) const 0x08009b7d   Thumb Code    18  main.o(t._ZNK11ArduinoJson9Internals17ListConstIteratorINS_8JsonPairEEneERKS3_)
    ArduinoJson::Internals::JsonVariantAs<T1>::type ArduinoJson::Internals::JsonObjectSubscript<const char*>::as<int>() const 0x08009b8f   Thumb Code    18  main.o(t._ZNK11ArduinoJson9Internals19JsonObjectSubscriptIPKcE2asIiEENS0_13JsonVariantAsIT_E4typeEv)
    ArduinoJson::Internals::List<ArduinoJson::JsonVariant>::end() const 0x08009ba1   Thumb Code    16  main.o(t._ZNK11ArduinoJson9Internals4ListINS_11JsonVariantEE3endEv)
    ArduinoJson::Internals::List<ArduinoJson::JsonVariant>::success() const 0x08009bb1   Thumb Code    14  main.o(t._ZNK11ArduinoJson9Internals4ListINS_11JsonVariantEE7successEv)
    ArduinoJson::Internals::List<ArduinoJson::JsonPair>::end() const 0x08009bbf   Thumb Code    16  main.o(t._ZNK11ArduinoJson9Internals4ListINS_8JsonPairEE3endEv)
    ArduinoJson::Internals::List<ArduinoJson::JsonPair>::success() const 0x08009bcf   Thumb Code    14  main.o(t._ZNK11ArduinoJson9Internals4ListINS_8JsonPairEE7successEv)
    AHBPrescTable                            0x08009bdc   Data          16  system_stm32l4xx.o(.constdata)
    APBPrescTable                            0x08009bec   Data           8  system_stm32l4xx.o(.constdata)
    MSIRangeTable                            0x08009bf4   Data          48  system_stm32l4xx.o(.constdata)
    mbedtls_sha1_info                        0x08009c24   Data          48  md_wrap.o(.constdata)
    vtable for ArduinoJson::JsonBuffer       0x08009c54   Data          12  main.o(.constdata__ZTVN11ArduinoJson10JsonBufferE)
    vtable for ArduinoJson::StaticJsonBuffer<(unsigned)200> 0x08009c60   Data          12  main.o(.constdata__ZTVN11ArduinoJson16StaticJsonBufferILj200EEE)
    vtable for ArduinoJson::StaticJsonBuffer<(unsigned)400> 0x08009c6c   Data          12  main.o(.constdata__ZTVN11ArduinoJson16StaticJsonBufferILj400EEE)
    vtable for ArduinoJson::Internals::JsonBufferBase<ArduinoJson::Internals::StaticJsonBufferBase> 0x08009c78   Data          12  main.o(.constdata__ZTVN11ArduinoJson9Internals14JsonBufferBaseINS0_20StaticJsonBufferBaseEEE)
    vtable for ArduinoJson::Internals::StaticJsonBufferBase 0x08009c84   Data          12  main.o(.constdata__ZTVN11ArduinoJson9Internals20StaticJsonBufferBaseE)
    void ArduinoJson::Internals::JsonWriter<ArduinoJson::Internals::StaticStringBuilder>::writeFloat<float>(T1)::string 0x08009c90   Data           4  main.o(.constdata__ZZN11ArduinoJson9Internals10JsonWriterINS0_19StaticStringBuilderEE10writeFloatIfEEvT_Es)
    void ArduinoJson::Internals::JsonWriter<ArduinoJson::Internals::StaticStringBuilder>::writeFloat<float>(T1)::string (instance 2) 0x08009c94   Data           9  main.o(.constdata__ZZN11ArduinoJson9Internals10JsonWriterINS0_19StaticStringBuilderEE10writeFloatIfEEvT_Es_0)
    void ArduinoJson::Internals::JsonWriter<ArduinoJson::Internals::StaticStringBuilder>::writeFloat<float>(T1)::string (instance 3) 0x08009c9d   Data           3  main.o(.constdata__ZZN11ArduinoJson9Internals10JsonWriterINS0_19StaticStringBuilderEE10writeFloatIfEEvT_Es_1)
    ArduinoJson::Internals::JsonWriter<ArduinoJson::Internals::StaticStringBuilder>::writeString(const char*)::string 0x08009ca0   Data           5  main.o(.constdata__ZZN11ArduinoJson9Internals10JsonWriterINS0_19StaticStringBuilderEE11writeStringEPKcEs)
    ArduinoJson::Internals::JsonWriter<ArduinoJson::Internals::StaticStringBuilder>::writeBoolean(bool)::string 0x08009ca5   Data           5  main.o(.constdata__ZZN11ArduinoJson9Internals10JsonWriterINS0_19StaticStringBuilderEE12writeBooleanEbEs)
    ArduinoJson::Internals::JsonWriter<ArduinoJson::Internals::StaticStringBuilder>::writeBoolean(bool)::string (instance 2) 0x08009caa   Data           6  main.o(.constdata__ZZN11ArduinoJson9Internals10JsonWriterINS0_19StaticStringBuilderEE12writeBooleanEbEs_0)
    ArduinoJson::Internals::CharPointerTraits<char>::Reader::Reader(const char*)::string 0x08009cb0   Data           1  main.o(.constdata__ZZN11ArduinoJson9Internals17CharPointerTraitsIcE6ReaderC1EPKcEs)
    ArduinoJson::Internals::Encoding::escapeTable(bool)::string 0x08009cb1   Data          15  main.o(.constdata__ZZN11ArduinoJson9Internals8Encoding11escapeTableEbEs)
    ArduinoJson::JsonVariant::variantAsString() const::string 0x08009cc0   Data           5  main.o(.constdata__ZZNK11ArduinoJson11JsonVariant15variantAsStringEvEs)
    Region$$Table$$Base                      0x08009ff8   Number         0  anon$$obj.o(Region$$Table)
    Region$$Table$$Limit                     0x0800a018   Number         0  anon$$obj.o(Region$$Table)
    tim4uart1                                0x20000000   Data           4  main.o(.data)
    tim4uart3                                0x20000004   Data           4  main.o(.data)
    INred                                    0x20000008   Data           4  main.o(.data)
    INgreen                                  0x2000000c   Data           4  main.o(.data)
    INchops                                  0x20000010   Data           4  main.o(.data)
    INid                                     0x20000014   Data           4  main.o(.data)
    supply_red                               0x20000018   Data           4  main.o(.data)
    supply_green                             0x2000001c   Data           4  main.o(.data)
    supply_chops                             0x20000020   Data           4  main.o(.data)
    stop_flag                                0x20000024   Data           4  main.o(.data)
    ack_flag                                 0x20000028   Data           1  main.o(.data)
    cam_flag                                 0x20000029   Data           1  main.o(.data)
    end_service_flag                         0x2000002a   Data           1  main.o(.data)
    pause_service_flag                       0x2000002b   Data           1  main.o(.data)
    idle_count                               0x2000002c   Data           4  main.o(.data)
    service_reply_pending_flag               0x20000030   Data           1  main.o(.data)
    run_state                                0x20000031   Data           1  main.o(.data)
    AT                                       0x20000034   Data           4  emw3080.o(.data)
    AT_OK                                    0x20000038   Data           4  emw3080.o(.data)
    AT_ECHO_OFF                              0x2000003c   Data           4  emw3080.o(.data)
    AT_MSG_ON                                0x20000040   Data           4  emw3080.o(.data)
    AT_RESET                                 0x20000044   Data           4  emw3080.o(.data)
    AT_WIFI_START                            0x20000048   Data           4  emw3080.o(.data)
    AT_WIFI_START_SUCC                       0x2000004c   Data           4  emw3080.o(.data)
    AT_MQTT_CONTENT                          0x20000050   Data           4  emw3080.o(.data)
    AT_MQTT_AUTH                             0x20000054   Data           4  emw3080.o(.data)
    AT_MQTT_CID                              0x20000058   Data           4  emw3080.o(.data)
    AT_MQTT_SOCK                             0x2000005c   Data           4  emw3080.o(.data)
    AT_MQTT_CV_OFF                           0x20000060   Data           4  emw3080.o(.data)
    AT_MQTT_SSL_OFF                          0x20000064   Data           4  emw3080.o(.data)
    AT_MQTT_RECONN_ON                        0x20000068   Data           4  emw3080.o(.data)
    AT_MQTT_AUTOSTART_OFF                    0x2000006c   Data           4  emw3080.o(.data)
    AT_MQTT_ALIVE                            0x20000070   Data           4  emw3080.o(.data)
    AT_MQTT_START                            0x20000074   Data           4  emw3080.o(.data)
    AT_MQTT_START_SUCC                       0x20000078   Data           4  emw3080.o(.data)
    AT_MQTT_PUB_SET                          0x2000007c   Data           4  emw3080.o(.data)
    AT_MQTT_SER_PUB_SET                      0x20000080   Data           4  emw3080.o(.data)
    AT_MQTT_PUB_DATA                         0x20000084   Data           4  emw3080.o(.data)
    AT_MQTT_PUB_DATA_SUCC                    0x20000088   Data           4  emw3080.o(.data)
    AT_MQTT_SUB_START                        0x2000008c   Data           4  emw3080.o(.data)
    AT_MQTT_SUB_PAUSE                        0x20000090   Data           4  emw3080.o(.data)
    AT_MQTT_SUB_END                          0x20000094   Data           4  emw3080.o(.data)
    AT_MQTT_SUB_REFRESH                      0x20000098   Data           4  emw3080.o(.data)
    AT_MQTT_SUB_SUCC                         0x2000009c   Data           4  emw3080.o(.data)
    uart4buffer                              0x200000a0   Data           1  usart.o(.data)
    uart4rbuffer                             0x200000a1   Data           1  usart.o(.data)
    uart3rbuffer                             0x200000a2   Data           1  usart.o(.data)
    uart1rbuffer                             0x200000a3   Data           1  usart.o(.data)
    uart1_receive_len                        0x200000a4   Data           4  usart.o(.data)
    command_len                              0x200000a8   Data           4  usart.o(.data)
    uart3_receive_len                        0x200000ac   Data           4  usart.o(.data)
    send_pointer                             0x200000b0   Data           4  usart.o(.data)
    gJOGCommonParams                         0x200000b8   Data           8  dobot.o(.data)
    gJOGCmd                                  0x200000c0   Data           2  dobot.o(.data)
    gPTPCommonParams                         0x200000c2   Data           8  dobot.o(.data)
    gQueuedCmdIndex                          0x200000d0   Data           8  dobot.o(.data)
    uwTick                                   0x200000d8   Data           4  stm32l4xx_hal.o(.data)
    uwTickPrio                               0x200000dc   Data           4  stm32l4xx_hal.o(.data)
    uwTickFreq                               0x200000e0   Data           4  stm32l4xx_hal.o(.data)
    SystemCoreClock                          0x200000e4   Data           4  system_stm32l4xx.o(.data)
    __stdout                                 0x200000ec   Data           4  stdout.o(.data)
    __microlib_freelist                      0x200000f0   Data           4  mvars.o(.data)
    __microlib_freelist_initialised          0x200000f4   Data           4  mvars.o(.data)
    guard variable for ArduinoJson::JsonObject::invalid()::instance 0x200000f8   Data           4  main.o(.data__ZZN11ArduinoJson10JsonObject7invalidEvE8instance)
    ArduinoJson::JsonObject::invalid()::instance 0x200000fc   Data           8  main.o(.data__ZZN11ArduinoJson10JsonObject7invalidEvE8instance)
    ArduinoJson::Internals::FloatTraits<float, (unsigned)4>::negativeBinaryPowerOfTen(int)::factors 0x20000104   Data          24  main.o(.data__ZZN11ArduinoJson9Internals11FloatTraitsIfLj4EE24negativeBinaryPowerOfTenEiE7factors)
    ArduinoJson::Internals::FloatTraits<float, (unsigned)4>::positiveBinaryPowerOfTen(int)::factors 0x2000011c   Data          24  main.o(.data__ZZN11ArduinoJson9Internals11FloatTraitsIfLj4EE24positiveBinaryPowerOfTenEiE7factors)
    ArduinoJson::Internals::FloatTraits<float, (unsigned)4>::negativeBinaryPowerOfTenPlusOne(int)::factors 0x20000134   Data          24  main.o(.data__ZZN11ArduinoJson9Internals11FloatTraitsIfLj4EE31negativeBinaryPowerOfTenPlusOneEiE7factors)
    guard variable for ArduinoJson::JsonArray::invalid()::instance 0x2000014c   Data           4  main.o(.data__ZZN11ArduinoJson9JsonArray7invalidEvE8instance)
    ArduinoJson::JsonArray::invalid()::instance 0x20000150   Data           8  main.o(.data__ZZN11ArduinoJson9JsonArray7invalidEvE8instance)
    service_json_buffer                      0x20000158   Data         400  main.o(.bss)
    status_json_buffer                       0x200002e8   Data         400  main.o(.bss)
    cmd_buffer                               0x20000478   Data         400  emw3080.o(.bss)
    password                                 0x20000608   Data          44  emw3080.o(.bss)
    htim2                                    0x20000634   Data          64  tim.o(.bss)
    htim3                                    0x20000674   Data          64  tim.o(.bss)
    htim4                                    0x200006b4   Data          64  tim.o(.bss)
    wifi_command_buffer                      0x200006f4   Data         400  usart.o(.bss)
    wifi_receive_buffer                      0x20000884   Data         400  usart.o(.bss)
    uart1_receive_buffer                     0x20000a14   Data         400  usart.o(.bss)
    uart1_transmit_buffer                    0x20000ba4   Data         400  usart.o(.bss)
    huart4                                   0x20000d34   Data         128  usart.o(.bss)
    huart1                                   0x20000db4   Data         128  usart.o(.bss)
    huart2                                   0x20000e34   Data         128  usart.o(.bss)
    huart3                                   0x20000eb4   Data         128  usart.o(.bss)
    gJOGJointParams                          0x20000f34   Data          32  dobot.o(.bss)
    gPTPCoordinateParams                     0x20000f54   Data          16  dobot.o(.bss)
    point_idle                               0x20000f64   Data          17  dobot.o(.bss)
    gUART4TXRawByteBuffer                    0x20000f75   Data        4096  protocol.o(.bss)
    gUART4RXRawByteBuffer                    0x20001f75   Data        4096  protocol.o(.bss)
    gUART4TXPacketBuffer                     0x20002f75   Data        1384  protocol.o(.bss)
    gUART4RXPacketBuffer                     0x200034dd   Data        1384  protocol.o(.bss)
    gUART4ProtocolHandler                    0x20003a45   Data         687  protocol.o(.bss)
    __heap_base                              0x20003cf8   Data           0  startup_stm32l476xx.o(HEAP)
    __heap_limit                             0x20003ef8   Data           0  startup_stm32l476xx.o(HEAP)
    __initial_sp                             0x200042f8   Data           0  startup_stm32l476xx.o(STACK)



==============================================================================

Memory Map of the image

  Image Entry point : 0x08000189

  Load Region LR_IROM1 (Base: 0x08000000, Size: 0x0000a170, Max: 0x00100000, ABSOLUTE, COMPRESSED[0x0000a0c4])

    Execution Region ER_IROM1 (Exec base: 0x08000000, Load base: 0x08000000, Size: 0x0000a018, Max: 0x00100000, ABSOLUTE)

    Exec Addr    Load Addr    Size         Type   Attr      Idx    E Section Name        Object

    0x08000000   0x08000000   0x00000188   Data   RO            3    RESET               startup_stm32l476xx.o
    0x08000188   0x08000188   0x00000000   Code   RO         6580  * .ARM.Collect$$$$00000000  mc_w.l(entry.o)
    0x08000188   0x08000188   0x00000004   Code   RO         6917    .ARM.Collect$$$$00000001  mc_w.l(entry2.o)
    0x0800018c   0x0800018c   0x00000004   Code   RO         6920    .ARM.Collect$$$$00000004  mc_w.l(entry5.o)
    0x08000190   0x08000190   0x00000000   Code   RO         6922    .ARM.Collect$$$$00000008  mc_w.l(entry7b.o)
    0x08000190   0x08000190   0x00000000   Code   RO         6924    .ARM.Collect$$$$0000000A  mc_w.l(entry8b.o)
    0x08000190   0x08000190   0x00000008   Code   RO         6925    .ARM.Collect$$$$0000000B  mc_w.l(entry9a.o)
    0x08000198   0x08000198   0x00000000   Code   RO         6927    .ARM.Collect$$$$0000000D  mc_w.l(entry10a.o)
    0x08000198   0x08000198   0x00000000   Code   RO         6929    .ARM.Collect$$$$0000000F  mc_w.l(entry11a.o)
    0x08000198   0x08000198   0x00000004   Code   RO         6918    .ARM.Collect$$$$00002712  mc_w.l(entry2.o)
    0x0800019c   0x0800019c   0x00000024   Code   RO            4    .text               startup_stm32l476xx.o
    0x080001c0   0x080001c0   0x00000068   Code   RO         6583    .text               mc_w.l(uldiv.o)
    0x08000228   0x08000228   0x00000024   Code   RO         6585    .text               mc_w.l(memcpya.o)
    0x0800024c   0x0800024c   0x00000024   Code   RO         6589    .text               mc_w.l(memseta.o)
    0x08000270   0x08000270   0x00000018   Code   RO         6591    .text               mc_w.l(strcat.o)
    0x08000288   0x08000288   0x00000024   Code   RO         6593    .text               mc_w.l(strstr.o)
    0x080002ac   0x080002ac   0x00000014   Code   RO         6595    .text               mc_w.l(strchr.o)
    0x080002c0   0x080002c0   0x0000000e   Code   RO         6597    .text               mc_w.l(strlen.o)
    0x080002ce   0x080002ce   0x0000001c   Code   RO         6599    .text               mc_w.l(strcmp.o)
    0x080002ea   0x080002ea   0x00000012   Code   RO         6603    .text               mc_w.l(strcpy.o)
    0x080002fc   0x080002fc   0x0000001c   Code   RO         6896    .text               mc_w.l(calloc.o)
    0x08000318   0x08000318   0x00000026   Code   RO         6898    .text               mf_w.l(f2d.o)
    0x0800033e   0x0800033e   0x00000002   PAD
    0x08000340   0x08000340   0x00000030   Code   RO         6900    .text               mf_w.l(cdcmple.o)
    0x08000370   0x08000370   0x00000030   Code   RO         6902    .text               mf_w.l(cdrcmple.o)
    0x080003a0   0x080003a0   0x0000001e   Code   RO         6934    .text               mc_w.l(llshl.o)
    0x080003be   0x080003be   0x00000020   Code   RO         6936    .text               mc_w.l(llushr.o)
    0x080003de   0x080003de   0x00000000   Code   RO         6940    .text               mc_w.l(iusefp.o)
    0x080003de   0x080003de   0x00000002   Code   RO         6941    .text               mc_w.l(cpp_signal.o)
    0x080003e0   0x080003e0   0x00000024   Code   RO         6964    .text               mc_w.l(init.o)
    0x08000404   0x08000404   0x00000056   Code   RO         6986    .text               mc_w.l(__dczerorl2.o)
    0x0800045a   0x0800045a   0x00000002   PAD
    0x0800045c   0x0800045c   0x000008f8   Code   RO         1771    i.Ali_connect       emw3080.o
    0x08000d54   0x08000d54   0x00000004   Code   RO         2231    i.BusFault_Handler  stm32l4xx_it.o
    0x08000d58   0x08000d58   0x00000002   Code   RO         2232    i.DebugMon_Handler  stm32l4xx_it.o
    0x08000d5a   0x08000d5a   0x0000000a   Code   RO         2233    i.EXTI0_IRQHandler  stm32l4xx_it.o
    0x08000d64   0x08000d64   0x00000002   Code   RO          151    i.Error_Handler     main.o
    0x08000d66   0x08000d66   0x0000005c   Code   RO         5218    i.HAL_DMA_Abort_IT  stm32l4xx_hal_dma.o
    0x08000dc2   0x08000dc2   0x00000002   PAD
    0x08000dc4   0x08000dc4   0x00000028   Code   RO         3932    i.HAL_Delay         stm32l4xx_hal.o
    0x08000dec   0x08000dec   0x00000010   Code   RO          152    i.HAL_GPIO_EXTI_Callback  main.o
    0x08000dfc   0x08000dfc   0x0000001c   Code   RO         5152    i.HAL_GPIO_EXTI_IRQHandler  stm32l4xx_hal_gpio.o
    0x08000e18   0x08000e18   0x00000204   Code   RO         5153    i.HAL_GPIO_Init     stm32l4xx_hal_gpio.o
    0x0800101c   0x0800101c   0x0000000a   Code   RO         5157    i.HAL_GPIO_WritePin  stm32l4xx_hal_gpio.o
    0x08001026   0x08001026   0x00000002   PAD
    0x08001028   0x08001028   0x0000000c   Code   RO         3936    i.HAL_GetTick       stm32l4xx_hal.o
    0x08001034   0x08001034   0x00000018   Code   RO         3942    i.HAL_IncTick       stm32l4xx_hal.o
    0x0800104c   0x0800104c   0x0000001e   Code   RO         3943    i.HAL_Init          stm32l4xx_hal.o
    0x0800106a   0x0800106a   0x00000002   PAD
    0x0800106c   0x0800106c   0x00000058   Code   RO         3944    i.HAL_InitTick      stm32l4xx_hal.o
    0x080010c4   0x080010c4   0x00000040   Code   RO         2348    i.HAL_MspInit       stm32l4xx_hal_msp.o
    0x08001104   0x08001104   0x00000020   Code   RO         5694    i.HAL_NVIC_EnableIRQ  stm32l4xx_hal_cortex.o
    0x08001124   0x08001124   0x00000082   Code   RO         5700    i.HAL_NVIC_SetPriority  stm32l4xx_hal_cortex.o
    0x080011a6   0x080011a6   0x00000002   PAD
    0x080011a8   0x080011a8   0x00000028   Code   RO         5701    i.HAL_NVIC_SetPriorityGrouping  stm32l4xx_hal_cortex.o
    0x080011d0   0x080011d0   0x0000008c   Code   RO         5444    i.HAL_PWREx_ControlVoltageScaling  stm32l4xx_hal_pwr_ex.o
    0x0800125c   0x0800125c   0x00000010   Code   RO         5475    i.HAL_PWREx_GetVoltageRange  stm32l4xx_hal_pwr_ex.o
    0x0800126c   0x0800126c   0x000004d4   Code   RO         4786    i.HAL_RCCEx_PeriphCLKConfig  stm32l4xx_hal_rcc_ex.o
    0x08001740   0x08001740   0x0000017c   Code   RO         4671    i.HAL_RCC_ClockConfig  stm32l4xx_hal_rcc.o
    0x080018bc   0x080018bc   0x0000000c   Code   RO         4675    i.HAL_RCC_GetHCLKFreq  stm32l4xx_hal_rcc.o
    0x080018c8   0x080018c8   0x00000024   Code   RO         4677    i.HAL_RCC_GetPCLK1Freq  stm32l4xx_hal_rcc.o
    0x080018ec   0x080018ec   0x00000024   Code   RO         4678    i.HAL_RCC_GetPCLK2Freq  stm32l4xx_hal_rcc.o
    0x08001910   0x08001910   0x000000ec   Code   RO         4679    i.HAL_RCC_GetSysClockFreq  stm32l4xx_hal_rcc.o
    0x080019fc   0x080019fc   0x0000068c   Code   RO         4682    i.HAL_RCC_OscConfig  stm32l4xx_hal_rcc.o
    0x08002088   0x08002088   0x00000034   Code   RO         5705    i.HAL_SYSTICK_Config  stm32l4xx_hal_cortex.o
    0x080020bc   0x080020bc   0x00000002   Code   RO         3224    i.HAL_TIMEx_Break2Callback  stm32l4xx_hal_tim_ex.o
    0x080020be   0x080020be   0x00000002   Code   RO         3225    i.HAL_TIMEx_BreakCallback  stm32l4xx_hal_tim_ex.o
    0x080020c0   0x080020c0   0x00000002   Code   RO         3226    i.HAL_TIMEx_CommutCallback  stm32l4xx_hal_tim_ex.o
    0x080020c2   0x080020c2   0x00000002   PAD
    0x080020c4   0x080020c4   0x00000078   Code   RO         3245    i.HAL_TIMEx_MasterConfigSynchronization  stm32l4xx_hal_tim_ex.o
    0x0800213c   0x0800213c   0x00000034   Code   RO         2528    i.HAL_TIM_Base_Init  stm32l4xx_hal_tim.o
    0x08002170   0x08002170   0x00000078   Code   RO         2058    i.HAL_TIM_Base_MspInit  tim.o
    0x080021e8   0x080021e8   0x00000038   Code   RO         2533    i.HAL_TIM_Base_Start_IT  stm32l4xx_hal_tim.o
    0x08002220   0x08002220   0x0000010c   Code   RO         2537    i.HAL_TIM_ConfigClockSource  stm32l4xx_hal_tim.o
    0x0800232c   0x0800232c   0x00000002   Code   RO         2557    i.HAL_TIM_IC_CaptureCallback  stm32l4xx_hal_tim.o
    0x0800232e   0x0800232e   0x000001b8   Code   RO         2571    i.HAL_TIM_IRQHandler  stm32l4xx_hal_tim.o
    0x080024e6   0x080024e6   0x00000002   PAD
    0x080024e8   0x080024e8   0x0000005c   Code   RO         2059    i.HAL_TIM_MspPostInit  tim.o
    0x08002544   0x08002544   0x00000002   Code   RO         2574    i.HAL_TIM_OC_DelayElapsedCallback  stm32l4xx_hal_tim.o
    0x08002546   0x08002546   0x00000174   Code   RO         2595    i.HAL_TIM_PWM_ConfigChannel  stm32l4xx_hal_tim.o
    0x080026ba   0x080026ba   0x00000034   Code   RO         2598    i.HAL_TIM_PWM_Init  stm32l4xx_hal_tim.o
    0x080026ee   0x080026ee   0x00000002   PAD
    0x080026f0   0x080026f0   0x00000030   Code   RO         2061    i.HAL_TIM_PWM_MspInit  tim.o
    0x08002720   0x08002720   0x00000002   Code   RO         2601    i.HAL_TIM_PWM_PulseFinishedCallback  stm32l4xx_hal_tim.o
    0x08002722   0x08002722   0x00000002   PAD
    0x08002724   0x08002724   0x00000088   Code   RO         2603    i.HAL_TIM_PWM_Start  stm32l4xx_hal_tim.o
    0x080027ac   0x080027ac   0x00000304   Code   RO          153    i.HAL_TIM_PeriodElapsedCallback  main.o
    0x08002ab0   0x08002ab0   0x00000002   Code   RO         2614    i.HAL_TIM_TriggerCallback  stm32l4xx_hal_tim.o
    0x08002ab2   0x08002ab2   0x00000002   Code   RO         3861    i.HAL_UARTEx_WakeupCallback  stm32l4xx_hal_uart_ex.o
    0x08002ab4   0x08002ab4   0x00000002   Code   RO         3515    i.HAL_UART_ErrorCallback  stm32l4xx_hal_uart.o
    0x08002ab6   0x08002ab6   0x00000002   PAD
    0x08002ab8   0x08002ab8   0x00000190   Code   RO         3518    i.HAL_UART_IRQHandler  stm32l4xx_hal_uart.o
    0x08002c48   0x08002c48   0x00000074   Code   RO         3519    i.HAL_UART_Init     stm32l4xx_hal_uart.o
    0x08002cbc   0x08002cbc   0x000001e0   Code   RO         2130    i.HAL_UART_MspInit  usart.o
    0x08002e9c   0x08002e9c   0x000000e4   Code   RO         3524    i.HAL_UART_Receive_IT  stm32l4xx_hal_uart.o
    0x08002f80   0x08002f80   0x00000154   Code   RO         2131    i.HAL_UART_RxCpltCallback  usart.o
    0x080030d4   0x080030d4   0x000000d6   Code   RO         3527    i.HAL_UART_Transmit  stm32l4xx_hal_uart.o
    0x080031aa   0x080031aa   0x00000002   PAD
    0x080031ac   0x080031ac   0x00000078   Code   RO         3529    i.HAL_UART_Transmit_IT  stm32l4xx_hal_uart.o
    0x08003224   0x08003224   0x00000070   Code   RO         2132    i.HAL_UART_TxCpltCallback  usart.o
    0x08003294   0x08003294   0x00000004   Code   RO         2234    i.HardFault_Handler  stm32l4xx_it.o
    0x08003298   0x08003298   0x0000014c   Code   RO         2033    i.MX_GPIO_Init      gpio.o
    0x080033e4   0x080033e4   0x0000006c   Code   RO         2062    i.MX_TIM2_Init      tim.o
    0x08003450   0x08003450   0x00000080   Code   RO         2063    i.MX_TIM3_Init      tim.o
    0x080034d0   0x080034d0   0x00000040   Code   RO         2133    i.MX_UART4_Init     usart.o
    0x08003510   0x08003510   0x00000040   Code   RO         2134    i.MX_USART1_UART_Init  usart.o
    0x08003550   0x08003550   0x00000040   Code   RO         2135    i.MX_USART2_UART_Init  usart.o
    0x08003590   0x08003590   0x00000040   Code   RO         2136    i.MX_USART3_UART_Init  usart.o
    0x080035d0   0x080035d0   0x00000086   Code   RO         6438    i.Mbedtls_SHA1_HMAC_Compute  hmac_sha1.o
    0x08003656   0x08003656   0x00000004   Code   RO         2235    i.MemManage_Handler  stm32l4xx_it.o
    0x0800365a   0x0800365a   0x0000000c   Code   RO         5935    i.MessageProcess    message.o
    0x08003666   0x08003666   0x00000050   Code   RO         5936    i.MessageRead       message.o
    0x080036b6   0x080036b6   0x0000005e   Code   RO         5937    i.MessageWrite      message.o
    0x08003714   0x08003714   0x00000002   Code   RO         2236    i.NMI_Handler       stm32l4xx_it.o
    0x08003716   0x08003716   0x00000002   Code   RO         2237    i.PendSV_Handler    stm32l4xx_it.o
    0x08003718   0x08003718   0x00000050   Code   RO         6036    i.ProtocolInit      protocol.o
    0x08003768   0x08003768   0x00000030   Code   RO         6037    i.ProtocolProcess   protocol.o
    0x08003798   0x08003798   0x0000018c   Code   RO         4790    i.RCCEx_PLLSAI1_Config  stm32l4xx_hal_rcc_ex.o
    0x08003924   0x08003924   0x00000164   Code   RO         4791    i.RCCEx_PLLSAI2_Config  stm32l4xx_hal_rcc_ex.o
    0x08003a88   0x08003a88   0x0000009c   Code   RO         4683    i.RCC_SetFlashLatencyFromMSIRange  stm32l4xx_hal_rcc.o
    0x08003b24   0x08003b24   0x0000001e   Code   RO         6010    i.RingBufferDataAt  packet.o
    0x08003b42   0x08003b42   0x00000058   Code   RO         6082    i.RingBufferDequeue  ringbuffer.o
    0x08003b9a   0x08003b9a   0x0000005e   Code   RO         6083    i.RingBufferEnqueue  ringbuffer.o
    0x08003bf8   0x08003bf8   0x0000002c   Code   RO         6084    i.RingBufferInit    ringbuffer.o
    0x08003c24   0x08003c24   0x00000002   Code   RO         2238    i.SVC_Handler       stm32l4xx_it.o
    0x08003c26   0x08003c26   0x00000008   Code   RO         2239    i.SysTick_Handler   stm32l4xx_it.o
    0x08003c2e   0x08003c2e   0x00000002   PAD
    0x08003c30   0x08003c30   0x00000050   Code   RO         5902    i.SystemInit        system_stm32l4xx.o
    0x08003c80   0x08003c80   0x00000010   Code   RO         2240    i.TIM2_IRQHandler   stm32l4xx_it.o
    0x08003c90   0x08003c90   0x00000010   Code   RO         2241    i.TIM4_IRQHandler   stm32l4xx_it.o
    0x08003ca0   0x08003ca0   0x000000cc   Code   RO         2616    i.TIM_Base_SetConfig  stm32l4xx_hal_tim.o
    0x08003d6c   0x08003d6c   0x00000022   Code   RO         2617    i.TIM_CCxChannelCmd  stm32l4xx_hal_tim.o
    0x08003d8e   0x08003d8e   0x00000016   Code   RO         2627    i.TIM_ETR_SetConfig  stm32l4xx_hal_tim.o
    0x08003da4   0x08003da4   0x00000012   Code   RO         2628    i.TIM_ITRx_SetConfig  stm32l4xx_hal_tim.o
    0x08003db6   0x08003db6   0x00000002   PAD
    0x08003db8   0x08003db8   0x000000ac   Code   RO         2629    i.TIM_OC1_SetConfig  stm32l4xx_hal_tim.o
    0x08003e64   0x08003e64   0x000000b4   Code   RO         2630    i.TIM_OC2_SetConfig  stm32l4xx_hal_tim.o
    0x08003f18   0x08003f18   0x000000b4   Code   RO         2631    i.TIM_OC3_SetConfig  stm32l4xx_hal_tim.o
    0x08003fcc   0x08003fcc   0x00000074   Code   RO         2632    i.TIM_OC4_SetConfig  stm32l4xx_hal_tim.o
    0x08004040   0x08004040   0x00000070   Code   RO         2633    i.TIM_OC5_SetConfig  stm32l4xx_hal_tim.o
    0x080040b0   0x080040b0   0x00000070   Code   RO         2634    i.TIM_OC6_SetConfig  stm32l4xx_hal_tim.o
    0x08004120   0x08004120   0x00000026   Code   RO         2636    i.TIM_TI1_ConfigInputStage  stm32l4xx_hal_tim.o
    0x08004146   0x08004146   0x00000028   Code   RO         2638    i.TIM_TI2_ConfigInputStage  stm32l4xx_hal_tim.o
    0x0800416e   0x0800416e   0x00000002   PAD
    0x08004170   0x08004170   0x00000010   Code   RO         2242    i.UART4_IRQHandler  stm32l4xx_it.o
    0x08004180   0x08004180   0x000000f8   Code   RO         3532    i.UART_AdvFeatureConfig  stm32l4xx_hal_uart.o
    0x08004278   0x08004278   0x0000006e   Code   RO         3533    i.UART_CheckIdleState  stm32l4xx_hal_uart.o
    0x080042e6   0x080042e6   0x00000018   Code   RO         3534    i.UART_DMAAbortOnError  stm32l4xx_hal_uart.o
    0x080042fe   0x080042fe   0x00000022   Code   RO         3544    i.UART_EndRxTransfer  stm32l4xx_hal_uart.o
    0x08004320   0x08004320   0x00000020   Code   RO         3545    i.UART_EndTransmit_IT  stm32l4xx_hal_uart.o
    0x08004340   0x08004340   0x0000006a   Code   RO         3547    i.UART_RxISR_16BIT  stm32l4xx_hal_uart.o
    0x080043aa   0x080043aa   0x00000066   Code   RO         3548    i.UART_RxISR_8BIT   stm32l4xx_hal_uart.o
    0x08004410   0x08004410   0x0000048a   Code   RO         3549    i.UART_SetConfig    stm32l4xx_hal_uart.o
    0x0800489a   0x0800489a   0x00000044   Code   RO         3550    i.UART_TxISR_16BIT  stm32l4xx_hal_uart.o
    0x080048de   0x080048de   0x00000040   Code   RO         3551    i.UART_TxISR_8BIT   stm32l4xx_hal_uart.o
    0x0800491e   0x0800491e   0x00000068   Code   RO         3552    i.UART_WaitOnFlagUntilTimeout  stm32l4xx_hal_uart.o
    0x08004986   0x08004986   0x00000002   PAD
    0x08004988   0x08004988   0x00000010   Code   RO         2243    i.USART1_IRQHandler  stm32l4xx_it.o
    0x08004998   0x08004998   0x00000010   Code   RO         2244    i.USART2_IRQHandler  stm32l4xx_it.o
    0x080049a8   0x080049a8   0x00000010   Code   RO         2245    i.USART3_IRQHandler  stm32l4xx_it.o
    0x080049b8   0x080049b8   0x00000004   Code   RO         2246    i.UsageFault_Handler  stm32l4xx_it.o
    0x080049bc   0x080049bc   0x00000148   Code   RO         2372    i._Z10dobot_initv   dobot.o
    0x08004b04   0x08004b04   0x000002f0   Code   RO          154    i._Z11json_statusiiiiiiii  main.o
    0x08004df4   0x08004df4   0x00000012   Code   RO         5988    i._Z13PacketProcessP18tagProtocolHandler  packet.o
    0x08004e06   0x08004e06   0x00000002   PAD
    0x08004e08   0x08004e08   0x00000250   Code   RO          155    i._Z13service_replyv  main.o
    0x08005058   0x08005058   0x000000d0   Code   RO          156    i._Z14camera_requesti  main.o
    0x08005128   0x08005128   0x00000140   Code   RO         5989    i._Z17PacketReadProcessP18tagProtocolHandler  packet.o
    0x08005268   0x08005268   0x000000c8   Code   RO         5990    i._Z18PacketWriteProcessP18tagProtocolHandler  packet.o
    0x08005330   0x08005330   0x00000048   Code   RO           14    i._Z18SetPTPCommonParamsP18tagPTPCommonParamsbPy  command.o
    0x08005378   0x08005378   0x00000094   Code   RO          157    i._Z18SystemClock_Configv  main.o
    0x0800540c   0x0800540c   0x00000044   Code   RO           17    i._Z21CtrEndEffectorGripperbbbPy  command.o
    0x08005450   0x08005450   0x00000048   Code   RO           20    i._Z22SetPTPCoordinateParamsP22tagPTPCoordinateParamsbPy  command.o
    0x08005498   0x08005498   0x000002c0   Code   RO         2375    i._Z7grip_GSi       dobot.o
    0x08005758   0x08005758   0x000002c8   Code   RO         2376    i._Z7grip_RSi       dobot.o
    0x08005a20   0x08005a20   0x00000108   Code   RO          158    i._Z7initialv       main.o
    0x08005b28   0x08005b28   0x00000048   Code   RO           23    i._Z9SetPTPCmdP9tagPTPCmdbPy  command.o
    0x08005b70   0x08005b70   0x0000002c   Code   RO          372    i._ZN11ArduinoJson10JsonBuffer12createObjectEv  main.o
    0x08005b9c   0x08005b9c   0x00000030   Code   RO          317    i._ZN11ArduinoJson10JsonObject7invalidEv  main.o
    0x08005bcc   0x08005bcc   0x00000014   Code   RO          311    i._ZN11ArduinoJson10JsonObjectC1EPNS_10JsonBufferE  main.o
    0x08005be0   0x08005be0   0x0000001e   Code   RO          366    i._ZN11ArduinoJson11JsonVariantC1ERKNS_10JsonObjectE  main.o
    0x08005bfe   0x08005bfe   0x00000006   Code   RO          570    i._ZN11ArduinoJson11JsonVariantC1Ev  main.o
    0x08005c04   0x08005c04   0x0000000e   Code   RO          600    i._ZN11ArduinoJson16StaticJsonBufferILj200EED1Ev  main.o
    0x08005c12   0x08005c12   0x00000018   Code   RO          341    i._ZN11ArduinoJson9Internals19JsonBufferAllocatednwEjPNS_10JsonBufferE  main.o
    0x08005c2a   0x08005c2a   0x00000040   Code   RO          750    i._ZN11ArduinoJson9Internals20StaticJsonBufferBase5allocEj  main.o
    0x08005c6a   0x08005c6a   0x00000006   Code   RO          480    i._ZN11ArduinoJson9Internals20StaticJsonBufferBase5clearEv  main.o
    0x08005c70   0x08005c70   0x00000024   Code   RO          390    i._ZN11ArduinoJson9Internals20StaticJsonBufferBaseC1EPcj  main.o
    0x08005c94   0x08005c94   0x0000000e   Code   RO          474    i._ZN11ArduinoJson9Internals20StaticJsonBufferBaseD1Ev  main.o
    0x08005ca2   0x08005ca2   0x00000002   PAD
    0x08005ca4   0x08005ca4   0x00000014   Code   RO          510    i._ZN11ArduinoJson9Internals8Encoding11escapeTableEb  main.o
    0x08005cb8   0x08005cb8   0x00000030   Code   RO          432    i._ZN11ArduinoJson9JsonArray7invalidEv  main.o
    0x08005ce8   0x08005ce8   0x00000014   Code   RO          426    i._ZN11ArduinoJson9JsonArrayC1EPNS_10JsonBufferE  main.o
    0x08005cfc   0x08005cfc   0x00000010   Code   RO          603    i._ZSt6strstrPcPKc  main.o
    0x08005d0c   0x08005d0c   0x00000020   Code   RO         6814    i.__0printf$8       mc_w.l(printf8.o)
    0x08005d2c   0x08005d2c   0x00000030   Code   RO         6815    i.__0snprintf$8     mc_w.l(printf8.o)
    0x08005d5c   0x08005d5c   0x00000028   Code   RO         6816    i.__0sprintf$8      mc_w.l(printf8.o)
    0x08005d84   0x08005d84   0x00000010   Code   RO         5707    i.__NVIC_GetPriorityGrouping  stm32l4xx_hal_cortex.o
    0x08005d94   0x08005d94   0x00000028   Code   RO         5708    i.__NVIC_SetPriority  stm32l4xx_hal_cortex.o
    0x08005dbc   0x08005dbc   0x00000010   Code   RO         6468    i.__cxa_guard_acquire  cpprt_w.l(cxa_guard_acquire.o)
    0x08005dcc   0x08005dcc   0x00000006   Code   RO         6465    i.__cxa_pure_virtual  cpprt_w.l(pure_virt.o)
    0x08005dd2   0x08005dd2   0x0000000e   Code   RO         6980    i.__scatterload_copy  mc_w.l(handlers.o)
    0x08005de0   0x08005de0   0x00000002   Code   RO         6981    i.__scatterload_null  mc_w.l(handlers.o)
    0x08005de2   0x08005de2   0x0000000e   Code   RO         6982    i.__scatterload_zeroinit  mc_w.l(handlers.o)
    0x08005df0   0x08005df0   0x00000416   Code   RO         6821    i._printf_core      mc_w.l(printf8.o)
    0x08006206   0x08006206   0x00000024   Code   RO         6822    i._printf_post_padding  mc_w.l(printf8.o)
    0x0800622a   0x0800622a   0x0000002e   Code   RO         6823    i._printf_pre_padding  mc_w.l(printf8.o)
    0x08006258   0x08006258   0x00000016   Code   RO         6824    i._snputc           mc_w.l(printf8.o)
    0x0800626e   0x0800626e   0x0000000a   Code   RO         6825    i._sputc            mc_w.l(printf8.o)
    0x08006278   0x08006278   0x000000a8   Code   RO         2137    i.check_send_command  usart.o
    0x08006320   0x08006320   0x00000288   Code   RO         1772    i.emw3080_init      emw3080.o
    0x080065a8   0x080065a8   0x0000001c   Code   RO         2138    i.fputc             usart.o
    0x080065c4   0x080065c4   0x00000050   Code   RO         6868    i.free              mc_w.l(malloc.o)
    0x08006614   0x08006614   0x00000078   Code   RO         6439    i.get_mqtt_password  hmac_sha1.o
    0x0800668c   0x0800668c   0x000004f8   Code   RO          159    i.main              main.o
    0x08006b84   0x08006b84   0x0000006c   Code   RO         6869    i.malloc            mc_w.l(malloc.o)
    0x08006bf0   0x08006bf0   0x000015d8   Code   RO         6343    i.mbedtls_internal_sha1_process  sha1.o
    0x080081c8   0x080081c8   0x0000003a   Code   RO         6205    i.mbedtls_md_free   md.o
    0x08008202   0x08008202   0x00000002   PAD
    0x08008204   0x08008204   0x0000007c   Code   RO         6210    i.mbedtls_md_hmac_finish  md.o
    0x08008280   0x08008280   0x000000dc   Code   RO         6212    i.mbedtls_md_hmac_starts  md.o
    0x0800835c   0x0800835c   0x00000028   Code   RO         6213    i.mbedtls_md_hmac_update  md.o
    0x08008384   0x08008384   0x00000014   Code   RO         6215    i.mbedtls_md_info_from_type  md.o
    0x08008398   0x08008398   0x0000000a   Code   RO         6216    i.mbedtls_md_init   md.o
    0x080083a2   0x080083a2   0x00000002   PAD
    0x080083a4   0x080083a4   0x00000044   Code   RO         6220    i.mbedtls_md_setup  md.o
    0x080083e8   0x080083e8   0x00000018   Code   RO         6122    i.mbedtls_platform_zeroize  platform_util.o
    0x08008400   0x08008400   0x0000001a   Code   RO         6345    i.mbedtls_sha1_clone  sha1.o
    0x0800841a   0x0800841a   0x0000012c   Code   RO         6347    i.mbedtls_sha1_finish_ret  sha1.o
    0x08008546   0x08008546   0x00000014   Code   RO         6348    i.mbedtls_sha1_free  sha1.o
    0x0800855a   0x0800855a   0x00000012   Code   RO         6349    i.mbedtls_sha1_init  sha1.o
    0x0800856c   0x0800856c   0x00000050   Code   RO         6351    i.mbedtls_sha1_ret  sha1.o
    0x080085bc   0x080085bc   0x00000034   Code   RO         6354    i.mbedtls_sha1_starts_ret  sha1.o
    0x080085f0   0x080085f0   0x0000009a   Code   RO         6356    i.mbedtls_sha1_update_ret  sha1.o
    0x0800868a   0x0800868a   0x00000002   PAD
    0x0800868c   0x0800868c   0x00000074   Code   RO         1773    i.pub_data          emw3080.o
    0x08008700   0x08008700   0x0000006c   Code   RO         1774    i.service_pub_set   emw3080.o
    0x0800876c   0x0800876c   0x00000010   Code   RO         6145    i.sha1_clone_wrap   md_wrap.o
    0x0800877c   0x0800877c   0x00000018   Code   RO         6146    i.sha1_ctx_alloc    md_wrap.o
    0x08008794   0x08008794   0x00000012   Code   RO         6147    i.sha1_ctx_free     md_wrap.o
    0x080087a6   0x080087a6   0x00000010   Code   RO         6148    i.sha1_finish_wrap  md_wrap.o
    0x080087b6   0x080087b6   0x00000010   Code   RO         6149    i.sha1_process_wrap  md_wrap.o
    0x080087c6   0x080087c6   0x0000000c   Code   RO         6150    i.sha1_starts_wrap  md_wrap.o
    0x080087d2   0x080087d2   0x00000014   Code   RO         6151    i.sha1_update_wrap  md_wrap.o
    0x080087e6   0x080087e6   0x00000002   PAD
    0x080087e8   0x080087e8   0x00000068   Code   RO         1775    i.status_pub_set    emw3080.o
    0x08008850   0x08008850   0x00000030   Code   RO          378    t._ZN11ArduinoJson10JsonObject18createNestedObjectIKcEERS0_PT_  main.o
    0x08008880   0x08008880   0x0000003a   Code   RO          402    t._ZN11ArduinoJson10JsonObject6removeIKcEEvPT_  main.o
    0x080088ba   0x080088ba   0x00000088   Code   RO          323    t._ZN11ArduinoJson10JsonObject7findKeyIPKcEENS_9Internals12ListIteratorINS_8JsonPairEEET_  main.o
    0x08008942   0x08008942   0x00000088   Code   RO          639    t._ZN11ArduinoJson10JsonObject8set_implIPKcRKNS_11JsonVariantEEEbT_T0_  main.o
    0x080089ca   0x080089ca   0x00000090   Code   RO          588    t._ZN11ArduinoJson10JsonObject8set_implIPKcRKS0_EEbT_T0_  main.o
    0x08008a5a   0x08008a5a   0x000000a2   Code   RO          354    t._ZN11ArduinoJson10JsonObject8set_implIPKcRKiEEbT_T0_  main.o
    0x08008afc   0x08008afc   0x00000092   Code   RO          594    t._ZN11ArduinoJson10JsonObject8set_implIPKcS3_EEbT_T0_  main.o
    0x08008b8e   0x08008b8e   0x0000000a   Code   RO          305    t._ZN11ArduinoJson10JsonObjectixIKcEENS_9Internals19JsonObjectSubscriptIPT_EES6_  main.o
    0x08008b98   0x08008b98   0x00000008   Code   RO          711    t._ZN11ArduinoJson11JsonVariantC1IcEEPKT_PNS_9Internals8EnableIfIXsr11ArduinoJson9Internals6IsCharIT_EE5valueEvE4typeE  main.o
    0x08008ba0   0x08008ba0   0x00000020   Code   RO          396    t._ZN11ArduinoJson16StaticJsonBufferILj200EEC1Ev  main.o
    0x08008bc0   0x08008bc0   0x000000fc   Code   RO          257    t._ZN11ArduinoJson9Internals10FloatPartsIfE9normalizeERf  main.o
    0x08008cbc   0x08008cbc   0x000000ec   Code   RO          263    t._ZN11ArduinoJson9Internals10FloatPartsIfEC1Ef  main.o
    0x08008da8   0x08008da8   0x000000f4   Code   RO          438    t._ZN11ArduinoJson9Internals10JsonParserINS0_17CharPointerTraitsIcE6ReaderENS0_12StringWriterIcEEE10parseArrayEv  main.o
    0x08008e9c   0x08008e9c   0x000000aa   Code   RO          450    t._ZN11ArduinoJson9Internals10JsonParserINS0_17CharPointerTraitsIcE6ReaderENS0_12StringWriterIcEEE11parseObjectEv  main.o
    0x08008f46   0x08008f46   0x0000010a   Code   RO          420    t._ZN11ArduinoJson9Internals10JsonParserINS0_17CharPointerTraitsIcE6ReaderENS0_12StringWriterIcEEE11parseStringEv  main.o
    0x08009050   0x08009050   0x00000060   Code   RO          663    t._ZN11ArduinoJson9Internals10JsonParserINS0_17CharPointerTraitsIcE6ReaderENS0_12StringWriterIcEEE13parseStringToEPNS_11JsonVariantE  main.o
    0x080090b0   0x080090b0   0x00000096   Code   RO          444    t._ZN11ArduinoJson9Internals10JsonParserINS0_17CharPointerTraitsIcE6ReaderENS0_12StringWriterIcEEE15parseAnythingToEPNS_11JsonVariantE  main.o
    0x08009146   0x08009146   0x0000002c   Code   RO          414    t._ZN11ArduinoJson9Internals10JsonParserINS0_17CharPointerTraitsIcE6ReaderENS0_12StringWriterIcEEE3eatEc  main.o
    0x08009172   0x08009172   0x00000012   Code   RO          657    t._ZN11ArduinoJson9Internals10JsonParserINS0_17CharPointerTraitsIcE6ReaderENS0_12StringWriterIcEEE7isQuoteEc  main.o
    0x08009184   0x08009184   0x00000012   Code   RO          651    t._ZN11ArduinoJson9Internals10JsonParserINS0_17CharPointerTraitsIcE6ReaderENS0_12StringWriterIcEEE9isBetweenEccc  main.o
    0x08009196   0x08009196   0x0000000e   Code   RO          486    t._ZN11ArduinoJson9Internals10JsonWriterINS0_19StaticStringBuilderEE10writeCommaEv  main.o
    0x080091a4   0x080091a4   0x000001b0   Code   RO          281    t._ZN11ArduinoJson9Internals10JsonWriterINS0_19StaticStringBuilderEE10writeFloatIfEEvT_  main.o
    0x08009354   0x08009354   0x00000074   Code   RO          251    t._ZN11ArduinoJson9Internals10JsonWriterINS0_19StaticStringBuilderEE11writeStringEPKc  main.o
    0x080093c8   0x080093c8   0x0000003a   Code   RO          245    t._ZN11ArduinoJson9Internals10JsonWriterINS0_19StaticStringBuilderEE8writeRawEPKc  main.o
    0x08009402   0x08009402   0x0000002c   Code   RO          239    t._ZN11ArduinoJson9Internals10JsonWriterINS0_19StaticStringBuilderEE8writeRawEc  main.o
    0x0800942e   0x0800942e   0x00000008   Code   RO          558    t._ZN11ArduinoJson9Internals10ValueSaverIPKcvE4saveIS3_EEbPNS_10JsonBufferERT_S3_  main.o
    0x08009436   0x08009436   0x00000010   Code   RO          633    t._ZN11ArduinoJson9Internals10ValueSaverIRKNS_11JsonVariantEvE4saveIS2_EEbPNS_10JsonBufferERT_S4_  main.o
    0x08009446   0x08009446   0x00000002   PAD
    0x08009448   0x08009448   0x0000004c   Code   RO          269    t._ZN11ArduinoJson9Internals10isInfinityIfEEbT_  main.o
    0x08009494   0x08009494   0x00000010   Code   RO          522    t._ZN11ArduinoJson9Internals11FloatTraitsIfLj4EE24positiveBinaryPowerOfTenEi  main.o
    0x080094a4   0x080094a4   0x00000004   Code   RO          675    t._ZN11ArduinoJson9Internals12ListIteratorINS_11JsonVariantEEC1EPNS0_8ListNodeIS2_EE  main.o
    0x080094a8   0x080094a8   0x00000004   Code   RO          540    t._ZN11ArduinoJson9Internals12ListIteratorINS_8JsonPairEEC1EPNS0_8ListNodeIS2_EE  main.o
    0x080094ac   0x080094ac   0x00000008   Code   RO          534    t._ZN11ArduinoJson9Internals12ListIteratorINS_8JsonPairEEptEv  main.o
    0x080094b4   0x080094b4   0x00000010   Code   RO          645    t._ZN11ArduinoJson9Internals12StringWriterIcE6String6appendEc  main.o
    0x080094c4   0x080094c4   0x0000005e   Code   RO          462    t._ZN11ArduinoJson9Internals12parseIntegerIiEET_PKc  main.o
    0x08009522   0x08009522   0x0000003e   Code   RO          456    t._ZN11ArduinoJson9Internals14JsonBufferBaseINS0_20StaticJsonBufferBaseEE11parseObjectIcEERNS_10JsonObjectEPT_h  main.o
    0x08009560   0x08009560   0x000000a0   Code   RO          293    t._ZN11ArduinoJson9Internals14JsonSerializerINS0_10JsonWriterINS0_19StaticStringBuilderEEEE9serializeERKNS_10JsonObjectERS4_  main.o
    0x08009600   0x08009600   0x000000cc   Code   RO          287    t._ZN11ArduinoJson9Internals14JsonSerializerINS0_10JsonWriterINS0_19StaticStringBuilderEEEE9serializeERKNS_11JsonVariantERS4_  main.o
    0x080096cc   0x080096cc   0x00000088   Code   RO          516    t._ZN11ArduinoJson9Internals14JsonSerializerINS0_10JsonWriterINS0_19StaticStringBuilderEEEE9serializeERKNS_9JsonArrayERS4_  main.o
    0x08009754   0x08009754   0x0000000c   Code   RO          576    t._ZN11ArduinoJson9Internals17CharPointerTraitsIKcE7is_nullEPS2_  main.o
    0x08009760   0x08009760   0x00000008   Code   RO          621    t._ZN11ArduinoJson9Internals17CharPointerTraitsIcE6Reader4moveEv  main.o
    0x08009768   0x08009768   0x0000005a   Code   RO          615    t._ZN11ArduinoJson9Internals17JsonParserBuilderINS0_20StaticJsonBufferBaseEPcvE10makeParserEPS2_S3_h  main.o
    0x080097c2   0x080097c2   0x00000004   Code   RO          699    t._ZN11ArduinoJson9Internals17ListConstIteratorINS_11JsonVariantEEC1EPKNS0_8ListNodeIS2_EE  main.o
    0x080097c6   0x080097c6   0x00000004   Code   RO          492    t._ZN11ArduinoJson9Internals17ListConstIteratorINS_8JsonPairEEC1EPKNS0_8ListNodeIS2_EE  main.o
    0x080097ca   0x080097ca   0x00000008   Code   RO          504    t._ZN11ArduinoJson9Internals17ListConstIteratorINS_8JsonPairEEptEv  main.o
    0x080097d2   0x080097d2   0x0000001c   Code   RO          384    t._ZN11ArduinoJson9Internals19JsonObjectSubscriptIPKcEaSIS2_EERS4_PT_  main.o
    0x080097ee   0x080097ee   0x0000001c   Code   RO          360    t._ZN11ArduinoJson9Internals19JsonObjectSubscriptIPKcEaSIiEENS0_8EnableIfIXntsr11ArduinoJson9Internals7IsArrayIT_EE5valueERS4_E4typeERKS7_  main.o
    0x0800980a   0x0800980a   0x0000002e   Code   RO          335    t._ZN11ArduinoJson9Internals21JsonVariantSubscriptsINS0_19JsonObjectSubscriptIPKcEEEixIcEENS0_8EnableIfIXsr11ArduinoJson9Internals12StringTraitsIPKT_vEE10has_equalsENS2_ISB_EEE4typeESB_  main.o
    0x08009838   0x08009838   0x000000b0   Code   RO          408    t._ZN11ArduinoJson9Internals21skipSpacesAndCommentsINS0_17CharPointerTraitsIcE6ReaderEEEvRT_  main.o
    0x080098e8   0x080098e8   0x0000004c   Code   RO          681    t._ZN11ArduinoJson9Internals4ListINS_11JsonVariantEE3addEv  main.o
    0x08009934   0x08009934   0x00000058   Code   RO          348    t._ZN11ArduinoJson9Internals4ListINS_8JsonPairEE3addEv  main.o
    0x0800998c   0x0800998c   0x00000010   Code   RO          546    t._ZN11ArduinoJson9Internals4ListINS_8JsonPairEE3endEv  main.o
    0x0800999c   0x0800999c   0x00000012   Code   RO          275    t._ZN11ArduinoJson9Internals5isNaNIfEEbT_  main.o
    0x080099ae   0x080099ae   0x00000022   Code   RO          468    t._ZN11ArduinoJson9InternalseqIiEEbRKNS0_22JsonVariantComparisonsINS0_19JsonObjectSubscriptIPKcEEEET_  main.o
    0x080099d0   0x080099d0   0x0000001e   Code   RO          329    t._ZNK11ArduinoJson10JsonObject7findKeyIPKcEENS_9Internals17ListConstIteratorINS_8JsonPairEEET_  main.o
    0x080099ee   0x080099ee   0x00000048   Code   RO          552    t._ZNK11ArduinoJson10JsonObject8get_implIPKcS0_EENS_9Internals13JsonVariantAsIT0_E4typeET_  main.o
    0x08009a36   0x08009a36   0x00000002   PAD
    0x08009a38   0x08009a38   0x00000068   Code   RO          609    t._ZNK11ArduinoJson10JsonObject8get_implIPKcS3_EENS_9Internals13JsonVariantAsIT0_E4typeET_  main.o
    0x08009aa0   0x08009aa0   0x00000070   Code   RO          717    t._ZNK11ArduinoJson10JsonObject8get_implIPKciEENS_9Internals13JsonVariantAsIT0_E4typeET_  main.o
    0x08009b10   0x08009b10   0x00000012   Code   RO          564    t._ZNK11ArduinoJson9Internals12ListIteratorINS_8JsonPairEEeqERKS3_  main.o
    0x08009b22   0x08009b22   0x00000040   Code   RO          299    t._ZNK11ArduinoJson9Internals13JsonPrintableINS_10JsonObjectEE7printToEPcj  main.o
    0x08009b62   0x08009b62   0x00000012   Code   RO          693    t._ZNK11ArduinoJson9Internals16JsonVariantCastsINS0_19JsonObjectSubscriptIPKcEEEcvT_IiEEv  main.o
    0x08009b74   0x08009b74   0x00000008   Code   RO          627    t._ZNK11ArduinoJson9Internals17CharPointerTraitsIcE6Reader7currentEv  main.o
    0x08009b7c   0x08009b7c   0x00000012   Code   RO          528    t._ZNK11ArduinoJson9Internals17ListConstIteratorINS_8JsonPairEEneERKS3_  main.o
    0x08009b8e   0x08009b8e   0x00000012   Code   RO          687    t._ZNK11ArduinoJson9Internals19JsonObjectSubscriptIPKcE2asIiEENS0_13JsonVariantAsIT_E4typeEv  main.o
    0x08009ba0   0x08009ba0   0x00000010   Code   RO          705    t._ZNK11ArduinoJson9Internals4ListINS_11JsonVariantEE3endEv  main.o
    0x08009bb0   0x08009bb0   0x0000000e   Code   RO          669    t._ZNK11ArduinoJson9Internals4ListINS_11JsonVariantEE7successEv  main.o
    0x08009bbe   0x08009bbe   0x00000010   Code   RO          498    t._ZNK11ArduinoJson9Internals4ListINS_8JsonPairEE3endEv  main.o
    0x08009bce   0x08009bce   0x0000000e   Code   RO          582    t._ZNK11ArduinoJson9Internals4ListINS_8JsonPairEE7successEv  main.o
    0x08009bdc   0x08009bdc   0x00000048   Data   RO         5903    .constdata          system_stm32l4xx.o
    0x08009c24   0x08009c24   0x00000030   Data   RO         6152    .constdata          md_wrap.o
    0x08009c54   0x08009c54   0x0000000c   Data   RO          724    .constdata__ZTVN11ArduinoJson10JsonBufferE  main.o
    0x08009c60   0x08009c60   0x0000000c   Data   RO          730    .constdata__ZTVN11ArduinoJson16StaticJsonBufferILj200EEE  main.o
    0x08009c6c   0x08009c6c   0x0000000c   Data   RO          732    .constdata__ZTVN11ArduinoJson16StaticJsonBufferILj400EEE  main.o
    0x08009c78   0x08009c78   0x0000000c   Data   RO          726    .constdata__ZTVN11ArduinoJson9Internals14JsonBufferBaseINS0_20StaticJsonBufferBaseEEE  main.o
    0x08009c84   0x08009c84   0x0000000c   Data   RO          728    .constdata__ZTVN11ArduinoJson9Internals20StaticJsonBufferBaseE  main.o
    0x08009c90   0x08009c90   0x00000004   Data   RO          234    .constdata__ZZN11ArduinoJson9Internals10JsonWriterINS0_19StaticStringBuilderEE10writeFloatIfEEvT_Es  main.o
    0x08009c94   0x08009c94   0x00000009   Data   RO          235    .constdata__ZZN11ArduinoJson9Internals10JsonWriterINS0_19StaticStringBuilderEE10writeFloatIfEEvT_Es_0  main.o
    0x08009c9d   0x08009c9d   0x00000003   Data   RO          236    .constdata__ZZN11ArduinoJson9Internals10JsonWriterINS0_19StaticStringBuilderEE10writeFloatIfEEvT_Es_1  main.o
    0x08009ca0   0x08009ca0   0x00000005   Data   RO          233    .constdata__ZZN11ArduinoJson9Internals10JsonWriterINS0_19StaticStringBuilderEE11writeStringEPKcEs  main.o
    0x08009ca5   0x08009ca5   0x00000005   Data   RO          237    .constdata__ZZN11ArduinoJson9Internals10JsonWriterINS0_19StaticStringBuilderEE12writeBooleanEbEs  main.o
    0x08009caa   0x08009caa   0x00000006   Data   RO          238    .constdata__ZZN11ArduinoJson9Internals10JsonWriterINS0_19StaticStringBuilderEE12writeBooleanEbEs_0  main.o
    0x08009cb0   0x08009cb0   0x00000001   Data   RO          232    .constdata__ZZN11ArduinoJson9Internals17CharPointerTraitsIcE6ReaderC1EPKcEs  main.o
    0x08009cb1   0x08009cb1   0x0000000f   Data   RO          230    .constdata__ZZN11ArduinoJson9Internals8Encoding11escapeTableEbEs  main.o
    0x08009cc0   0x08009cc0   0x00000005   Data   RO          231    .constdata__ZZNK11ArduinoJson11JsonVariant15variantAsStringEvEs  main.o
    0x08009cc5   0x08009cc5   0x00000003   PAD
    0x08009cc8   0x08009cc8   0x00000326   Data   RO         1777    .conststring        emw3080.o
    0x08009fee   0x08009fee   0x00000002   PAD
    0x08009ff0   0x08009ff0   0x00000005   Data   RO         6153    .conststring        md_wrap.o
    0x08009ff5   0x08009ff5   0x00000003   PAD
    0x08009ff8   0x08009ff8   0x00000020   Data   RO         6978    Region$$Table       anon$$obj.o


    Execution Region RW_IRAM1 (Exec base: 0x20000000, Load base: 0x0800a018, Size: 0x000042f8, Max: 0x00018000, ABSOLUTE, COMPRESSED[0x000000ac])

    Exec Addr    Load Addr    Size         Type   Attr      Idx    E Section Name        Object

    0x20000000   COMPRESSED   0x00000032   Data   RW          170    .data               main.o
    0x20000032   COMPRESSED   0x00000002   PAD
    0x20000034   COMPRESSED   0x0000006c   Data   RW         1778    .data               emw3080.o
    0x200000a0   COMPRESSED   0x00000014   Data   RW         2140    .data               usart.o
    0x200000b4   COMPRESSED   0x00000004   PAD
    0x200000b8   COMPRESSED   0x00000020   Data   RW         2383    .data               dobot.o
    0x200000d8   COMPRESSED   0x0000000c   Data   RW         3960    .data               stm32l4xx_hal.o
    0x200000e4   COMPRESSED   0x00000004   Data   RW         5904    .data               system_stm32l4xx.o
    0x200000e8   COMPRESSED   0x00000004   Data   RW         6123    .data               platform_util.o
    0x200000ec   COMPRESSED   0x00000004   Data   RW         6931    .data               mc_w.l(stdout.o)
    0x200000f0   COMPRESSED   0x00000004   Data   RW         6938    .data               mc_w.l(mvars.o)
    0x200000f4   COMPRESSED   0x00000004   Data   RW         6939    .data               mc_w.l(mvars.o)
    0x200000f8   COMPRESSED   0x0000000c   Data   RW          734    .data__ZZN11ArduinoJson10JsonObject7invalidEvE8instance  main.o
    0x20000104   COMPRESSED   0x00000018   Data   RW          736    .data__ZZN11ArduinoJson9Internals11FloatTraitsIfLj4EE24negativeBinaryPowerOfTenEiE7factors  main.o
    0x2000011c   COMPRESSED   0x00000018   Data   RW          735    .data__ZZN11ArduinoJson9Internals11FloatTraitsIfLj4EE24positiveBinaryPowerOfTenEiE7factors  main.o
    0x20000134   COMPRESSED   0x00000018   Data   RW          737    .data__ZZN11ArduinoJson9Internals11FloatTraitsIfLj4EE31negativeBinaryPowerOfTenPlusOneEiE7factors  main.o
    0x2000014c   COMPRESSED   0x0000000c   Data   RW          733    .data__ZZN11ArduinoJson9JsonArray7invalidEvE8instance  main.o
    0x20000158        -       0x00000320   Zero   RW          169    .bss                main.o
    0x20000478        -       0x000001bc   Zero   RW         1776    .bss                emw3080.o
    0x20000634        -       0x000000c0   Zero   RW         2065    .bss                tim.o
    0x200006f4        -       0x00000840   Zero   RW         2139    .bss                usart.o
    0x20000f34        -       0x00000041   Zero   RW         2382    .bss                dobot.o
    0x20000f75        -       0x00002d7f   Zero   RW         6040    .bss                protocol.o
    0x20003cf4   COMPRESSED   0x00000004   PAD
    0x20003cf8        -       0x00000200   Zero   RW            2    HEAP                startup_stm32l476xx.o
    0x20003ef8        -       0x00000400   Zero   RW            1    STACK               startup_stm32l476xx.o


==============================================================================

Image component sizes


      Code (inc. data)   RO Data    RW Data    ZI Data      Debug   Object Name

       284         22          0          0          0      11253   command.o
      1744        320          0         32         65       5289   dobot.o
      3272       1962        806        108        444     833886   emw3080.o
       332         16          0          0          0       1095   gpio.o
       254         10          0          0          0       2028   hmac_sha1.o
      9436       1200        113        146        800     958342   main.o
       540         26          0          0          0       7202   md.o
       122          0         53          0          0       6400   md_wrap.o
       186          0          0          0          0       6693   message.o
       568          0          0          0          0       6073   packet.o
        24          4          0          4          0       1223   platform_util.o
       128         34          0          0      11647       4388   protocol.o
       226          0          0          0          0       4232   ringbuffer.o
      6242         36          0          0          0       8114   sha1.o
        36          8        392          0       1536        824   startup_stm32l476xx.o
       194         32          0         12          0       4185   stm32l4xx_hal.o
       310         22          0          0          0      34355   stm32l4xx_hal_cortex.o
        92          0          0          0          0       1031   stm32l4xx_hal_dma.o
       554         40          0          0          0       2903   stm32l4xx_hal_gpio.o
        64          6          0          0          0        794   stm32l4xx_hal_msp.o
       156         18          0          0          0       1326   stm32l4xx_hal_pwr_ex.o
      2532        108          0          0          0       7152   stm32l4xx_hal_rcc.o
      1988         48          0          0          0       3880   stm32l4xx_hal_rcc_ex.o
      2612        218          0          0          0      16694   stm32l4xx_hal_tim.o
       126         10          0          0          0       2996   stm32l4xx_hal_tim_ex.o
      3134         74          0          0          0      13617   stm32l4xx_hal_uart.o
         2          0          0          0          0        932   stm32l4xx_hal_uart_ex.o
       138         36          0          0          0       7300   stm32l4xx_it.o
        80         12         72          4          0       1173   system_stm32l4xx.o
       496         38          0          0        192       3485   tim.o
      1384        176          0         20       2112       8594   usart.o

    ----------------------------------------------------------------------
     37300       4476       1476        332      16800    1967459   Object Totals
         0          0         32          0          0          0   (incl. Generated)
        44          0          8          6          4          0   (incl. Padding)

    ----------------------------------------------------------------------

      Code (inc. data)   RO Data    RW Data    ZI Data      Debug   Library Member Name

        16          0          0          0          0         68   cxa_guard_acquire.o
         6          0          0          0          0         68   pure_virt.o
        86          0          0          0          0          0   __dczerorl2.o
        28          0          0          0          0         76   calloc.o
         2          0          0          0          0         68   cpp_signal.o
         0          0          0          0          0          0   entry.o
         0          0          0          0          0          0   entry10a.o
         0          0          0          0          0          0   entry11a.o
         8          4          0          0          0          0   entry2.o
         4          0          0          0          0          0   entry5.o
         0          0          0          0          0          0   entry7b.o
         0          0          0          0          0          0   entry8b.o
         8          4          0          0          0          0   entry9a.o
        30          0          0          0          0          0   handlers.o
        36          8          0          0          0         68   init.o
         0          0          0          0          0          0   iusefp.o
        30          0          0          0          0         68   llshl.o
        32          0          0          0          0         68   llushr.o
       188         20          0          0          0        160   malloc.o
        36          0          0          0          0         68   memcpya.o
        36          0          0          0          0        108   memseta.o
         0          0          0          8          0          0   mvars.o
      1280         64          0          0          0        656   printf8.o
         0          0          0          4          0          0   stdout.o
        24          0          0          0          0         68   strcat.o
        20          0          0          0          0         68   strchr.o
        28          0          0          0          0         76   strcmp.o
        18          0          0          0          0         68   strcpy.o
        14          0          0          0          0         68   strlen.o
        36          0          0          0          0         80   strstr.o
       104          0          0          0          0         92   uldiv.o
        48          0          0          0          0         68   cdcmple.o
        48          0          0          0          0         68   cdrcmple.o
        38          0          0          0          0         68   f2d.o

    ----------------------------------------------------------------------
      2208        100          0         12          0       2200   Library Totals
         4          0          0          0          0          0   (incl. Padding)

    ----------------------------------------------------------------------

      Code (inc. data)   RO Data    RW Data    ZI Data      Debug   Library Name

        22          0          0          0          0        136   cpprt_w.l
      2048        100          0         12          0       1860   mc_w.l
       134          0          0          0          0        204   mf_w.l

    ----------------------------------------------------------------------
      2208        100          0         12          0       2200   Library Totals

    ----------------------------------------------------------------------

==============================================================================


      Code (inc. data)   RO Data    RW Data    ZI Data      Debug   

     39508       4576       1476        344      16800    1944895   Grand Totals
     39508       4576       1476        172      16800    1944895   ELF Image Totals (compressed)
     39508       4576       1476        172          0          0   ROM Totals

==============================================================================

    Total RO  Size (Code + RO Data)                40984 (  40.02kB)
    Total RW  Size (RW Data + ZI Data)             17144 (  16.74kB)
    Total ROM Size (Code + RO Data + RW Data)      41156 (  40.19kB)

==============================================================================

